Archive member included to satisfy reference by file (symbol)

c:/st/stm32cubeide_1.6.1/stm32cubeide/plugins/com.st.stm32cube.ide.mcu.externaltools.gnu-tools-for-stm32.9-2020-q2-update.win32_1.5.0.202011040924/tools/bin/../lib/gcc/arm-none-eabi/9.3.1/../../../../arm-none-eabi/lib/thumb/v7-m/nofp\libc_nano.a(lib_a-errno.o)
                              Core/Src/syscalls.o (__errno)
c:/st/stm32cubeide_1.6.1/stm32cubeide/plugins/com.st.stm32cube.ide.mcu.externaltools.gnu-tools-for-stm32.9-2020-q2-update.win32_1.5.0.202011040924/tools/bin/../lib/gcc/arm-none-eabi/9.3.1/../../../../arm-none-eabi/lib/thumb/v7-m/nofp\libc_nano.a(lib_a-exit.o)
                              c:/st/stm32cubeide_1.6.1/stm32cubeide/plugins/com.st.stm32cube.ide.mcu.externaltools.gnu-tools-for-stm32.9-2020-q2-update.win32_1.5.0.202011040924/tools/bin/../lib/gcc/arm-none-eabi/9.3.1/../../../../arm-none-eabi/lib/thumb/v7-m/nofp/crt0.o (exit)
c:/st/stm32cubeide_1.6.1/stm32cubeide/plugins/com.st.stm32cube.ide.mcu.externaltools.gnu-tools-for-stm32.9-2020-q2-update.win32_1.5.0.202011040924/tools/bin/../lib/gcc/arm-none-eabi/9.3.1/../../../../arm-none-eabi/lib/thumb/v7-m/nofp\libc_nano.a(lib_a-impure.o)
                              c:/st/stm32cubeide_1.6.1/stm32cubeide/plugins/com.st.stm32cube.ide.mcu.externaltools.gnu-tools-for-stm32.9-2020-q2-update.win32_1.5.0.202011040924/tools/bin/../lib/gcc/arm-none-eabi/9.3.1/../../../../arm-none-eabi/lib/thumb/v7-m/nofp\libc_nano.a(lib_a-exit.o) (_global_impure_ptr)
c:/st/stm32cubeide_1.6.1/stm32cubeide/plugins/com.st.stm32cube.ide.mcu.externaltools.gnu-tools-for-stm32.9-2020-q2-update.win32_1.5.0.202011040924/tools/bin/../lib/gcc/arm-none-eabi/9.3.1/../../../../arm-none-eabi/lib/thumb/v7-m/nofp\libc_nano.a(lib_a-init.o)
                              c:/st/stm32cubeide_1.6.1/stm32cubeide/plugins/com.st.stm32cube.ide.mcu.externaltools.gnu-tools-for-stm32.9-2020-q2-update.win32_1.5.0.202011040924/tools/bin/../lib/gcc/arm-none-eabi/9.3.1/../../../../arm-none-eabi/lib/thumb/v7-m/nofp/crt0.o (__libc_init_array)
c:/st/stm32cubeide_1.6.1/stm32cubeide/plugins/com.st.stm32cube.ide.mcu.externaltools.gnu-tools-for-stm32.9-2020-q2-update.win32_1.5.0.202011040924/tools/bin/../lib/gcc/arm-none-eabi/9.3.1/../../../../arm-none-eabi/lib/thumb/v7-m/nofp\libc_nano.a(lib_a-memcpy-stub.o)
                              Middlewares/Third_Party/FreeRTOS/Source/CMSIS_RTOS_V2/cmsis_os2.o (memcpy)
c:/st/stm32cubeide_1.6.1/stm32cubeide/plugins/com.st.stm32cube.ide.mcu.externaltools.gnu-tools-for-stm32.9-2020-q2-update.win32_1.5.0.202011040924/tools/bin/../lib/gcc/arm-none-eabi/9.3.1/../../../../arm-none-eabi/lib/thumb/v7-m/nofp\libc_nano.a(lib_a-memset.o)
                              c:/st/stm32cubeide_1.6.1/stm32cubeide/plugins/com.st.stm32cube.ide.mcu.externaltools.gnu-tools-for-stm32.9-2020-q2-update.win32_1.5.0.202011040924/tools/bin/../lib/gcc/arm-none-eabi/9.3.1/../../../../arm-none-eabi/lib/thumb/v7-m/nofp/crt0.o (memset)

Allocating common symbols
Common symbol       size              file

hUsbDeviceFS        0x2c4             USB_DEVICE/App/usb_device.o
defaultTaskHandle   0x4               Core/Src/main.o
globalState         0x4               Core/Src/processRecord/processRecord.o
uwTick              0x4               Drivers/STM32F1xx_HAL_Driver/Src/stm32f1xx_hal.o
xQueueRegistry      0x40              Middlewares/Third_Party/FreeRTOS/Source/queue.o
pFlash              0x20              Drivers/STM32F1xx_HAL_Driver/Src/stm32f1xx_hal_flash.o
keyboardRecordQueueHandle
                    0x4               Core/Src/main.o
processRecordHandle
                    0x4               Core/Src/main.o
hpcd_USB_FS         0x2ec             USB_DEVICE/Target/usbd_conf.o
USBD_StrDesc        0x200             USB_DEVICE/App/usbd_desc.o
kbdMatrixReadHandle
                    0x4               Core/Src/main.o

Discarded input sections

 .text          0x0000000000000000        0x0 c:/st/stm32cubeide_1.6.1/stm32cubeide/plugins/com.st.stm32cube.ide.mcu.externaltools.gnu-tools-for-stm32.9-2020-q2-update.win32_1.5.0.202011040924/tools/bin/../lib/gcc/arm-none-eabi/9.3.1/thumb/v7-m/nofp/crti.o
 .data          0x0000000000000000        0x0 c:/st/stm32cubeide_1.6.1/stm32cubeide/plugins/com.st.stm32cube.ide.mcu.externaltools.gnu-tools-for-stm32.9-2020-q2-update.win32_1.5.0.202011040924/tools/bin/../lib/gcc/arm-none-eabi/9.3.1/thumb/v7-m/nofp/crti.o
 .bss           0x0000000000000000        0x0 c:/st/stm32cubeide_1.6.1/stm32cubeide/plugins/com.st.stm32cube.ide.mcu.externaltools.gnu-tools-for-stm32.9-2020-q2-update.win32_1.5.0.202011040924/tools/bin/../lib/gcc/arm-none-eabi/9.3.1/thumb/v7-m/nofp/crti.o
 .data          0x0000000000000000        0x4 c:/st/stm32cubeide_1.6.1/stm32cubeide/plugins/com.st.stm32cube.ide.mcu.externaltools.gnu-tools-for-stm32.9-2020-q2-update.win32_1.5.0.202011040924/tools/bin/../lib/gcc/arm-none-eabi/9.3.1/thumb/v7-m/nofp/crtbegin.o
[...]
Memory Configuration

Name             Origin             Length             Attributes
RAM              0x0000000020000000 0x0000000000005000 xrw
FLASH            0x0000000008000000 0x0000000000010000 xr
*default*        0x0000000000000000 0xffffffffffffffff

Linker script and memory map

LOAD c:/st/stm32cubeide_1.6.1/stm32cubeide/plugins/com.st.stm32cube.ide.mcu.externaltools.gnu-tools-for-stm32.9-2020-q2-update.win32_1.5.0.202011040924/tools/bin/../lib/gcc/arm-none-eabi/9.3.1/thumb/v7-m/nofp/crti.o
LOAD c:/st/stm32cubeide_1.6.1/stm32cubeide/plugins/com.st.stm32cube.ide.mcu.externaltools.gnu-tools-for-stm32.9-2020-q2-update.win32_1.5.0.202011040924/tools/bin/../lib/gcc/arm-none-eabi/9.3.1/thumb/v7-m/nofp/crtbegin.o
LOAD c:/st/stm32cubeide_1.6.1/stm32cubeide/plugins/com.st.stm32cube.ide.mcu.externaltools.gnu-tools-for-stm32.9-2020-q2-update.win32_1.5.0.202011040924/tools/bin/../lib/gcc/arm-none-eabi/9.3.1/../../../../arm-none-eabi/lib/thumb/v7-m/nofp/crt0.o
LOAD Core/Src/freertos.o
LOAD Core/Src/main.o
LOAD Core/Src/stm32f1xx_hal_msp.o
LOAD Core/Src/stm32f1xx_it.o
LOAD Core/Src/syscalls.o
LOAD Core/Src/sysmem.o
LOAD Core/Src/system_stm32f1xx.o
LOAD Core/Src/kbdMatrixRead/kbdRecord.o
LOAD Core/Src/kbdMatrixRead/matrixRead.o
LOAD Core/Src/processRecord/processRecord.o
LOAD Core/Startup/startup_stm32f103c8tx.o
LOAD Drivers/STM32F1xx_HAL_Driver/Src/stm32f1xx_hal.o
LOAD Drivers/STM32F1xx_HAL_Driver/Src/stm32f1xx_hal_cortex.o
LOAD Drivers/STM32F1xx_HAL_Driver/Src/stm32f1xx_hal_dma.o
LOAD Drivers/STM32F1xx_HAL_Driver/Src/stm32f1xx_hal_exti.o
LOAD Drivers/STM32F1xx_HAL_Driver/Src/stm32f1xx_hal_flash.o
LOAD Drivers/STM32F1xx_HAL_Driver/Src/stm32f1xx_hal_flash_ex.o
LOAD Drivers/STM32F1xx_HAL_Driver/Src/stm32f1xx_hal_gpio.o
LOAD Drivers/STM32F1xx_HAL_Driver/Src/stm32f1xx_hal_gpio_ex.o
LOAD Drivers/STM32F1xx_HAL_Driver/Src/stm32f1xx_hal_pcd.o
LOAD Drivers/STM32F1xx_HAL_Driver/Src/stm32f1xx_hal_pcd_ex.o
LOAD Drivers/STM32F1xx_HAL_Driver/Src/stm32f1xx_hal_pwr.o
LOAD Drivers/STM32F1xx_HAL_Driver/Src/stm32f1xx_hal_rcc.o
LOAD Drivers/STM32F1xx_HAL_Driver/Src/stm32f1xx_hal_rcc_ex.o
LOAD Drivers/STM32F1xx_HAL_Driver/Src/stm32f1xx_hal_tim.o
LOAD Drivers/STM32F1xx_HAL_Driver/Src/stm32f1xx_hal_tim_ex.o
LOAD Drivers/STM32F1xx_HAL_Driver/Src/stm32f1xx_ll_usb.o
LOAD Middlewares/ST/STM32_USB_Device_Library/Class/HID/Src/usbd_hid.o
LOAD Middlewares/ST/STM32_USB_Device_Library/Core/Src/usbd_core.o
LOAD Middlewares/ST/STM32_USB_Device_Library/Core/Src/usbd_ctlreq.o
LOAD Middlewares/ST/STM32_USB_Device_Library/Core/Src/usbd_ioreq.o
LOAD Middlewares/Third_Party/FreeRTOS/Source/CMSIS_RTOS_V2/cmsis_os2.o
LOAD Middlewares/Third_Party/FreeRTOS/Source/croutine.o
LOAD Middlewares/Third_Party/FreeRTOS/Source/event_groups.o
LOAD Middlewares/Third_Party/FreeRTOS/Source/list.o
LOAD Middlewares/Third_Party/FreeRTOS/Source/queue.o
LOAD Middlewares/Third_Party/FreeRTOS/Source/stream_buffer.o
LOAD Middlewares/Third_Party/FreeRTOS/Source/tasks.o
LOAD Middlewares/Third_Party/FreeRTOS/Source/timers.o
LOAD Middlewares/Third_Party/FreeRTOS/Source/portable/GCC/ARM_CM3/port.o
LOAD Middlewares/Third_Party/FreeRTOS/Source/portable/MemMang/heap_4.o
LOAD USB_DEVICE/App/usb_device.o
LOAD USB_DEVICE/App/usbd_desc.o
LOAD USB_DEVICE/Target/usbd_conf.o
START GROUP
LOAD c:/st/stm32cubeide_1.6.1/stm32cubeide/plugins/com.st.stm32cube.ide.mcu.externaltools.gnu-tools-for-stm32.9-2020-q2-update.win32_1.5.0.202011040924/tools/bin/../lib/gcc/arm-none-eabi/9.3.1/../../../../arm-none-eabi/lib/thumb/v7-m/nofp\libc_nano.a
LOAD c:/st/stm32cubeide_1.6.1/stm32cubeide/plugins/com.st.stm32cube.ide.mcu.externaltools.gnu-tools-for-stm32.9-2020-q2-update.win32_1.5.0.202011040924/tools/bin/../lib/gcc/arm-none-eabi/9.3.1/../../../../arm-none-eabi/lib/thumb/v7-m/nofp\libm.a
END GROUP
START GROUP
LOAD c:/st/stm32cubeide_1.6.1/stm32cubeide/plugins/com.st.stm32cube.ide.mcu.externaltools.gnu-tools-for-stm32.9-2020-q2-update.win32_1.5.0.202011040924/tools/bin/../lib/gcc/arm-none-eabi/9.3.1/thumb/v7-m/nofp\libgcc.a
LOAD c:/st/stm32cubeide_1.6.1/stm32cubeide/plugins/com.st.stm32cube.ide.mcu.externaltools.gnu-tools-for-stm32.9-2020-q2-update.win32_1.5.0.202011040924/tools/bin/../lib/gcc/arm-none-eabi/9.3.1/../../../../arm-none-eabi/lib/thumb/v7-m/nofp\libc_nano.a
END GROUP
START GROUP
LOAD c:/st/stm32cubeide_1.6.1/stm32cubeide/plugins/com.st.stm32cube.ide.mcu.externaltools.gnu-tools-for-stm32.9-2020-q2-update.win32_1.5.0.202011040924/tools/bin/../lib/gcc/arm-none-eabi/9.3.1/thumb/v7-m/nofp\libgcc.a
LOAD c:/st/stm32cubeide_1.6.1/stm32cubeide/plugins/com.st.stm32cube.ide.mcu.externaltools.gnu-tools-for-stm32.9-2020-q2-update.win32_1.5.0.202011040924/tools/bin/../lib/gcc/arm-none-eabi/9.3.1/../../../../arm-none-eabi/lib/thumb/v7-m/nofp\libc_nano.a
LOAD c:/st/stm32cubeide_1.6.1/stm32cubeide/plugins/com.st.stm32cube.ide.mcu.externaltools.gnu-tools-for-stm32.9-2020-q2-update.win32_1.5.0.202011040924/tools/bin/../lib/gcc/arm-none-eabi/9.3.1/../../../../arm-none-eabi/lib/thumb/v7-m/nofp\libnosys.a
END GROUP
START GROUP
LOAD c:/st/stm32cubeide_1.6.1/stm32cubeide/plugins/com.st.stm32cube.ide.mcu.externaltools.gnu-tools-for-stm32.9-2020-q2-update.win32_1.5.0.202011040924/tools/bin/../lib/gcc/arm-none-eabi/9.3.1/thumb/v7-m/nofp\libgcc.a
LOAD c:/st/stm32cubeide_1.6.1/stm32cubeide/plugins/com.st.stm32cube.ide.mcu.externaltools.gnu-tools-for-stm32.9-2020-q2-update.win32_1.5.0.202011040924/tools/bin/../lib/gcc/arm-none-eabi/9.3.1/../../../../arm-none-eabi/lib/thumb/v7-m/nofp\libc_nano.a
LOAD c:/st/stm32cubeide_1.6.1/stm32cubeide/plugins/com.st.stm32cube.ide.mcu.externaltools.gnu-tools-for-stm32.9-2020-q2-update.win32_1.5.0.202011040924/tools/bin/../lib/gcc/arm-none-eabi/9.3.1/../../../../arm-none-eabi/lib/thumb/v7-m/nofp\libnosys.a
END GROUP
LOAD c:/st/stm32cubeide_1.6.1/stm32cubeide/plugins/com.st.stm32cube.ide.mcu.externaltools.gnu-tools-for-stm32.9-2020-q2-update.win32_1.5.0.202011040924/tools/bin/../lib/gcc/arm-none-eabi/9.3.1/thumb/v7-m/nofp/crtend.o
LOAD c:/st/stm32cubeide_1.6.1/stm32cubeide/plugins/com.st.stm32cube.ide.mcu.externaltools.gnu-tools-for-stm32.9-2020-q2-update.win32_1.5.0.202011040924/tools/bin/../lib/gcc/arm-none-eabi/9.3.1/thumb/v7-m/nofp/crtn.o
                0x0000000020005000                _estack = (ORIGIN (RAM) + LENGTH (RAM))
                0x0000000000000200                _Min_Heap_Size = 0x200
                0x0000000000000400                _Min_Stack_Size = 0x400

.isr_vector     0x0000000008000000      0x10c
                0x0000000008000000                . = ALIGN (0x4)
 *(.isr_vector)
 .isr_vector    0x0000000008000000      0x10c Core/Startup/startup_stm32f103c8tx.o
                0x0000000008000000                g_pfnVectors
                0x000000000800010c                . = ALIGN (0x4)

.text           0x0000000008000110     0xa07c
                0x0000000008000110                . = ALIGN (0x4)
 *(.text)
 .text          0x0000000008000110       0x40 c:/st/stm32cubeide_1.6.1/stm32cubeide/plugins/com.st.stm32cube.ide.mcu.externaltools.gnu-tools-for-stm32.9-2020-q2-update.win32_1.5.0.202011040924/tools/bin/../lib/gcc/arm-none-eabi/9.3.1/thumb/v7-m/nofp/crtbegin.o
 *(.text*)
 .text.main     0x0000000008000150       0x88 Core/Src/main.o
                0x0000000008000150                main
 .text.SystemClock_Config
                0x00000000080001d8       0xb6 Core/Src/main.o
                0x00000000080001d8                SystemClock_Config
 *fill*         0x000000000800028e        0x2 
 .text.MX_GPIO_Init
                0x0000000008000290       0xf4 Core/Src/main.o
 .text.StartDefaultTask
                0x0000000008000384       0x14 Core/Src/main.o
                0x0000000008000384                StartDefaultTask
 .text.StartTask_kbdMatrixRead
                0x0000000008000398       0x14 Core/Src/main.o
                0x0000000008000398                StartTask_kbdMatrixRead
 .text.StartTask_processRecord
                0x00000000080003ac       0x14 Core/Src/main.o
                0x00000000080003ac                StartTask_processRecord
 .text.Error_Handler
                0x00000000080003c0        0xa Core/Src/main.o
                0x00000000080003c0                Error_Handler
 *fill*         0x00000000080003ca        0x2 
 .text.HAL_MspInit
                0x00000000080003cc       0x70 Core/Src/stm32f1xx_hal_msp.o
                0x00000000080003cc                HAL_MspInit
 .text.NMI_Handler
                0x000000000800043c        0x6 Core/Src/stm32f1xx_it.o
                0x000000000800043c                NMI_Handler
 .text.HardFault_Handler
                0x0000000008000442        0x6 Core/Src/stm32f1xx_it.o
                0x0000000008000442                HardFault_Handler
 .text.MemManage_Handler
                0x0000000008000448        0x6 Core/Src/stm32f1xx_it.o
                0x0000000008000448                MemManage_Handler
 .text.BusFault_Handler
                0x000000000800044e        0x6 Core/Src/stm32f1xx_it.o
                0x000000000800044e                BusFault_Handler
 .text.UsageFault_Handler
                0x0000000008000454        0x6 Core/Src/stm32f1xx_it.o
                0x0000000008000454                UsageFault_Handler
 .text.DebugMon_Handler
                0x000000000800045a        0xc Core/Src/stm32f1xx_it.o
                0x000000000800045a                DebugMon_Handler
 .text.SysTick_Handler
                0x0000000008000466       0x1a Core/Src/stm32f1xx_it.o
                0x0000000008000466                SysTick_Handler
 .text.USB_LP_CAN1_RX0_IRQHandler
                0x0000000008000480       0x14 Core/Src/stm32f1xx_it.o
                0x0000000008000480                USB_LP_CAN1_RX0_IRQHandler
 .text.SystemInit
                0x0000000008000494        0xc Core/Src/system_stm32f1xx.o
                0x0000000008000494                SystemInit
 .text.kbdRecord
                0x00000000080004a0      0x228 Core/Src/kbdMatrixRead/kbdRecord.o
                0x00000000080004a0                kbdRecord
 .text.kbdMatrixRead
                0x00000000080006c8       0x84 Core/Src/kbdMatrixRead/kbdRecord.o
                0x00000000080006c8                kbdMatrixRead
 .text.isValueInArray
                0x000000000800074c       0x46 Core/Src/kbdMatrixRead/kbdRecord.o
                0x000000000800074c                isValueInArray
 *fill*         0x0000000008000792        0x2 
 .text.bWriteColumnState
                0x0000000008000794       0xc4 Core/Src/kbdMatrixRead/matrixRead.o
                0x0000000008000794                bWriteColumnState
 .text.bReadRowState
                0x0000000008000858       0xd0 Core/Src/kbdMatrixRead/matrixRead.o
                0x0000000008000858                bReadRowState
 .text.ReadMatrixState
                0x0000000008000928       0xa4 Core/Src/kbdMatrixRead/matrixRead.o
                0x0000000008000928                ReadMatrixState
 .text.processRecord
                0x00000000080009cc      0x450 Core/Src/processRecord/processRecord.o
                0x00000000080009cc                processRecord
 .text.Reset_Handler
                0x0000000008000e1c       0x48 Core/Startup/startup_stm32f103c8tx.o
                0x0000000008000e1c                Reset_Handler
 .text.Default_Handler
                0x0000000008000e64        0x2 Core/Startup/startup_stm32f103c8tx.o
                0x0000000008000e64                RTC_Alarm_IRQHandler
                0x0000000008000e64                EXTI2_IRQHandler
                0x0000000008000e64                TIM1_CC_IRQHandler
                0x0000000008000e64                PVD_IRQHandler
                0x0000000008000e64                EXTI3_IRQHandler
                0x0000000008000e64                EXTI0_IRQHandler
                0x0000000008000e64                I2C2_EV_IRQHandler
                0x0000000008000e64                ADC1_2_IRQHandler
                0x0000000008000e64                SPI1_IRQHandler
                0x0000000008000e64                TAMPER_IRQHandler
                0x0000000008000e64                DMA1_Channel4_IRQHandler
                0x0000000008000e64                USART3_IRQHandler
                0x0000000008000e64                RTC_IRQHandler
                0x0000000008000e64                DMA1_Channel7_IRQHandler
                0x0000000008000e64                CAN1_RX1_IRQHandler
                0x0000000008000e64                TIM4_IRQHandler
                0x0000000008000e64                I2C1_EV_IRQHandler
                0x0000000008000e64                DMA1_Channel6_IRQHandler
                0x0000000008000e64                TIM3_IRQHandler
                0x0000000008000e64                RCC_IRQHandler
                0x0000000008000e64                TIM1_TRG_COM_IRQHandler
                0x0000000008000e64                DMA1_Channel1_IRQHandler
                0x0000000008000e64                Default_Handler
                0x0000000008000e64                EXTI15_10_IRQHandler
                0x0000000008000e64                EXTI9_5_IRQHandler
                0x0000000008000e64                SPI2_IRQHandler
                0x0000000008000e64                DMA1_Channel5_IRQHandler
                0x0000000008000e64                EXTI4_IRQHandler
                0x0000000008000e64                USB_HP_CAN1_TX_IRQHandler
                0x0000000008000e64                DMA1_Channel3_IRQHandler
                0x0000000008000e64                TIM1_UP_IRQHandler
                0x0000000008000e64                WWDG_IRQHandler
                0x0000000008000e64                TIM2_IRQHandler
                0x0000000008000e64                TIM1_BRK_IRQHandler
                0x0000000008000e64                EXTI1_IRQHandler
                0x0000000008000e64                USART2_IRQHandler
                0x0000000008000e64                I2C2_ER_IRQHandler
                0x0000000008000e64                DMA1_Channel2_IRQHandler
                0x0000000008000e64                CAN1_SCE_IRQHandler
                0x0000000008000e64                FLASH_IRQHandler
                0x0000000008000e64                USART1_IRQHandler
                0x0000000008000e64                I2C1_ER_IRQHandler
                0x0000000008000e64                USBWakeUp_IRQHandler
 *fill*         0x0000000008000e66        0x2 
 .text.HAL_Init
                0x0000000008000e68       0x2c Drivers/STM32F1xx_HAL_Driver/Src/stm32f1xx_hal.o
                0x0000000008000e68                HAL_Init
 .text.HAL_InitTick
                0x0000000008000e94       0x60 Drivers/STM32F1xx_HAL_Driver/Src/stm32f1xx_hal.o
                0x0000000008000e94                HAL_InitTick
 .text.HAL_IncTick
                0x0000000008000ef4       0x24 Drivers/STM32F1xx_HAL_Driver/Src/stm32f1xx_hal.o
                0x0000000008000ef4                HAL_IncTick
 .text.HAL_GetTick
                0x0000000008000f18       0x14 Drivers/STM32F1xx_HAL_Driver/Src/stm32f1xx_hal.o
                0x0000000008000f18                HAL_GetTick
 .text.__NVIC_SetPriorityGrouping
                0x0000000008000f2c       0x48 Drivers/STM32F1xx_HAL_Driver/Src/stm32f1xx_hal_cortex.o
 .text.__NVIC_GetPriorityGrouping
                0x0000000008000f74       0x1c Drivers/STM32F1xx_HAL_Driver/Src/stm32f1xx_hal_cortex.o
 .text.__NVIC_EnableIRQ
                0x0000000008000f90       0x38 Drivers/STM32F1xx_HAL_Driver/Src/stm32f1xx_hal_cortex.o
 .text.__NVIC_SetPriority
                0x0000000008000fc8       0x54 Drivers/STM32F1xx_HAL_Driver/Src/stm32f1xx_hal_cortex.o
 .text.NVIC_EncodePriority
                0x000000000800101c       0x64 Drivers/STM32F1xx_HAL_Driver/Src/stm32f1xx_hal_cortex.o
 .text.SysTick_Config
                0x0000000008001080       0x44 Drivers/STM32F1xx_HAL_Driver/Src/stm32f1xx_hal_cortex.o
 .text.HAL_NVIC_SetPriorityGrouping
                0x00000000080010c4       0x16 Drivers/STM32F1xx_HAL_Driver/Src/stm32f1xx_hal_cortex.o
                0x00000000080010c4                HAL_NVIC_SetPriorityGrouping
 .text.HAL_NVIC_SetPriority
                0x00000000080010da       0x38 Drivers/STM32F1xx_HAL_Driver/Src/stm32f1xx_hal_cortex.o
                0x00000000080010da                HAL_NVIC_SetPriority
 .text.HAL_NVIC_EnableIRQ
                0x0000000008001112       0x1c Drivers/STM32F1xx_HAL_Driver/Src/stm32f1xx_hal_cortex.o
                0x0000000008001112                HAL_NVIC_EnableIRQ
 .text.HAL_SYSTICK_Config
                0x000000000800112e       0x18 Drivers/STM32F1xx_HAL_Driver/Src/stm32f1xx_hal_cortex.o
                0x000000000800112e                HAL_SYSTICK_Config
 *fill*         0x0000000008001146        0x2 
 .text.HAL_GPIO_Init
                0x0000000008001148      0x308 Drivers/STM32F1xx_HAL_Driver/Src/stm32f1xx_hal_gpio.o
                0x0000000008001148                HAL_GPIO_Init
 .text.HAL_GPIO_ReadPin
                0x0000000008001450       0x2e Drivers/STM32F1xx_HAL_Driver/Src/stm32f1xx_hal_gpio.o
                0x0000000008001450                HAL_GPIO_ReadPin
 .text.HAL_GPIO_WritePin
                0x000000000800147e       0x30 Drivers/STM32F1xx_HAL_Driver/Src/stm32f1xx_hal_gpio.o
                0x000000000800147e                HAL_GPIO_WritePin
 .text.HAL_PCD_Init
                0x00000000080014ae      0x216 Drivers/STM32F1xx_HAL_Driver/Src/stm32f1xx_hal_pcd.o
                0x00000000080014ae                HAL_PCD_Init
 .text.HAL_PCD_Start
                0x00000000080016c4       0x4c Drivers/STM32F1xx_HAL_Driver/Src/stm32f1xx_hal_pcd.o
                0x00000000080016c4                HAL_PCD_Start
 .text.HAL_PCD_IRQHandler
                0x0000000008001710      0x2aa Drivers/STM32F1xx_HAL_Driver/Src/stm32f1xx_hal_pcd.o
                0x0000000008001710                HAL_PCD_IRQHandler
 .text.HAL_PCD_SetAddress
                0x00000000080019ba       0x4a Drivers/STM32F1xx_HAL_Driver/Src/stm32f1xx_hal_pcd.o
                0x00000000080019ba                HAL_PCD_SetAddress
 .text.HAL_PCD_EP_Open
                0x0000000008001a04       0xcc Drivers/STM32F1xx_HAL_Driver/Src/stm32f1xx_hal_pcd.o
                0x0000000008001a04                HAL_PCD_EP_Open
 .text.HAL_PCD_EP_Close
                0x0000000008001ad0       0x90 Drivers/STM32F1xx_HAL_Driver/Src/stm32f1xx_hal_pcd.o
                0x0000000008001ad0                HAL_PCD_EP_Close
 .text.HAL_PCD_EP_Receive
                0x0000000008001b60       0x7a Drivers/STM32F1xx_HAL_Driver/Src/stm32f1xx_hal_pcd.o
                0x0000000008001b60                HAL_PCD_EP_Receive
 .text.HAL_PCD_EP_Transmit
                0x0000000008001bda       0x86 Drivers/STM32F1xx_HAL_Driver/Src/stm32f1xx_hal_pcd.o
                0x0000000008001bda                HAL_PCD_EP_Transmit
 .text.HAL_PCD_EP_SetStall
                0x0000000008001c60       0xc0 Drivers/STM32F1xx_HAL_Driver/Src/stm32f1xx_hal_pcd.o
                0x0000000008001c60                HAL_PCD_EP_SetStall
 .text.HAL_PCD_EP_ClrStall
                0x0000000008001d20       0xa8 Drivers/STM32F1xx_HAL_Driver/Src/stm32f1xx_hal_pcd.o
                0x0000000008001d20                HAL_PCD_EP_ClrStall
 .text.PCD_EP_ISR_Handler
                0x0000000008001dc8      0x5e6 Drivers/STM32F1xx_HAL_Driver/Src/stm32f1xx_hal_pcd.o
 .text.HAL_PCD_EP_DB_Receive
                0x00000000080023ae      0x21a Drivers/STM32F1xx_HAL_Driver/Src/stm32f1xx_hal_pcd.o
 .text.HAL_PCD_EP_DB_Transmit
                0x00000000080025c8      0x556 Drivers/STM32F1xx_HAL_Driver/Src/stm32f1xx_hal_pcd.o
 .text.HAL_PCDEx_PMAConfig
                0x0000000008002b1e       0x84 Drivers/STM32F1xx_HAL_Driver/Src/stm32f1xx_hal_pcd_ex.o
                0x0000000008002b1e                HAL_PCDEx_PMAConfig
 *fill*         0x0000000008002ba2        0x2 
 .text.HAL_RCC_OscConfig
                0x0000000008002ba4      0x500 Drivers/STM32F1xx_HAL_Driver/Src/stm32f1xx_hal_rcc.o
                0x0000000008002ba4                HAL_RCC_OscConfig
 .text.HAL_RCC_ClockConfig
                0x00000000080030a4      0x1d4 Drivers/STM32F1xx_HAL_Driver/Src/stm32f1xx_hal_rcc.o
                0x00000000080030a4                HAL_RCC_ClockConfig
 .text.HAL_RCC_GetSysClockFreq
                0x0000000008003278       0xc0 Drivers/STM32F1xx_HAL_Driver/Src/stm32f1xx_hal_rcc.o
                0x0000000008003278                HAL_RCC_GetSysClockFreq
 .text.RCC_Delay
                0x0000000008003338       0x3c Drivers/STM32F1xx_HAL_Driver/Src/stm32f1xx_hal_rcc.o
 .text.HAL_RCCEx_PeriphCLKConfig
                0x0000000008003374      0x16c Drivers/STM32F1xx_HAL_Driver/Src/stm32f1xx_hal_rcc_ex.o
                0x0000000008003374                HAL_RCCEx_PeriphCLKConfig
 .text.USB_CoreInit
                0x00000000080034e0       0x20 Drivers/STM32F1xx_HAL_Driver/Src/stm32f1xx_ll_usb.o
                0x00000000080034e0                USB_CoreInit
 .text.USB_EnableGlobalInt
                0x0000000008003500       0x2c Drivers/STM32F1xx_HAL_Driver/Src/stm32f1xx_ll_usb.o
                0x0000000008003500                USB_EnableGlobalInt
 .text.USB_DisableGlobalInt
                0x000000000800352c       0x34 Drivers/STM32F1xx_HAL_Driver/Src/stm32f1xx_ll_usb.o
                0x000000000800352c                USB_DisableGlobalInt
 .text.USB_SetCurrentMode
                0x0000000008003560       0x18 Drivers/STM32F1xx_HAL_Driver/Src/stm32f1xx_ll_usb.o
                0x0000000008003560                USB_SetCurrentMode
 .text.USB_DevInit
                0x0000000008003578       0x40 Drivers/STM32F1xx_HAL_Driver/Src/stm32f1xx_ll_usb.o
                0x0000000008003578                USB_DevInit
 .text.USB_ActivateEndpoint
                0x00000000080035b8      0x6d4 Drivers/STM32F1xx_HAL_Driver/Src/stm32f1xx_ll_usb.o
                0x00000000080035b8                USB_ActivateEndpoint
 .text.USB_DeactivateEndpoint
                0x0000000008003c8c      0x3d8 Drivers/STM32F1xx_HAL_Driver/Src/stm32f1xx_ll_usb.o
                0x0000000008003c8c                USB_DeactivateEndpoint
 .text.USB_EPStartXfer
                0x0000000008004064     0x1240 Drivers/STM32F1xx_HAL_Driver/Src/stm32f1xx_ll_usb.o
                0x0000000008004064                USB_EPStartXfer
 .text.USB_EPSetStall
                0x00000000080052a4       0xa0 Drivers/STM32F1xx_HAL_Driver/Src/stm32f1xx_ll_usb.o
                0x00000000080052a4                USB_EPSetStall
 .text.USB_EPClearStall
                0x0000000008005344      0x15a Drivers/STM32F1xx_HAL_Driver/Src/stm32f1xx_ll_usb.o
                0x0000000008005344                USB_EPClearStall
 .text.USB_SetDevAddress
                0x000000000800549e       0x26 Drivers/STM32F1xx_HAL_Driver/Src/stm32f1xx_ll_usb.o
                0x000000000800549e                USB_SetDevAddress
 .text.USB_DevConnect
                0x00000000080054c4       0x14 Drivers/STM32F1xx_HAL_Driver/Src/stm32f1xx_ll_usb.o
                0x00000000080054c4                USB_DevConnect
 .text.USB_DevDisconnect
                0x00000000080054d8       0x14 Drivers/STM32F1xx_HAL_Driver/Src/stm32f1xx_ll_usb.o
                0x00000000080054d8                USB_DevDisconnect
 .text.USB_ReadInterrupts
                0x00000000080054ec       0x1e Drivers/STM32F1xx_HAL_Driver/Src/stm32f1xx_ll_usb.o
                0x00000000080054ec                USB_ReadInterrupts
 .text.USB_EP0_OutStart
                0x000000000800550a       0x16 Drivers/STM32F1xx_HAL_Driver/Src/stm32f1xx_ll_usb.o
                0x000000000800550a                USB_EP0_OutStart
 .text.USB_WritePMA
                0x0000000008005520       0x8a Drivers/STM32F1xx_HAL_Driver/Src/stm32f1xx_ll_usb.o
                0x0000000008005520                USB_WritePMA
 .text.USB_ReadPMA
                0x00000000080055aa       0x9e Drivers/STM32F1xx_HAL_Driver/Src/stm32f1xx_ll_usb.o
                0x00000000080055aa                USB_ReadPMA
 .text.USBD_HID_Init
                0x0000000008005648       0x4e Middlewares/ST/STM32_USB_Device_Library/Class/HID/Src/usbd_hid.o
 .text.USBD_HID_DeInit
                0x0000000008005696       0x42 Middlewares/ST/STM32_USB_Device_Library/Class/HID/Src/usbd_hid.o
 .text.USBD_HID_Setup
                0x00000000080056d8      0x1fc Middlewares/ST/STM32_USB_Device_Library/Class/HID/Src/usbd_hid.o
 .text.USBD_HID_SendReport
                0x00000000080058d4       0x44 Middlewares/ST/STM32_USB_Device_Library/Class/HID/Src/usbd_hid.o
                0x00000000080058d4                USBD_HID_SendReport
 .text.USBD_HID_GetFSCfgDesc
                0x0000000008005918       0x20 Middlewares/ST/STM32_USB_Device_Library/Class/HID/Src/usbd_hid.o
 .text.USBD_HID_GetHSCfgDesc
                0x0000000008005938       0x20 Middlewares/ST/STM32_USB_Device_Library/Class/HID/Src/usbd_hid.o
 .text.USBD_HID_GetOtherSpeedCfgDesc
                0x0000000008005958       0x20 Middlewares/ST/STM32_USB_Device_Library/Class/HID/Src/usbd_hid.o
 .text.USBD_HID_DataIn
                0x0000000008005978       0x22 Middlewares/ST/STM32_USB_Device_Library/Class/HID/Src/usbd_hid.o
 *fill*         0x000000000800599a        0x2 
 .text.USBD_HID_GetDeviceQualifierDesc
                0x000000000800599c       0x20 Middlewares/ST/STM32_USB_Device_Library/Class/HID/Src/usbd_hid.o
 .text.USBD_Init
                0x00000000080059bc       0x56 Middlewares/ST/STM32_USB_Device_Library/Core/Src/usbd_core.o
                0x00000000080059bc                USBD_Init
 .text.USBD_RegisterClass
                0x0000000008005a12       0x32 Middlewares/ST/STM32_USB_Device_Library/Core/Src/usbd_core.o
                0x0000000008005a12                USBD_RegisterClass
 .text.USBD_Start
                0x0000000008005a44       0x18 Middlewares/ST/STM32_USB_Device_Library/Core/Src/usbd_core.o
                0x0000000008005a44                USBD_Start
 .text.USBD_RunTestMode
                0x0000000008005a5c       0x14 Middlewares/ST/STM32_USB_Device_Library/Core/Src/usbd_core.o
                0x0000000008005a5c                USBD_RunTestMode
 .text.USBD_SetClassConfig
                0x0000000008005a70       0x3e Middlewares/ST/STM32_USB_Device_Library/Core/Src/usbd_core.o
                0x0000000008005a70                USBD_SetClassConfig
 .text.USBD_ClrClassConfig
                0x0000000008005aae       0x26 Middlewares/ST/STM32_USB_Device_Library/Core/Src/usbd_core.o
                0x0000000008005aae                USBD_ClrClassConfig
 .text.USBD_LL_SetupStage
                0x0000000008005ad4       0x9a Middlewares/ST/STM32_USB_Device_Library/Core/Src/usbd_core.o
                0x0000000008005ad4                USBD_LL_SetupStage
 .text.USBD_LL_DataOutStage
                0x0000000008005b6e       0xe2 Middlewares/ST/STM32_USB_Device_Library/Core/Src/usbd_core.o
                0x0000000008005b6e                USBD_LL_DataOutStage
 .text.USBD_LL_DataInStage
                0x0000000008005c50      0x14a Middlewares/ST/STM32_USB_Device_Library/Core/Src/usbd_core.o
                0x0000000008005c50                USBD_LL_DataInStage
 .text.USBD_LL_Reset
                0x0000000008005d9a       0x82 Middlewares/ST/STM32_USB_Device_Library/Core/Src/usbd_core.o
                0x0000000008005d9a                USBD_LL_Reset
 .text.USBD_LL_SetSpeed
                0x0000000008005e1c       0x1e Middlewares/ST/STM32_USB_Device_Library/Core/Src/usbd_core.o
                0x0000000008005e1c                USBD_LL_SetSpeed
 .text.USBD_LL_Suspend
                0x0000000008005e3a       0x28 Middlewares/ST/STM32_USB_Device_Library/Core/Src/usbd_core.o
                0x0000000008005e3a                USBD_LL_Suspend
 .text.USBD_LL_Resume
                0x0000000008005e62       0x2a Middlewares/ST/STM32_USB_Device_Library/Core/Src/usbd_core.o
                0x0000000008005e62                USBD_LL_Resume
 .text.USBD_LL_SOF
                0x0000000008005e8c       0x34 Middlewares/ST/STM32_USB_Device_Library/Core/Src/usbd_core.o
                0x0000000008005e8c                USBD_LL_SOF
 .text.USBD_StdDevReq
                0x0000000008005ec0       0xd4 Middlewares/ST/STM32_USB_Device_Library/Core/Src/usbd_ctlreq.o
                0x0000000008005ec0                USBD_StdDevReq
 .text.USBD_StdItfReq
                0x0000000008005f94       0x90 Middlewares/ST/STM32_USB_Device_Library/Core/Src/usbd_ctlreq.o
                0x0000000008005f94                USBD_StdItfReq
 .text.USBD_StdEPReq
                0x0000000008006024      0x2c6 Middlewares/ST/STM32_USB_Device_Library/Core/Src/usbd_ctlreq.o
                0x0000000008006024                USBD_StdEPReq
 *fill*         0x00000000080062ea        0x2 
 .text.USBD_GetDescriptor
                0x00000000080062ec      0x2d0 Middlewares/ST/STM32_USB_Device_Library/Core/Src/usbd_ctlreq.o
 .text.USBD_SetAddress
                0x00000000080065bc       0x86 Middlewares/ST/STM32_USB_Device_Library/Core/Src/usbd_ctlreq.o
 *fill*         0x0000000008006642        0x2 
 .text.USBD_SetConfig
                0x0000000008006644      0x11c Middlewares/ST/STM32_USB_Device_Library/Core/Src/usbd_ctlreq.o
 .text.USBD_GetConfig
                0x0000000008006760       0x6a Middlewares/ST/STM32_USB_Device_Library/Core/Src/usbd_ctlreq.o
 .text.USBD_GetStatus
                0x00000000080067ca       0x66 Middlewares/ST/STM32_USB_Device_Library/Core/Src/usbd_ctlreq.o
 .text.USBD_SetFeature
                0x0000000008006830       0x28 Middlewares/ST/STM32_USB_Device_Library/Core/Src/usbd_ctlreq.o
 .text.USBD_ClrFeature
                0x0000000008006858       0x42 Middlewares/ST/STM32_USB_Device_Library/Core/Src/usbd_ctlreq.o
 .text.USBD_ParseSetupRequest
                0x000000000800689a       0x78 Middlewares/ST/STM32_USB_Device_Library/Core/Src/usbd_ctlreq.o
                0x000000000800689a                USBD_ParseSetupRequest
 .text.USBD_CtlError
                0x0000000008006912       0x22 Middlewares/ST/STM32_USB_Device_Library/Core/Src/usbd_ctlreq.o
                0x0000000008006912                USBD_CtlError
 .text.USBD_GetString
                0x0000000008006934       0x84 Middlewares/ST/STM32_USB_Device_Library/Core/Src/usbd_ctlreq.o
                0x0000000008006934                USBD_GetString
 .text.USBD_GetLen
                0x00000000080069b8       0x2e Middlewares/ST/STM32_USB_Device_Library/Core/Src/usbd_ctlreq.o
 .text.USBD_CtlSendData
                0x00000000080069e6       0x38 Middlewares/ST/STM32_USB_Device_Library/Core/Src/usbd_ioreq.o
                0x00000000080069e6                USBD_CtlSendData
 .text.USBD_CtlContinueSendData
                0x0000000008006a1e       0x24 Middlewares/ST/STM32_USB_Device_Library/Core/Src/usbd_ioreq.o
                0x0000000008006a1e                USBD_CtlContinueSendData
 .text.USBD_CtlContinueRx
                0x0000000008006a42       0x24 Middlewares/ST/STM32_USB_Device_Library/Core/Src/usbd_ioreq.o
                0x0000000008006a42                USBD_CtlContinueRx
 .text.USBD_CtlSendStatus
                0x0000000008006a66       0x26 Middlewares/ST/STM32_USB_Device_Library/Core/Src/usbd_ioreq.o
                0x0000000008006a66                USBD_CtlSendStatus
 .text.USBD_CtlReceiveStatus
                0x0000000008006a8c       0x26 Middlewares/ST/STM32_USB_Device_Library/Core/Src/usbd_ioreq.o
                0x0000000008006a8c                USBD_CtlReceiveStatus
 *fill*         0x0000000008006ab2        0x2 
 .text.osKernelInitialize
                0x0000000008006ab4       0x64 Middlewares/Third_Party/FreeRTOS/Source/CMSIS_RTOS_V2/cmsis_os2.o
                0x0000000008006ab4                osKernelInitialize
 .text.osKernelStart
                0x0000000008006b18       0x68 Middlewares/Third_Party/FreeRTOS/Source/CMSIS_RTOS_V2/cmsis_os2.o
                0x0000000008006b18                osKernelStart
 .text.osThreadNew
                0x0000000008006b80      0x154 Middlewares/Third_Party/FreeRTOS/Source/CMSIS_RTOS_V2/cmsis_os2.o
                0x0000000008006b80                osThreadNew
 .text.osDelay  0x0000000008006cd4       0x5c Middlewares/Third_Party/FreeRTOS/Source/CMSIS_RTOS_V2/cmsis_os2.o
                0x0000000008006cd4                osDelay
 .text.osMessageQueueNew
                0x0000000008006d30      0x10c Middlewares/Third_Party/FreeRTOS/Source/CMSIS_RTOS_V2/cmsis_os2.o
                0x0000000008006d30                osMessageQueueNew
 .text.osMessageQueuePut
                0x0000000008006e3c       0xe8 Middlewares/Third_Party/FreeRTOS/Source/CMSIS_RTOS_V2/cmsis_os2.o
                0x0000000008006e3c                osMessageQueuePut
 .text.osMessageQueueGet
                0x0000000008006f24       0xe4 Middlewares/Third_Party/FreeRTOS/Source/CMSIS_RTOS_V2/cmsis_os2.o
                0x0000000008006f24                osMessageQueueGet
 .text.osMessageQueueGetCount
                0x0000000008007008       0x64 Middlewares/Third_Party/FreeRTOS/Source/CMSIS_RTOS_V2/cmsis_os2.o
                0x0000000008007008                osMessageQueueGetCount
 .text.vApplicationGetIdleTaskMemory
                0x000000000800706c       0x30 Middlewares/Third_Party/FreeRTOS/Source/CMSIS_RTOS_V2/cmsis_os2.o
                0x000000000800706c                vApplicationGetIdleTaskMemory
 .text.vApplicationGetTimerTaskMemory
                0x000000000800709c       0x34 Middlewares/Third_Party/FreeRTOS/Source/CMSIS_RTOS_V2/cmsis_os2.o
                0x000000000800709c                vApplicationGetTimerTaskMemory
 .text.vListInitialise
                0x00000000080070d0       0x3e Middlewares/Third_Party/FreeRTOS/Source/list.o
                0x00000000080070d0                vListInitialise
 .text.vListInitialiseItem
                0x000000000800710e       0x18 Middlewares/Third_Party/FreeRTOS/Source/list.o
                0x000000000800710e                vListInitialiseItem
 .text.vListInsertEnd
                0x0000000008007126       0x46 Middlewares/Third_Party/FreeRTOS/Source/list.o
                0x0000000008007126                vListInsertEnd
 .text.vListInsert
                0x000000000800716c       0x70 Middlewares/Third_Party/FreeRTOS/Source/list.o
                0x000000000800716c                vListInsert
 .text.uxListRemove
                0x00000000080071dc       0x52 Middlewares/Third_Party/FreeRTOS/Source/list.o
                0x00000000080071dc                uxListRemove
 *fill*         0x000000000800722e        0x2 
 .text.xQueueGenericReset
                0x0000000008007230       0xd0 Middlewares/Third_Party/FreeRTOS/Source/queue.o
                0x0000000008007230                xQueueGenericReset
 .text.xQueueGenericCreateStatic
                0x0000000008007300       0xee Middlewares/Third_Party/FreeRTOS/Source/queue.o
                0x0000000008007300                xQueueGenericCreateStatic
 .text.xQueueGenericCreate
                0x00000000080073ee       0x7c Middlewares/Third_Party/FreeRTOS/Source/queue.o
                0x00000000080073ee                xQueueGenericCreate
 .text.prvInitialiseNewQueue
                0x000000000800746a       0x46 Middlewares/Third_Party/FreeRTOS/Source/queue.o
 .text.xQueueGenericSend
                0x00000000080074b0      0x1fc Middlewares/Third_Party/FreeRTOS/Source/queue.o
                0x00000000080074b0                xQueueGenericSend
 .text.xQueueGenericSendFromISR
                0x00000000080076ac      0x130 Middlewares/Third_Party/FreeRTOS/Source/queue.o
                0x00000000080076ac                xQueueGenericSendFromISR
 .text.xQueueReceive
                0x00000000080077dc      0x1c0 Middlewares/Third_Party/FreeRTOS/Source/queue.o
                0x00000000080077dc                xQueueReceive
 .text.xQueueReceiveFromISR
                0x000000000800799c      0x100 Middlewares/Third_Party/FreeRTOS/Source/queue.o
                0x000000000800799c                xQueueReceiveFromISR
 .text.uxQueueMessagesWaiting
                0x0000000008007a9c       0x3c Middlewares/Third_Party/FreeRTOS/Source/queue.o
                0x0000000008007a9c                uxQueueMessagesWaiting
 .text.uxQueueMessagesWaitingFromISR
                0x0000000008007ad8       0x36 Middlewares/Third_Party/FreeRTOS/Source/queue.o
                0x0000000008007ad8                uxQueueMessagesWaitingFromISR
 .text.prvCopyDataToQueue
                0x0000000008007b0e       0xd4 Middlewares/Third_Party/FreeRTOS/Source/queue.o
 .text.prvCopyDataFromQueue
                0x0000000008007be2       0x4c Middlewares/Third_Party/FreeRTOS/Source/queue.o
 .text.prvUnlockQueue
                0x0000000008007c2e       0xa4 Middlewares/Third_Party/FreeRTOS/Source/queue.o
 .text.prvIsQueueEmpty
                0x0000000008007cd2       0x2c Middlewares/Third_Party/FreeRTOS/Source/queue.o
 .text.prvIsQueueFull
                0x0000000008007cfe       0x30 Middlewares/Third_Party/FreeRTOS/Source/queue.o
 *fill*         0x0000000008007d2e        0x2 
 .text.vQueueAddToRegistry
                0x0000000008007d30       0x50 Middlewares/Third_Party/FreeRTOS/Source/queue.o
                0x0000000008007d30                vQueueAddToRegistry
 .text.vQueueWaitForMessageRestricted
                0x0000000008007d80       0x68 Middlewares/Third_Party/FreeRTOS/Source/queue.o
                0x0000000008007d80                vQueueWaitForMessageRestricted
 .text.xTaskCreateStatic
                0x0000000008007de8       0xb8 Middlewares/Third_Party/FreeRTOS/Source/tasks.o
                0x0000000008007de8                xTaskCreateStatic
 .text.xTaskCreate
                0x0000000008007ea0       0x8a Middlewares/Third_Party/FreeRTOS/Source/tasks.o
                0x0000000008007ea0                xTaskCreate
 .text.prvInitialiseNewTask
                0x0000000008007f2a      0x10e Middlewares/Third_Party/FreeRTOS/Source/tasks.o
 .text.prvAddNewTaskToReadyList
                0x0000000008008038       0xe0 Middlewares/Third_Party/FreeRTOS/Source/tasks.o
 .text.vTaskDelay
                0x0000000008008118       0x68 Middlewares/Third_Party/FreeRTOS/Source/tasks.o
                0x0000000008008118                vTaskDelay
 .text.vTaskStartScheduler
                0x0000000008008180       0xcc Middlewares/Third_Party/FreeRTOS/Source/tasks.o
                0x0000000008008180                vTaskStartScheduler
 .text.vTaskSuspendAll
                0x000000000800824c       0x1c Middlewares/Third_Party/FreeRTOS/Source/tasks.o
                0x000000000800824c                vTaskSuspendAll
 .text.xTaskResumeAll
                0x0000000008008268      0x13c Middlewares/Third_Party/FreeRTOS/Source/tasks.o
                0x0000000008008268                xTaskResumeAll
 .text.xTaskGetTickCount
                0x00000000080083a4       0x1c Middlewares/Third_Party/FreeRTOS/Source/tasks.o
                0x00000000080083a4                xTaskGetTickCount
 .text.xTaskIncrementTick
                0x00000000080083c0      0x17c Middlewares/Third_Party/FreeRTOS/Source/tasks.o
                0x00000000080083c0                xTaskIncrementTick
 .text.vTaskSwitchContext
                0x000000000800853c       0xb8 Middlewares/Third_Party/FreeRTOS/Source/tasks.o
                0x000000000800853c                vTaskSwitchContext
 .text.vTaskPlaceOnEventList
                0x00000000080085f4       0x48 Middlewares/Third_Party/FreeRTOS/Source/tasks.o
                0x00000000080085f4                vTaskPlaceOnEventList
 .text.vTaskPlaceOnEventListRestricted
                0x000000000800863c       0x58 Middlewares/Third_Party/FreeRTOS/Source/tasks.o
                0x000000000800863c                vTaskPlaceOnEventListRestricted
 .text.xTaskRemoveFromEventList
                0x0000000008008694       0xc8 Middlewares/Third_Party/FreeRTOS/Source/tasks.o
                0x0000000008008694                xTaskRemoveFromEventList
 .text.vTaskInternalSetTimeOutState
                0x000000000800875c       0x2c Middlewares/Third_Party/FreeRTOS/Source/tasks.o
                0x000000000800875c                vTaskInternalSetTimeOutState
 .text.xTaskCheckForTimeOut
                0x0000000008008788       0xc4 Middlewares/Third_Party/FreeRTOS/Source/tasks.o
                0x0000000008008788                xTaskCheckForTimeOut
 .text.vTaskMissedYield
                0x000000000800884c       0x18 Middlewares/Third_Party/FreeRTOS/Source/tasks.o
                0x000000000800884c                vTaskMissedYield
 .text.prvIdleTask
                0x0000000008008864       0x30 Middlewares/Third_Party/FreeRTOS/Source/tasks.o
 .text.prvInitialiseTaskLists
                0x0000000008008894       0x80 Middlewares/Third_Party/FreeRTOS/Source/tasks.o
 .text.prvCheckTasksWaitingTermination
                0x0000000008008914       0x5c Middlewares/Third_Party/FreeRTOS/Source/tasks.o
 .text.prvDeleteTCB
                0x0000000008008970       0x5e Middlewares/Third_Party/FreeRTOS/Source/tasks.o
 *fill*         0x00000000080089ce        0x2 
 .text.prvResetNextTaskUnblockTime
                0x00000000080089d0       0x48 Middlewares/Third_Party/FreeRTOS/Source/tasks.o
 .text.xTaskGetSchedulerState
                0x0000000008008a18       0x3c Middlewares/Third_Party/FreeRTOS/Source/tasks.o
                0x0000000008008a18                xTaskGetSchedulerState
 .text.xTaskPriorityDisinherit
                0x0000000008008a54       0xdc Middlewares/Third_Party/FreeRTOS/Source/tasks.o
                0x0000000008008a54                xTaskPriorityDisinherit
 .text.prvAddCurrentTaskToDelayedList
                0x0000000008008b30       0xa8 Middlewares/Third_Party/FreeRTOS/Source/tasks.o
 .text.xTimerCreateTimerTask
                0x0000000008008bd8       0x90 Middlewares/Third_Party/FreeRTOS/Source/timers.o
                0x0000000008008bd8                xTimerCreateTimerTask
 .text.xTimerGenericCommand
                0x0000000008008c68       0x9c Middlewares/Third_Party/FreeRTOS/Source/timers.o
                0x0000000008008c68                xTimerGenericCommand
 .text.prvProcessExpiredTimer
                0x0000000008008d04       0x80 Middlewares/Third_Party/FreeRTOS/Source/timers.o
 .text.prvTimerTask
                0x0000000008008d84       0x24 Middlewares/Third_Party/FreeRTOS/Source/timers.o
 .text.prvProcessTimerOrBlockTask
                0x0000000008008da8       0x9c Middlewares/Third_Party/FreeRTOS/Source/timers.o
 .text.prvGetNextExpireTime
                0x0000000008008e44       0x48 Middlewares/Third_Party/FreeRTOS/Source/timers.o
 .text.prvSampleTimeNow
                0x0000000008008e8c       0x40 Middlewares/Third_Party/FreeRTOS/Source/timers.o
 .text.prvInsertTimerInActiveList
                0x0000000008008ecc       0x84 Middlewares/Third_Party/FreeRTOS/Source/timers.o
 .text.prvProcessReceivedCommands
                0x0000000008008f50      0x168 Middlewares/Third_Party/FreeRTOS/Source/timers.o
 .text.prvSwitchTimerLists
                0x00000000080090b8       0xc4 Middlewares/Third_Party/FreeRTOS/Source/timers.o
 .text.prvCheckForValidListAndQueue
                0x000000000800917c       0x80 Middlewares/Third_Party/FreeRTOS/Source/timers.o
 .text.pxPortInitialiseStack
                0x00000000080091fc       0x58 Middlewares/Third_Party/FreeRTOS/Source/portable/GCC/ARM_CM3/port.o
                0x00000000080091fc                pxPortInitialiseStack
 .text.prvTaskExitError
                0x0000000008009254       0x58 Middlewares/Third_Party/FreeRTOS/Source/portable/GCC/ARM_CM3/port.o
 *fill*         0x00000000080092ac        0x4 
 .text.SVC_Handler
                0x00000000080092b0       0x28 Middlewares/Third_Party/FreeRTOS/Source/portable/GCC/ARM_CM3/port.o
                0x00000000080092b0                SVC_Handler
 .text.prvPortStartFirstTask
                0x00000000080092d8       0x20 Middlewares/Third_Party/FreeRTOS/Source/portable/GCC/ARM_CM3/port.o
 .text.xPortStartScheduler
                0x00000000080092f8       0xe4 Middlewares/Third_Party/FreeRTOS/Source/portable/GCC/ARM_CM3/port.o
                0x00000000080092f8                xPortStartScheduler
 .text.vPortEnterCritical
                0x00000000080093dc       0x60 Middlewares/Third_Party/FreeRTOS/Source/portable/GCC/ARM_CM3/port.o
                0x00000000080093dc                vPortEnterCritical
 .text.vPortExitCritical
                0x000000000800943c       0x50 Middlewares/Third_Party/FreeRTOS/Source/portable/GCC/ARM_CM3/port.o
                0x000000000800943c                vPortExitCritical
 *fill*         0x000000000800948c        0x4 
 .text.PendSV_Handler
                0x0000000008009490       0x48 Middlewares/Third_Party/FreeRTOS/Source/portable/GCC/ARM_CM3/port.o
                0x0000000008009490                PendSV_Handler
 .text.xPortSysTickHandler
                0x00000000080094d8       0x44 Middlewares/Third_Party/FreeRTOS/Source/portable/GCC/ARM_CM3/port.o
                0x00000000080094d8                xPortSysTickHandler
 .text.vPortSetupTimerInterrupt
                0x000000000800951c       0x44 Middlewares/Third_Party/FreeRTOS/Source/portable/GCC/ARM_CM3/port.o
                0x000000000800951c                vPortSetupTimerInterrupt
 .text.vPortValidateInterruptPriority
                0x0000000008009560       0x7c Middlewares/Third_Party/FreeRTOS/Source/portable/GCC/ARM_CM3/port.o
                0x0000000008009560                vPortValidateInterruptPriority
 .text.pvPortMalloc
                0x00000000080095dc      0x188 Middlewares/Third_Party/FreeRTOS/Source/portable/MemMang/heap_4.o
                0x00000000080095dc                pvPortMalloc
 .text.vPortFree
                0x0000000008009764       0xb4 Middlewares/Third_Party/FreeRTOS/Source/portable/MemMang/heap_4.o
                0x0000000008009764                vPortFree
 .text.prvHeapInit
                0x0000000008009818       0xc4 Middlewares/Third_Party/FreeRTOS/Source/portable/MemMang/heap_4.o
 .text.prvInsertBlockIntoFreeList
                0x00000000080098dc       0xb0 Middlewares/Third_Party/FreeRTOS/Source/portable/MemMang/heap_4.o
 .text.MX_USB_DEVICE_Init
                0x000000000800998c       0x4c USB_DEVICE/App/usb_device.o
                0x000000000800998c                MX_USB_DEVICE_Init
 .text.USBD_FS_DeviceDescriptor
                0x00000000080099d8       0x24 USB_DEVICE/App/usbd_desc.o
                0x00000000080099d8                USBD_FS_DeviceDescriptor
 .text.USBD_FS_LangIDStrDescriptor
                0x00000000080099fc       0x24 USB_DEVICE/App/usbd_desc.o
                0x00000000080099fc                USBD_FS_LangIDStrDescriptor
 .text.USBD_FS_ProductStrDescriptor
                0x0000000008009a20       0x3c USB_DEVICE/App/usbd_desc.o
                0x0000000008009a20                USBD_FS_ProductStrDescriptor
 .text.USBD_FS_ManufacturerStrDescriptor
                0x0000000008009a5c       0x28 USB_DEVICE/App/usbd_desc.o
                0x0000000008009a5c                USBD_FS_ManufacturerStrDescriptor
 .text.USBD_FS_SerialStrDescriptor
                0x0000000008009a84       0x24 USB_DEVICE/App/usbd_desc.o
                0x0000000008009a84                USBD_FS_SerialStrDescriptor
 .text.USBD_FS_ConfigStrDescriptor
                0x0000000008009aa8       0x3c USB_DEVICE/App/usbd_desc.o
                0x0000000008009aa8                USBD_FS_ConfigStrDescriptor
 .text.USBD_FS_InterfaceStrDescriptor
                0x0000000008009ae4       0x3c USB_DEVICE/App/usbd_desc.o
                0x0000000008009ae4                USBD_FS_InterfaceStrDescriptor
 .text.Get_SerialNum
                0x0000000008009b20       0x58 USB_DEVICE/App/usbd_desc.o
 .text.IntToUnicode
                0x0000000008009b78       0x7c USB_DEVICE/App/usbd_desc.o
 .text.HAL_PCD_MspInit
                0x0000000008009bf4       0x4c USB_DEVICE/Target/usbd_conf.o
                0x0000000008009bf4                HAL_PCD_MspInit
 .text.HAL_PCD_SetupStageCallback
                0x0000000008009c40       0x24 USB_DEVICE/Target/usbd_conf.o
                0x0000000008009c40                HAL_PCD_SetupStageCallback
 .text.HAL_PCD_DataOutStageCallback
                0x0000000008009c64       0x36 USB_DEVICE/Target/usbd_conf.o
                0x0000000008009c64                HAL_PCD_DataOutStageCallback
 .text.HAL_PCD_DataInStageCallback
                0x0000000008009c9a       0x34 USB_DEVICE/Target/usbd_conf.o
                0x0000000008009c9a                HAL_PCD_DataInStageCallback
 .text.HAL_PCD_SOFCallback
                0x0000000008009cce       0x1c USB_DEVICE/Target/usbd_conf.o
                0x0000000008009cce                HAL_PCD_SOFCallback
 .text.HAL_PCD_ResetCallback
                0x0000000008009cea       0x3c USB_DEVICE/Target/usbd_conf.o
                0x0000000008009cea                HAL_PCD_ResetCallback
 *fill*         0x0000000008009d26        0x2 
 .text.HAL_PCD_SuspendCallback
                0x0000000008009d28       0x34 USB_DEVICE/Target/usbd_conf.o
                0x0000000008009d28                HAL_PCD_SuspendCallback
 .text.HAL_PCD_ResumeCallback
                0x0000000008009d5c       0x1c USB_DEVICE/Target/usbd_conf.o
                0x0000000008009d5c                HAL_PCD_ResumeCallback
 .text.USBD_LL_Init
                0x0000000008009d78       0x90 USB_DEVICE/Target/usbd_conf.o
                0x0000000008009d78                USBD_LL_Init
 .text.USBD_LL_Start
                0x0000000008009e08       0x36 USB_DEVICE/Target/usbd_conf.o
                0x0000000008009e08                USBD_LL_Start
 .text.USBD_LL_OpenEP
                0x0000000008009e3e       0x4c USB_DEVICE/Target/usbd_conf.o
                0x0000000008009e3e                USBD_LL_OpenEP
 .text.USBD_LL_CloseEP
                0x0000000008009e8a       0x3e USB_DEVICE/Target/usbd_conf.o
                0x0000000008009e8a                USBD_LL_CloseEP
 .text.USBD_LL_StallEP
                0x0000000008009ec8       0x3e USB_DEVICE/Target/usbd_conf.o
                0x0000000008009ec8                USBD_LL_StallEP
 .text.USBD_LL_ClearStallEP
                0x0000000008009f06       0x3e USB_DEVICE/Target/usbd_conf.o
                0x0000000008009f06                USBD_LL_ClearStallEP
 .text.USBD_LL_IsStallEP
                0x0000000008009f44       0x58 USB_DEVICE/Target/usbd_conf.o
                0x0000000008009f44                USBD_LL_IsStallEP
 .text.USBD_LL_SetUSBAddress
                0x0000000008009f9c       0x3e USB_DEVICE/Target/usbd_conf.o
                0x0000000008009f9c                USBD_LL_SetUSBAddress
 .text.USBD_LL_Transmit
                0x0000000008009fda       0x46 USB_DEVICE/Target/usbd_conf.o
                0x0000000008009fda                USBD_LL_Transmit
 .text.USBD_LL_PrepareReceive
                0x000000000800a020       0x46 USB_DEVICE/Target/usbd_conf.o
                0x000000000800a020                USBD_LL_PrepareReceive
 *fill*         0x000000000800a066        0x2 
 .text.USBD_static_malloc
                0x000000000800a068       0x18 USB_DEVICE/Target/usbd_conf.o
                0x000000000800a068                USBD_static_malloc
 .text.USBD_static_free
                0x000000000800a080       0x12 USB_DEVICE/Target/usbd_conf.o
                0x000000000800a080                USBD_static_free
 .text.HAL_PCDEx_SetConnectionState
                0x000000000800a092       0x16 USB_DEVICE/Target/usbd_conf.o
                0x000000000800a092                HAL_PCDEx_SetConnectionState
 .text.USBD_Get_USB_Status
                0x000000000800a0a8       0x58 USB_DEVICE/Target/usbd_conf.o
 .text.__libc_init_array
                0x000000000800a100       0x48 c:/st/stm32cubeide_1.6.1/stm32cubeide/plugins/com.st.stm32cube.ide.mcu.externaltools.gnu-tools-for-stm32.9-2020-q2-update.win32_1.5.0.202011040924/tools/bin/../lib/gcc/arm-none-eabi/9.3.1/../../../../arm-none-eabi/lib/thumb/v7-m/nofp\libc_nano.a(lib_a-init.o)
                0x000000000800a100                __libc_init_array
 .text.memcpy   0x000000000800a148       0x1c c:/st/stm32cubeide_1.6.1/stm32cubeide/plugins/com.st.stm32cube.ide.mcu.externaltools.gnu-tools-for-stm32.9-2020-q2-update.win32_1.5.0.202011040924/tools/bin/../lib/gcc/arm-none-eabi/9.3.1/../../../../arm-none-eabi/lib/thumb/v7-m/nofp\libc_nano.a(lib_a-memcpy-stub.o)
                0x000000000800a148                memcpy
 .text.memset   0x000000000800a164       0x10 c:/st/stm32cubeide_1.6.1/stm32cubeide/plugins/com.st.stm32cube.ide.mcu.externaltools.gnu-tools-for-stm32.9-2020-q2-update.win32_1.5.0.202011040924/tools/bin/../lib/gcc/arm-none-eabi/9.3.1/../../../../arm-none-eabi/lib/thumb/v7-m/nofp\libc_nano.a(lib_a-memset.o)
                0x000000000800a164                memset
 *(.glue_7)
 .glue_7        0x000000000800a174        0x0 linker stubs
 *(.glue_7t)
 .glue_7t       0x000000000800a174        0x0 linker stubs
 *(.eh_frame)
 .eh_frame      0x000000000800a174        0x0 c:/st/stm32cubeide_1.6.1/stm32cubeide/plugins/com.st.stm32cube.ide.mcu.externaltools.gnu-tools-for-stm32.9-2020-q2-update.win32_1.5.0.202011040924/tools/bin/../lib/gcc/arm-none-eabi/9.3.1/thumb/v7-m/nofp/crtbegin.o
 *(.init)
 .init          0x000000000800a174        0x4 c:/st/stm32cubeide_1.6.1/stm32cubeide/plugins/com.st.stm32cube.ide.mcu.externaltools.gnu-tools-for-stm32.9-2020-q2-update.win32_1.5.0.202011040924/tools/bin/../lib/gcc/arm-none-eabi/9.3.1/thumb/v7-m/nofp/crti.o
                0x000000000800a174                _init
 .init          0x000000000800a178        0x8 c:/st/stm32cubeide_1.6.1/stm32cubeide/plugins/com.st.stm32cube.ide.mcu.externaltools.gnu-tools-for-stm32.9-2020-q2-update.win32_1.5.0.202011040924/tools/bin/../lib/gcc/arm-none-eabi/9.3.1/thumb/v7-m/nofp/crtn.o
 *(.fini)
 .fini          0x000000000800a180        0x4 c:/st/stm32cubeide_1.6.1/stm32cubeide/plugins/com.st.stm32cube.ide.mcu.externaltools.gnu-tools-for-stm32.9-2020-q2-update.win32_1.5.0.202011040924/tools/bin/../lib/gcc/arm-none-eabi/9.3.1/thumb/v7-m/nofp/crti.o
                0x000000000800a180                _fini
 .fini          0x000000000800a184        0x8 c:/st/stm32cubeide_1.6.1/stm32cubeide/plugins/com.st.stm32cube.ide.mcu.externaltools.gnu-tools-for-stm32.9-2020-q2-update.win32_1.5.0.202011040924/tools/bin/../lib/gcc/arm-none-eabi/9.3.1/thumb/v7-m/nofp/crtn.o
                0x000000000800a18c                . = ALIGN (0x4)
                0x000000000800a18c                _etext = .

.vfp11_veneer   0x000000000800a18c        0x0
 .vfp11_veneer  0x000000000800a18c        0x0 linker stubs

.v4_bx          0x000000000800a18c        0x0
 .v4_bx         0x000000000800a18c        0x0 linker stubs

.iplt           0x000000000800a18c        0x0
 .iplt          0x000000000800a18c        0x0 c:/st/stm32cubeide_1.6.1/stm32cubeide/plugins/com.st.stm32cube.ide.mcu.externaltools.gnu-tools-for-stm32.9-2020-q2-update.win32_1.5.0.202011040924/tools/bin/../lib/gcc/arm-none-eabi/9.3.1/thumb/v7-m/nofp/crtbegin.o

.rodata         0x000000000800a18c      0x2e4
                0x000000000800a18c                . = ALIGN (0x4)
 *(.rodata)
 .rodata        0x000000000800a18c       0x40 Core/Src/main.o
 .rodata        0x000000000800a1cc       0x10 Drivers/STM32F1xx_HAL_Driver/Src/stm32f1xx_hal_rcc.o
 .rodata        0x000000000800a1dc        0x5 Middlewares/Third_Party/FreeRTOS/Source/tasks.o
 *fill*         0x000000000800a1e1        0x3 
 .rodata        0x000000000800a1e4        0xd Middlewares/Third_Party/FreeRTOS/Source/timers.o
 *fill*         0x000000000800a1f1        0x3 
 .rodata        0x000000000800a1f4       0x36 USB_DEVICE/App/usbd_desc.o
 *(.rodata*)
 *fill*         0x000000000800a22a        0x2 
 .rodata.defaultTask_attributes
                0x000000000800a22c       0x24 Core/Src/main.o
                0x000000000800a22c                defaultTask_attributes
 .rodata.kbdMatrixRead_attributes
                0x000000000800a250       0x24 Core/Src/main.o
                0x000000000800a250                kbdMatrixRead_attributes
 .rodata.processRecord_attributes
                0x000000000800a274       0x24 Core/Src/main.o
                0x000000000800a274                processRecord_attributes
 .rodata.keyboardRecordQueue_attributes
                0x000000000800a298       0x18 Core/Src/main.o
                0x000000000800a298                keyboardRecordQueue_attributes
 .rodata.AHBPrescTable
                0x000000000800a2b0       0x10 Core/Src/system_stm32f1xx.o
                0x000000000800a2b0                AHBPrescTable
 .rodata.keymap_azerty
                0x000000000800a2c0      0x1b0 Core/Src/kbdMatrixRead/kbdRecord.o
                0x000000000800a2c0                keymap_azerty
                0x000000000800a470                . = ALIGN (0x4)

.rel.dyn        0x000000000800a470        0x0
 .rel.iplt      0x000000000800a470        0x0 c:/st/stm32cubeide_1.6.1/stm32cubeide/plugins/com.st.stm32cube.ide.mcu.externaltools.gnu-tools-for-stm32.9-2020-q2-update.win32_1.5.0.202011040924/tools/bin/../lib/gcc/arm-none-eabi/9.3.1/thumb/v7-m/nofp/crtbegin.o

.ARM.extab      0x000000000800a470        0x0
                0x000000000800a470                . = ALIGN (0x4)
 *(.ARM.extab* .gnu.linkonce.armextab.*)
                0x000000000800a470                . = ALIGN (0x4)

.ARM            0x000000000800a470        0x0
                0x000000000800a470                . = ALIGN (0x4)
                0x000000000800a470                __exidx_start = .
 *(.ARM.exidx*)
                0x000000000800a470                __exidx_end = .
                0x000000000800a470                . = ALIGN (0x4)

.preinit_array  0x000000000800a470        0x0
                0x000000000800a470                . = ALIGN (0x4)
                0x000000000800a470                PROVIDE (__preinit_array_start = .)
 *(.preinit_array*)
                0x000000000800a470                PROVIDE (__preinit_array_end = .)
                0x000000000800a470                . = ALIGN (0x4)

.init_array     0x000000000800a470        0x4
                0x000000000800a470                . = ALIGN (0x4)
                0x000000000800a470                PROVIDE (__init_array_start = .)
 *(SORT_BY_NAME(.init_array.*))
 *(.init_array*)
 .init_array    0x000000000800a470        0x4 c:/st/stm32cubeide_1.6.1/stm32cubeide/plugins/com.st.stm32cube.ide.mcu.externaltools.gnu-tools-for-stm32.9-2020-q2-update.win32_1.5.0.202011040924/tools/bin/../lib/gcc/arm-none-eabi/9.3.1/thumb/v7-m/nofp/crtbegin.o
                0x000000000800a474                PROVIDE (__init_array_end = .)
                0x000000000800a474                . = ALIGN (0x4)

.fini_array     0x000000000800a474        0x4
                0x000000000800a474                . = ALIGN (0x4)
                [!provide]                        PROVIDE (__fini_array_start = .)
 *(SORT_BY_NAME(.fini_array.*))
 *(.fini_array*)
 .fini_array    0x000000000800a474        0x4 c:/st/stm32cubeide_1.6.1/stm32cubeide/plugins/com.st.stm32cube.ide.mcu.externaltools.gnu-tools-for-stm32.9-2020-q2-update.win32_1.5.0.202011040924/tools/bin/../lib/gcc/arm-none-eabi/9.3.1/thumb/v7-m/nofp/crtbegin.o
                [!provide]                        PROVIDE (__fini_array_end = .)
                0x000000000800a478                . = ALIGN (0x4)
                0x000000000800a478                _sidata = LOADADDR (.data)

.data           0x0000000020000000      0x15c load address 0x000000000800a478
                0x0000000020000000                . = ALIGN (0x4)
                0x0000000020000000                _sdata = .
 *(.data)
 *(.data*)
 .data.SystemCoreClock
                0x0000000020000000        0x4 Core/Src/system_stm32f1xx.o
                0x0000000020000000                SystemCoreClock
 .data.uwTickPrio
                0x0000000020000004        0x4 Drivers/STM32F1xx_HAL_Driver/Src/stm32f1xx_hal.o
                0x0000000020000004                uwTickPrio
 .data.uwTickFreq
                0x0000000020000008        0x1 Drivers/STM32F1xx_HAL_Driver/Src/stm32f1xx_hal.o
                0x0000000020000008                uwTickFreq
 *fill*         0x0000000020000009        0x3 
 .data.USBD_HID
                0x000000002000000c       0x38 Middlewares/ST/STM32_USB_Device_Library/Class/HID/Src/usbd_hid.o
                0x000000002000000c                USBD_HID
 .data.USBD_HID_CfgFSDesc
                0x0000000020000044       0x22 Middlewares/ST/STM32_USB_Device_Library/Class/HID/Src/usbd_hid.o
 *fill*         0x0000000020000066        0x2 
 .data.USBD_HID_CfgHSDesc
                0x0000000020000068       0x22 Middlewares/ST/STM32_USB_Device_Library/Class/HID/Src/usbd_hid.o
 *fill*         0x000000002000008a        0x2 
 .data.USBD_HID_OtherSpeedCfgDesc
                0x000000002000008c       0x22 Middlewares/ST/STM32_USB_Device_Library/Class/HID/Src/usbd_hid.o
 *fill*         0x00000000200000ae        0x2 
 .data.USBD_HID_Desc
                0x00000000200000b0        0x9 Middlewares/ST/STM32_USB_Device_Library/Class/HID/Src/usbd_hid.o
 *fill*         0x00000000200000b9        0x3 
 .data.USBD_HID_DeviceQualifierDesc
                0x00000000200000bc        0xa Middlewares/ST/STM32_USB_Device_Library/Class/HID/Src/usbd_hid.o
 *fill*         0x00000000200000c6        0x2 
 .data.HID_KEYBOARD_ReportDesc
                0x00000000200000c8       0x3f Middlewares/ST/STM32_USB_Device_Library/Class/HID/Src/usbd_hid.o
 *fill*         0x0000000020000107        0x1 
 .data.uxCriticalNesting
                0x0000000020000108        0x4 Middlewares/Third_Party/FreeRTOS/Source/portable/GCC/ARM_CM3/port.o
 .data.FS_Desc  0x000000002000010c       0x1c USB_DEVICE/App/usbd_desc.o
                0x000000002000010c                FS_Desc
 .data.USBD_FS_DeviceDesc
                0x0000000020000128       0x12 USB_DEVICE/App/usbd_desc.o
                0x0000000020000128                USBD_FS_DeviceDesc
 *fill*         0x000000002000013a        0x2 
 .data.USBD_LangIDDesc
                0x000000002000013c        0x4 USB_DEVICE/App/usbd_desc.o
                0x000000002000013c                USBD_LangIDDesc
 .data.USBD_StringSerial
                0x0000000020000140       0x1a USB_DEVICE/App/usbd_desc.o
                0x0000000020000140                USBD_StringSerial
 *(.RamFunc)
 *(.RamFunc*)
                0x000000002000015c                . = ALIGN (0x4)
 *fill*         0x000000002000015a        0x2 
                0x000000002000015c                _edata = .

.igot.plt       0x000000002000015c        0x0 load address 0x000000000800a5d4
 .igot.plt      0x000000002000015c        0x0 c:/st/stm32cubeide_1.6.1/stm32cubeide/plugins/com.st.stm32cube.ide.mcu.externaltools.gnu-tools-for-stm32.9-2020-q2-update.win32_1.5.0.202011040924/tools/bin/../lib/gcc/arm-none-eabi/9.3.1/thumb/v7-m/nofp/crtbegin.o
                0x000000002000015c                . = ALIGN (0x4)

.bss            0x000000002000015c     0x2274 load address 0x000000000800a5d4
                0x000000002000015c                _sbss = .
                0x000000002000015c                __bss_start__ = _sbss
 *(.bss)
 .bss           0x000000002000015c       0x1c c:/st/stm32cubeide_1.6.1/stm32cubeide/plugins/com.st.stm32cube.ide.mcu.externaltools.gnu-tools-for-stm32.9-2020-q2-update.win32_1.5.0.202011040924/tools/bin/../lib/gcc/arm-none-eabi/9.3.1/thumb/v7-m/nofp/crtbegin.o
 *(.bss*)
 .bss.globalPressedKeys
                0x0000000020000178        0xa Core/Src/kbdMatrixRead/kbdRecord.o
                0x0000000020000178                globalPressedKeys
 .bss.currentKeymapLevel
                0x0000000020000182        0x1 Core/Src/kbdMatrixRead/kbdRecord.o
                0x0000000020000182                currentKeymapLevel
 *fill*         0x0000000020000183        0x1 
 .bss.matrixState.5747
                0x0000000020000184      0x11a Core/Src/kbdMatrixRead/matrixRead.o
 *fill*         0x000000002000029e        0x2 
 .bss.keyboardhid
                0x00000000200002a0        0x8 Core/Src/processRecord/processRecord.o
                0x00000000200002a0                keyboardhid
 .bss.cfgidx.7718
                0x00000000200002a8        0x1 Middlewares/ST/STM32_USB_Device_Library/Core/Src/usbd_ctlreq.o
 *fill*         0x00000000200002a9        0x3 
 .bss.KernelState
                0x00000000200002ac        0x4 Middlewares/Third_Party/FreeRTOS/Source/CMSIS_RTOS_V2/cmsis_os2.o
 .bss.Idle_TCB  0x00000000200002b0       0x5c Middlewares/Third_Party/FreeRTOS/Source/CMSIS_RTOS_V2/cmsis_os2.o
 .bss.Idle_Stack
                0x000000002000030c      0x200 Middlewares/Third_Party/FreeRTOS/Source/CMSIS_RTOS_V2/cmsis_os2.o
 .bss.Timer_TCB
                0x000000002000050c       0x5c Middlewares/Third_Party/FreeRTOS/Source/CMSIS_RTOS_V2/cmsis_os2.o
 .bss.Timer_Stack
                0x0000000020000568      0x400 Middlewares/Third_Party/FreeRTOS/Source/CMSIS_RTOS_V2/cmsis_os2.o
 .bss.pxCurrentTCB
                0x0000000020000968        0x4 Middlewares/Third_Party/FreeRTOS/Source/tasks.o
                0x0000000020000968                pxCurrentTCB
 .bss.pxReadyTasksLists
                0x000000002000096c      0x460 Middlewares/Third_Party/FreeRTOS/Source/tasks.o
 .bss.xDelayedTaskList1
                0x0000000020000dcc       0x14 Middlewares/Third_Party/FreeRTOS/Source/tasks.o
 .bss.xDelayedTaskList2
                0x0000000020000de0       0x14 Middlewares/Third_Party/FreeRTOS/Source/tasks.o
 .bss.pxDelayedTaskList
                0x0000000020000df4        0x4 Middlewares/Third_Party/FreeRTOS/Source/tasks.o
 .bss.pxOverflowDelayedTaskList
                0x0000000020000df8        0x4 Middlewares/Third_Party/FreeRTOS/Source/tasks.o
 .bss.xPendingReadyList
                0x0000000020000dfc       0x14 Middlewares/Third_Party/FreeRTOS/Source/tasks.o
 .bss.xTasksWaitingTermination
                0x0000000020000e10       0x14 Middlewares/Third_Party/FreeRTOS/Source/tasks.o
 .bss.uxDeletedTasksWaitingCleanUp
                0x0000000020000e24        0x4 Middlewares/Third_Party/FreeRTOS/Source/tasks.o
 .bss.xSuspendedTaskList
                0x0000000020000e28       0x14 Middlewares/Third_Party/FreeRTOS/Source/tasks.o
 .bss.uxCurrentNumberOfTasks
                0x0000000020000e3c        0x4 Middlewares/Third_Party/FreeRTOS/Source/tasks.o
 .bss.xTickCount
                0x0000000020000e40        0x4 Middlewares/Third_Party/FreeRTOS/Source/tasks.o
 .bss.uxTopReadyPriority
                0x0000000020000e44        0x4 Middlewares/Third_Party/FreeRTOS/Source/tasks.o
 .bss.xSchedulerRunning
                0x0000000020000e48        0x4 Middlewares/Third_Party/FreeRTOS/Source/tasks.o
 .bss.uxPendedTicks
                0x0000000020000e4c        0x4 Middlewares/Third_Party/FreeRTOS/Source/tasks.o
 .bss.xYieldPending
                0x0000000020000e50        0x4 Middlewares/Third_Party/FreeRTOS/Source/tasks.o
 .bss.xNumOfOverflows
                0x0000000020000e54        0x4 Middlewares/Third_Party/FreeRTOS/Source/tasks.o
 .bss.uxTaskNumber
                0x0000000020000e58        0x4 Middlewares/Third_Party/FreeRTOS/Source/tasks.o
 .bss.xNextTaskUnblockTime
                0x0000000020000e5c        0x4 Middlewares/Third_Party/FreeRTOS/Source/tasks.o
 .bss.xIdleTaskHandle
                0x0000000020000e60        0x4 Middlewares/Third_Party/FreeRTOS/Source/tasks.o
 .bss.uxSchedulerSuspended
                0x0000000020000e64        0x4 Middlewares/Third_Party/FreeRTOS/Source/tasks.o
 .bss.xActiveTimerList1
                0x0000000020000e68       0x14 Middlewares/Third_Party/FreeRTOS/Source/timers.o
 .bss.xActiveTimerList2
                0x0000000020000e7c       0x14 Middlewares/Third_Party/FreeRTOS/Source/timers.o
 .bss.pxCurrentTimerList
                0x0000000020000e90        0x4 Middlewares/Third_Party/FreeRTOS/Source/timers.o
 .bss.pxOverflowTimerList
                0x0000000020000e94        0x4 Middlewares/Third_Party/FreeRTOS/Source/timers.o
 .bss.xTimerQueue
                0x0000000020000e98        0x4 Middlewares/Third_Party/FreeRTOS/Source/timers.o
 .bss.xTimerTaskHandle
                0x0000000020000e9c        0x4 Middlewares/Third_Party/FreeRTOS/Source/timers.o
 .bss.xLastTime.5526
                0x0000000020000ea0        0x4 Middlewares/Third_Party/FreeRTOS/Source/timers.o
 .bss.ucStaticTimerQueueStorage.5577
                0x0000000020000ea4       0xa0 Middlewares/Third_Party/FreeRTOS/Source/timers.o
 .bss.xStaticTimerQueue.5576
                0x0000000020000f44       0x50 Middlewares/Third_Party/FreeRTOS/Source/timers.o
 .bss.ucMaxSysCallPriority
                0x0000000020000f94        0x1 Middlewares/Third_Party/FreeRTOS/Source/portable/GCC/ARM_CM3/port.o
 *fill*         0x0000000020000f95        0x3 
 .bss.ulMaxPRIGROUPValue
                0x0000000020000f98        0x4 Middlewares/Third_Party/FreeRTOS/Source/portable/GCC/ARM_CM3/port.o
 .bss.ucHeap    0x0000000020000f9c      0xc00 Middlewares/Third_Party/FreeRTOS/Source/portable/MemMang/heap_4.o
 .bss.xStart    0x0000000020001b9c        0x8 Middlewares/Third_Party/FreeRTOS/Source/portable/MemMang/heap_4.o
 .bss.pxEnd     0x0000000020001ba4        0x4 Middlewares/Third_Party/FreeRTOS/Source/portable/MemMang/heap_4.o
 .bss.xFreeBytesRemaining
                0x0000000020001ba8        0x4 Middlewares/Third_Party/FreeRTOS/Source/portable/MemMang/heap_4.o
 .bss.xMinimumEverFreeBytesRemaining
                0x0000000020001bac        0x4 Middlewares/Third_Party/FreeRTOS/Source/portable/MemMang/heap_4.o
 .bss.xBlockAllocatedBit
                0x0000000020001bb0        0x4 Middlewares/Third_Party/FreeRTOS/Source/portable/MemMang/heap_4.o
 .bss.mem.7760  0x0000000020001bb4       0x14 USB_DEVICE/Target/usbd_conf.o
 *(COMMON)
 COMMON         0x0000000020001bc8       0x10 Core/Src/main.o
                0x0000000020001bc8                defaultTaskHandle
                0x0000000020001bcc                keyboardRecordQueueHandle
                0x0000000020001bd0                processRecordHandle
                0x0000000020001bd4                kbdMatrixReadHandle
 COMMON         0x0000000020001bd8        0x4 Core/Src/processRecord/processRecord.o
                0x0000000020001bd8                globalState
 COMMON         0x0000000020001bdc        0x4 Drivers/STM32F1xx_HAL_Driver/Src/stm32f1xx_hal.o
                0x0000000020001bdc                uwTick
 COMMON         0x0000000020001be0       0x40 Middlewares/Third_Party/FreeRTOS/Source/queue.o
                0x0000000020001be0                xQueueRegistry
 COMMON         0x0000000020001c20      0x2c4 USB_DEVICE/App/usb_device.o
                0x0000000020001c20                hUsbDeviceFS
 COMMON         0x0000000020001ee4      0x200 USB_DEVICE/App/usbd_desc.o
                0x0000000020001ee4                USBD_StrDesc
 COMMON         0x00000000200020e4      0x2ec USB_DEVICE/Target/usbd_conf.o
                0x00000000200020e4                hpcd_USB_FS
                0x00000000200023d0                . = ALIGN (0x4)
                0x00000000200023d0                _ebss = .
                0x00000000200023d0                __bss_end__ = _ebss

._user_heap_stack
                0x00000000200023d0      0x600 load address 0x000000000800a5d4
                0x00000000200023d0                . = ALIGN (0x8)
                [!provide]                        PROVIDE (end = .)
                0x00000000200023d0                PROVIDE (_end = .)
                0x00000000200025d0                . = (. + _Min_Heap_Size)
 *fill*         0x00000000200023d0      0x200 
                0x00000000200029d0                . = (. + _Min_Stack_Size)
 *fill*         0x00000000200025d0      0x400 
                0x00000000200029d0                . = ALIGN (0x8)

/DISCARD/
 libc.a(*)
 libm.a(*)
 libgcc.a(*)

.ARM.attributes
                0x0000000000000000       0x29
 *(.ARM.attributes)
 .ARM.attributes
                0x0000000000000000       0x1d c:/st/stm32cubeide_1.6.1/stm32cubeide/plugins/com.st.stm32cube.ide.mcu.externaltools.gnu-tools-for-stm32.9-2020-q2-update.win32_1.5.0.202011040924/tools/bin/../lib/gcc/arm-none-eabi/9.3.1/thumb/v7-m/nofp/crti.o
 .ARM.attributes
                0x000000000000001d       0x2d c:/st/stm32cubeide_1.6.1/stm32cubeide/plugins/com.st.stm32cube.ide.mcu.externaltools.gnu-tools-for-stm32.9-2020-q2-update.win32_1.5.0.202011040924/tools/bin/../lib/gcc/arm-none-eabi/9.3.1/thumb/v7-m/nofp/crtbegin.o
 .ARM.attributes
                0x000000000000004a       0x2d Core/Src/main.o
 .ARM.attributes
                0x0000000000000077       0x2d Core/Src/stm32f1xx_hal_msp.o
 .ARM.attributes
                0x00000000000000a4       0x2d Core/Src/stm32f1xx_it.o
 .ARM.attributes
                0x00000000000000d1       0x2d Core/Src/system_stm32f1xx.o
 .ARM.attributes
                0x00000000000000fe       0x2d Core/Src/kbdMatrixRead/kbdRecord.o
 .ARM.attributes
                0x000000000000012b       0x2d Core/Src/kbdMatrixRead/matrixRead.o
 .ARM.attributes
                0x0000000000000158       0x2d Core/Src/processRecord/processRecord.o
 .ARM.attributes
                0x0000000000000185       0x21 Core/Startup/startup_stm32f103c8tx.o
 .ARM.attributes
                0x00000000000001a6       0x2d Drivers/STM32F1xx_HAL_Driver/Src/stm32f1xx_hal.o
 .ARM.attributes
                0x00000000000001d3       0x2d Drivers/STM32F1xx_HAL_Driver/Src/stm32f1xx_hal_cortex.o
 .ARM.attributes
                0x0000000000000200       0x2d Drivers/STM32F1xx_HAL_Driver/Src/stm32f1xx_hal_gpio.o
 .ARM.attributes
                0x000000000000022d       0x2d Drivers/STM32F1xx_HAL_Driver/Src/stm32f1xx_hal_pcd.o
 .ARM.attributes
                0x000000000000025a       0x2d Drivers/STM32F1xx_HAL_Driver/Src/stm32f1xx_hal_pcd_ex.o
 .ARM.attributes
                0x0000000000000287       0x2d Drivers/STM32F1xx_HAL_Driver/Src/stm32f1xx_hal_rcc.o
 .ARM.attributes
                0x00000000000002b4       0x2d Drivers/STM32F1xx_HAL_Driver/Src/stm32f1xx_hal_rcc_ex.o
 .ARM.attributes
                0x00000000000002e1       0x2d Drivers/STM32F1xx_HAL_Driver/Src/stm32f1xx_ll_usb.o
 .ARM.attributes
                0x000000000000030e       0x2d Middlewares/ST/STM32_USB_Device_Library/Class/HID/Src/usbd_hid.o
 .ARM.attributes
                0x000000000000033b       0x2d Middlewares/ST/STM32_USB_Device_Library/Core/Src/usbd_core.o
 .ARM.attributes
                0x0000000000000368       0x2d Middlewares/ST/STM32_USB_Device_Library/Core/Src/usbd_ctlreq.o
 .ARM.attributes
                0x0000000000000395       0x2d Middlewares/ST/STM32_USB_Device_Library/Core/Src/usbd_ioreq.o
 .ARM.attributes
                0x00000000000003c2       0x2d Middlewares/Third_Party/FreeRTOS/Source/CMSIS_RTOS_V2/cmsis_os2.o
 .ARM.attributes
                0x00000000000003ef       0x2d Middlewares/Third_Party/FreeRTOS/Source/list.o
 .ARM.attributes
                0x000000000000041c       0x2d Middlewares/Third_Party/FreeRTOS/Source/queue.o
 .ARM.attributes
                0x0000000000000449       0x2d Middlewares/Third_Party/FreeRTOS/Source/tasks.o
 .ARM.attributes
                0x0000000000000476       0x2d Middlewares/Third_Party/FreeRTOS/Source/timers.o
 .ARM.attributes
                0x00000000000004a3       0x2d Middlewares/Third_Party/FreeRTOS/Source/portable/GCC/ARM_CM3/port.o
 .ARM.attributes
                0x00000000000004d0       0x2d Middlewares/Third_Party/FreeRTOS/Source/portable/MemMang/heap_4.o
 .ARM.attributes
                0x00000000000004fd       0x2d USB_DEVICE/App/usb_device.o
 .ARM.attributes
                0x000000000000052a       0x2d USB_DEVICE/App/usbd_desc.o
 .ARM.attributes
                0x0000000000000557       0x2d USB_DEVICE/Target/usbd_conf.o
 .ARM.attributes
                0x0000000000000584       0x2d c:/st/stm32cubeide_1.6.1/stm32cubeide/plugins/com.st.stm32cube.ide.mcu.externaltools.gnu-tools-for-stm32.9-2020-q2-update.win32_1.5.0.202011040924/tools/bin/../lib/gcc/arm-none-eabi/9.3.1/../../../../arm-none-eabi/lib/thumb/v7-m/nofp\libc_nano.a(lib_a-init.o)
 .ARM.attributes
                0x00000000000005b1       0x2d c:/st/stm32cubeide_1.6.1/stm32cubeide/plugins/com.st.stm32cube.ide.mcu.externaltools.gnu-tools-for-stm32.9-2020-q2-update.win32_1.5.0.202011040924/tools/bin/../lib/gcc/arm-none-eabi/9.3.1/../../../../arm-none-eabi/lib/thumb/v7-m/nofp\libc_nano.a(lib_a-memcpy-stub.o)
 .ARM.attributes
                0x00000000000005de       0x2d c:/st/stm32cubeide_1.6.1/stm32cubeide/plugins/com.st.stm32cube.ide.mcu.externaltools.gnu-tools-for-stm32.9-2020-q2-update.win32_1.5.0.202011040924/tools/bin/../lib/gcc/arm-none-eabi/9.3.1/../../../../arm-none-eabi/lib/thumb/v7-m/nofp\libc_nano.a(lib_a-memset.o)
 .ARM.attributes
                0x000000000000060b       0x1d c:/st/stm32cubeide_1.6.1/stm32cubeide/plugins/com.st.stm32cube.ide.mcu.externaltools.gnu-tools-for-stm32.9-2020-q2-update.win32_1.5.0.202011040924/tools/bin/../lib/gcc/arm-none-eabi/9.3.1/thumb/v7-m/nofp/crtn.o
OUTPUT(PlagueKBD.elf elf32-littlearm)
LOAD linker stubs
LOAD c:/st/stm32cubeide_1.6.1/stm32cubeide/plugins/com.st.stm32cube.ide.mcu.externaltools.gnu-tools-for-stm32.9-2020-q2-update.win32_1.5.0.202011040924/tools/bin/../lib/gcc/arm-none-eabi/9.3.1/../../../../arm-none-eabi/lib/thumb/v7-m/nofp\libc.a
LOAD c:/st/stm32cubeide_1.6.1/stm32cubeide/plugins/com.st.stm32cube.ide.mcu.externaltools.gnu-tools-for-stm32.9-2020-q2-update.win32_1.5.0.202011040924/tools/bin/../lib/gcc/arm-none-eabi/9.3.1/../../../../arm-none-eabi/lib/thumb/v7-m/nofp\libm.a
LOAD c:/st/stm32cubeide_1.6.1/stm32cubeide/plugins/com.st.stm32cube.ide.mcu.externaltools.gnu-tools-for-stm32.9-2020-q2-update.win32_1.5.0.202011040924/tools/bin/../lib/gcc/arm-none-eabi/9.3.1/thumb/v7-m/nofp\libgcc.a

.debug_info     0x0000000000000000    0x1d1c6
 .debug_info    0x0000000000000000      0x99d Core/Src/main.o
 .debug_info    0x000000000000099d      0x443 Core/Src/stm32f1xx_hal_msp.o
 .debug_info    0x0000000000000de0      0x700 Core/Src/stm32f1xx_it.o
 .debug_info    0x00000000000014e0      0x2be Core/Src/system_stm32f1xx.o
 .debug_info    0x000000000000179e      0x4ac Core/Src/kbdMatrixRead/kbdRecord.o
 .debug_info    0x0000000000001c4a      0x3d6 Core/Src/kbdMatrixRead/matrixRead.o
 .debug_info    0x0000000000002020     0x110b Core/Src/processRecord/processRecord.o
 .debug_info    0x000000000000312b       0x22 Core/Startup/startup_stm32f103c8tx.o
 .debug_info    0x000000000000314d      0x76a Drivers/STM32F1xx_HAL_Driver/Src/stm32f1xx_hal.o
 .debug_info    0x00000000000038b7      0xbdc Drivers/STM32F1xx_HAL_Driver/Src/stm32f1xx_hal_cortex.o
 .debug_info    0x0000000000004493      0x701 Drivers/STM32F1xx_HAL_Driver/Src/stm32f1xx_hal_gpio.o
 .debug_info    0x0000000000004b94     0x1332 Drivers/STM32F1xx_HAL_Driver/Src/stm32f1xx_hal_pcd.o
 .debug_info    0x0000000000005ec6      0x7fa Drivers/STM32F1xx_HAL_Driver/Src/stm32f1xx_hal_pcd_ex.o
 .debug_info    0x00000000000066c0      0x88e Drivers/STM32F1xx_HAL_Driver/Src/stm32f1xx_hal_rcc.o
 .debug_info    0x0000000000006f4e      0x480 Drivers/STM32F1xx_HAL_Driver/Src/stm32f1xx_hal_rcc_ex.o
 .debug_info    0x00000000000073ce     0x1911 Drivers/STM32F1xx_HAL_Driver/Src/stm32f1xx_ll_usb.o
 .debug_info    0x0000000000008cdf     0x1273 Middlewares/ST/STM32_USB_Device_Library/Class/HID/Src/usbd_hid.o
 .debug_info    0x0000000000009f52     0x12ef Middlewares/ST/STM32_USB_Device_Library/Core/Src/usbd_core.o
 .debug_info    0x000000000000b241     0x125c Middlewares/ST/STM32_USB_Device_Library/Core/Src/usbd_ctlreq.o
 .debug_info    0x000000000000c49d     0x102e Middlewares/ST/STM32_USB_Device_Library/Core/Src/usbd_ioreq.o
 .debug_info    0x000000000000d4cb     0x3cd3 Middlewares/Third_Party/FreeRTOS/Source/CMSIS_RTOS_V2/cmsis_os2.o
 .debug_info    0x000000000001119e      0xb7c Middlewares/Third_Party/FreeRTOS/Source/list.o
 .debug_info    0x0000000000011d1a     0x22de Middlewares/Third_Party/FreeRTOS/Source/queue.o
 .debug_info    0x0000000000013ff8     0x29ae Middlewares/Third_Party/FreeRTOS/Source/tasks.o
 .debug_info    0x00000000000169a6     0x1afb Middlewares/Third_Party/FreeRTOS/Source/timers.o
 .debug_info    0x00000000000184a1      0x4a1 Middlewares/Third_Party/FreeRTOS/Source/portable/GCC/ARM_CM3/port.o
 .debug_info    0x0000000000018942      0xc77 Middlewares/Third_Party/FreeRTOS/Source/portable/MemMang/heap_4.o
 .debug_info    0x00000000000195b9      0xeaf USB_DEVICE/App/usb_device.o
 .debug_info    0x000000000001a468      0xde8 USB_DEVICE/App/usbd_desc.o
 .debug_info    0x000000000001b250     0x1f76 USB_DEVICE/Target/usbd_conf.o

.debug_abbrev   0x0000000000000000     0x4462
 .debug_abbrev  0x0000000000000000      0x258 Core/Src/main.o
 .debug_abbrev  0x0000000000000258      0x126 Core/Src/stm32f1xx_hal_msp.o
 .debug_abbrev  0x000000000000037e      0x173 Core/Src/stm32f1xx_it.o
 .debug_abbrev  0x00000000000004f1      0x14e Core/Src/system_stm32f1xx.o
 .debug_abbrev  0x000000000000063f      0x1be Core/Src/kbdMatrixRead/kbdRecord.o
 .debug_abbrev  0x00000000000007fd      0x1a4 Core/Src/kbdMatrixRead/matrixRead.o
 .debug_abbrev  0x00000000000009a1      0x23b Core/Src/processRecord/processRecord.o
 .debug_abbrev  0x0000000000000bdc       0x12 Core/Startup/startup_stm32f103c8tx.o
 .debug_abbrev  0x0000000000000bee      0x1ed Drivers/STM32F1xx_HAL_Driver/Src/stm32f1xx_hal.o
 .debug_abbrev  0x0000000000000ddb      0x313 Drivers/STM32F1xx_HAL_Driver/Src/stm32f1xx_hal_cortex.o
 .debug_abbrev  0x00000000000010ee      0x1e8 Drivers/STM32F1xx_HAL_Driver/Src/stm32f1xx_hal_gpio.o
 .debug_abbrev  0x00000000000012d6      0x29e Drivers/STM32F1xx_HAL_Driver/Src/stm32f1xx_hal_pcd.o
 .debug_abbrev  0x0000000000001574      0x1ac Drivers/STM32F1xx_HAL_Driver/Src/stm32f1xx_hal_pcd_ex.o
 .debug_abbrev  0x0000000000001720      0x273 Drivers/STM32F1xx_HAL_Driver/Src/stm32f1xx_hal_rcc.o
 .debug_abbrev  0x0000000000001993      0x193 Drivers/STM32F1xx_HAL_Driver/Src/stm32f1xx_hal_rcc_ex.o
 .debug_abbrev  0x0000000000001b26      0x1fa Drivers/STM32F1xx_HAL_Driver/Src/stm32f1xx_ll_usb.o
 .debug_abbrev  0x0000000000001d20      0x2b7 Middlewares/ST/STM32_USB_Device_Library/Class/HID/Src/usbd_hid.o
 .debug_abbrev  0x0000000000001fd7      0x2a8 Middlewares/ST/STM32_USB_Device_Library/Core/Src/usbd_core.o
 .debug_abbrev  0x000000000000227f      0x2de Middlewares/ST/STM32_USB_Device_Library/Core/Src/usbd_ctlreq.o
 .debug_abbrev  0x000000000000255d      0x20a Middlewares/ST/STM32_USB_Device_Library/Core/Src/usbd_ioreq.o
 .debug_abbrev  0x0000000000002767      0x3ed Middlewares/Third_Party/FreeRTOS/Source/CMSIS_RTOS_V2/cmsis_os2.o
 .debug_abbrev  0x0000000000002b54      0x1f7 Middlewares/Third_Party/FreeRTOS/Source/list.o
 .debug_abbrev  0x0000000000002d4b      0x3a2 Middlewares/Third_Party/FreeRTOS/Source/queue.o
 .debug_abbrev  0x00000000000030ed      0x39a Middlewares/Third_Party/FreeRTOS/Source/tasks.o
 .debug_abbrev  0x0000000000003487      0x317 Middlewares/Third_Party/FreeRTOS/Source/timers.o
 .debug_abbrev  0x000000000000379e      0x22f Middlewares/Third_Party/FreeRTOS/Source/portable/GCC/ARM_CM3/port.o
 .debug_abbrev  0x00000000000039cd      0x2d3 Middlewares/Third_Party/FreeRTOS/Source/portable/MemMang/heap_4.o
 .debug_abbrev  0x0000000000003ca0      0x1db USB_DEVICE/App/usb_device.o
 .debug_abbrev  0x0000000000003e7b      0x2ca USB_DEVICE/App/usbd_desc.o
 .debug_abbrev  0x0000000000004145      0x31d USB_DEVICE/Target/usbd_conf.o

.debug_aranges  0x0000000000000000     0x11f8
 .debug_aranges
                0x0000000000000000       0x58 Core/Src/main.o
 .debug_aranges
                0x0000000000000058       0x20 Core/Src/stm32f1xx_hal_msp.o
 .debug_aranges
                0x0000000000000078       0x58 Core/Src/stm32f1xx_it.o
 .debug_aranges
                0x00000000000000d0       0x28 Core/Src/system_stm32f1xx.o
 .debug_aranges
                0x00000000000000f8       0x30 Core/Src/kbdMatrixRead/kbdRecord.o
 .debug_aranges
                0x0000000000000128       0x40 Core/Src/kbdMatrixRead/matrixRead.o
 .debug_aranges
                0x0000000000000168       0x20 Core/Src/processRecord/processRecord.o
 .debug_aranges
                0x0000000000000188       0x28 Core/Startup/startup_stm32f103c8tx.o
 .debug_aranges
                0x00000000000001b0       0xe0 Drivers/STM32F1xx_HAL_Driver/Src/stm32f1xx_hal.o
 .debug_aranges
                0x0000000000000290      0x100 Drivers/STM32F1xx_HAL_Driver/Src/stm32f1xx_hal_cortex.o
 .debug_aranges
                0x0000000000000390       0x58 Drivers/STM32F1xx_HAL_Driver/Src/stm32f1xx_hal_gpio.o
 .debug_aranges
                0x00000000000003e8      0x138 Drivers/STM32F1xx_HAL_Driver/Src/stm32f1xx_hal_pcd.o
 .debug_aranges
                0x0000000000000520       0x38 Drivers/STM32F1xx_HAL_Driver/Src/stm32f1xx_hal_pcd_ex.o
 .debug_aranges
                0x0000000000000558       0x90 Drivers/STM32F1xx_HAL_Driver/Src/stm32f1xx_hal_rcc.o
 .debug_aranges
                0x00000000000005e8       0x30 Drivers/STM32F1xx_HAL_Driver/Src/stm32f1xx_hal_rcc_ex.o
 .debug_aranges
                0x0000000000000618       0xf0 Drivers/STM32F1xx_HAL_Driver/Src/stm32f1xx_ll_usb.o
 .debug_aranges
                0x0000000000000708       0x68 Middlewares/ST/STM32_USB_Device_Library/Class/HID/Src/usbd_hid.o
 .debug_aranges
                0x0000000000000770       0xb8 Middlewares/ST/STM32_USB_Device_Library/Core/Src/usbd_core.o
 .debug_aranges
                0x0000000000000828       0x88 Middlewares/ST/STM32_USB_Device_Library/Core/Src/usbd_ctlreq.o
 .debug_aranges
                0x00000000000008b0       0x50 Middlewares/ST/STM32_USB_Device_Library/Core/Src/usbd_ioreq.o
 .debug_aranges
                0x0000000000000900      0x228 Middlewares/Third_Party/FreeRTOS/Source/CMSIS_RTOS_V2/cmsis_os2.o
 .debug_aranges
                0x0000000000000b28       0x40 Middlewares/Third_Party/FreeRTOS/Source/list.o
 .debug_aranges
                0x0000000000000b68      0x158 Middlewares/Third_Party/FreeRTOS/Source/queue.o
 .debug_aranges
                0x0000000000000cc0      0x1f8 Middlewares/Third_Party/FreeRTOS/Source/tasks.o
 .debug_aranges
                0x0000000000000eb8       0xe0 Middlewares/Third_Party/FreeRTOS/Source/timers.o
 .debug_aranges
                0x0000000000000f98       0x78 Middlewares/Third_Party/FreeRTOS/Source/portable/GCC/ARM_CM3/port.o
 .debug_aranges
                0x0000000000001010       0x50 Middlewares/Third_Party/FreeRTOS/Source/portable/MemMang/heap_4.o
 .debug_aranges
                0x0000000000001060       0x20 USB_DEVICE/App/usb_device.o
 .debug_aranges
                0x0000000000001080       0x60 USB_DEVICE/App/usbd_desc.o
 .debug_aranges
                0x00000000000010e0      0x118 USB_DEVICE/Target/usbd_conf.o

.debug_ranges   0x0000000000000000     0x1020
 .debug_ranges  0x0000000000000000       0x48 Core/Src/main.o
 .debug_ranges  0x0000000000000048       0x10 Core/Src/stm32f1xx_hal_msp.o
 .debug_ranges  0x0000000000000058       0x48 Core/Src/stm32f1xx_it.o
 .debug_ranges  0x00000000000000a0       0x18 Core/Src/system_stm32f1xx.o
 .debug_ranges  0x00000000000000b8       0x20 Core/Src/kbdMatrixRead/kbdRecord.o
 .debug_ranges  0x00000000000000d8       0x30 Core/Src/kbdMatrixRead/matrixRead.o
 .debug_ranges  0x0000000000000108       0x10 Core/Src/processRecord/processRecord.o
 .debug_ranges  0x0000000000000118       0x20 Core/Startup/startup_stm32f103c8tx.o
 .debug_ranges  0x0000000000000138       0xd0 Drivers/STM32F1xx_HAL_Driver/Src/stm32f1xx_hal.o
 .debug_ranges  0x0000000000000208       0xf0 Drivers/STM32F1xx_HAL_Driver/Src/stm32f1xx_hal_cortex.o
 .debug_ranges  0x00000000000002f8       0x48 Drivers/STM32F1xx_HAL_Driver/Src/stm32f1xx_hal_gpio.o
 .debug_ranges  0x0000000000000340      0x128 Drivers/STM32F1xx_HAL_Driver/Src/stm32f1xx_hal_pcd.o
 .debug_ranges  0x0000000000000468       0x28 Drivers/STM32F1xx_HAL_Driver/Src/stm32f1xx_hal_pcd_ex.o
 .debug_ranges  0x0000000000000490       0x80 Drivers/STM32F1xx_HAL_Driver/Src/stm32f1xx_hal_rcc.o
 .debug_ranges  0x0000000000000510       0x20 Drivers/STM32F1xx_HAL_Driver/Src/stm32f1xx_hal_rcc_ex.o
 .debug_ranges  0x0000000000000530       0xe0 Drivers/STM32F1xx_HAL_Driver/Src/stm32f1xx_ll_usb.o
 .debug_ranges  0x0000000000000610       0x58 Middlewares/ST/STM32_USB_Device_Library/Class/HID/Src/usbd_hid.o
 .debug_ranges  0x0000000000000668       0xa8 Middlewares/ST/STM32_USB_Device_Library/Core/Src/usbd_core.o
 .debug_ranges  0x0000000000000710       0x78 Middlewares/ST/STM32_USB_Device_Library/Core/Src/usbd_ctlreq.o
 .debug_ranges  0x0000000000000788       0x40 Middlewares/ST/STM32_USB_Device_Library/Core/Src/usbd_ioreq.o
 .debug_ranges  0x00000000000007c8      0x218 Middlewares/Third_Party/FreeRTOS/Source/CMSIS_RTOS_V2/cmsis_os2.o
 .debug_ranges  0x00000000000009e0       0x30 Middlewares/Third_Party/FreeRTOS/Source/list.o
 .debug_ranges  0x0000000000000a10      0x148 Middlewares/Third_Party/FreeRTOS/Source/queue.o
 .debug_ranges  0x0000000000000b58      0x1e8 Middlewares/Third_Party/FreeRTOS/Source/tasks.o
 .debug_ranges  0x0000000000000d40       0xd0 Middlewares/Third_Party/FreeRTOS/Source/timers.o
 .debug_ranges  0x0000000000000e10       0x68 Middlewares/Third_Party/FreeRTOS/Source/portable/GCC/ARM_CM3/port.o
 .debug_ranges  0x0000000000000e78       0x40 Middlewares/Third_Party/FreeRTOS/Source/portable/MemMang/heap_4.o
 .debug_ranges  0x0000000000000eb8       0x10 USB_DEVICE/App/usb_device.o
 .debug_ranges  0x0000000000000ec8       0x50 USB_DEVICE/App/usbd_desc.o
 .debug_ranges  0x0000000000000f18      0x108 USB_DEVICE/Target/usbd_conf.o

.debug_macro    0x0000000000000000     0x56f1
 .debug_macro   0x0000000000000000      0x234 Core/Src/main.o
 .debug_macro   0x0000000000000234       0x5b Core/Src/main.o
 .debug_macro   0x000000000000028f       0x74 Core/Src/main.o
 .debug_macro   0x0000000000000303      0x11c Core/Src/main.o
 .debug_macro   0x000000000000041f       0xdd Core/Src/main.o
 .debug_macro   0x00000000000004fc      0x1c1 Core/Src/stm32f1xx_hal_msp.o
 .debug_macro   0x00000000000006bd      0x233 Core/Src/stm32f1xx_it.o
 .debug_macro   0x00000000000008f0      0x1a8 Core/Src/system_stm32f1xx.o
 .debug_macro   0x0000000000000a98      0x268 Core/Src/kbdMatrixRead/kbdRecord.o
 .debug_macro   0x0000000000000d00       0x22 Core/Src/kbdMatrixRead/kbdRecord.o
 .debug_macro   0x0000000000000d22       0x16 Core/Src/kbdMatrixRead/kbdRecord.o
 .debug_macro   0x0000000000000d38      0x1b2 Core/Src/kbdMatrixRead/matrixRead.o
 .debug_macro   0x0000000000000eea      0x429 Core/Src/processRecord/processRecord.o
 .debug_macro   0x0000000000001313       0x52 Core/Src/processRecord/processRecord.o
 .debug_macro   0x0000000000001365       0x16 Core/Src/processRecord/processRecord.o
 .debug_macro   0x000000000000137b      0x333 Core/Src/processRecord/processRecord.o
 .debug_macro   0x00000000000016ae       0x16 Core/Src/processRecord/processRecord.o
 .debug_macro   0x00000000000016c4       0x20 Core/Src/processRecord/processRecord.o
 .debug_macro   0x00000000000016e4       0x60 Core/Src/processRecord/processRecord.o
 .debug_macro   0x0000000000001744      0x1c8 Core/Src/processRecord/processRecord.o
 .debug_macro   0x000000000000190c      0x1cc Drivers/STM32F1xx_HAL_Driver/Src/stm32f1xx_hal.o
 .debug_macro   0x0000000000001ad8      0x1a8 Drivers/STM32F1xx_HAL_Driver/Src/stm32f1xx_hal_cortex.o
 .debug_macro   0x0000000000001c80      0x213 Drivers/STM32F1xx_HAL_Driver/Src/stm32f1xx_hal_gpio.o
 .debug_macro   0x0000000000001e93      0x1b4 Drivers/STM32F1xx_HAL_Driver/Src/stm32f1xx_hal_pcd.o
 .debug_macro   0x0000000000002047      0x1a8 Drivers/STM32F1xx_HAL_Driver/Src/stm32f1xx_hal_pcd_ex.o
 .debug_macro   0x00000000000021ef      0x1ba Drivers/STM32F1xx_HAL_Driver/Src/stm32f1xx_hal_rcc.o
 .debug_macro   0x00000000000023a9      0x1a8 Drivers/STM32F1xx_HAL_Driver/Src/stm32f1xx_hal_rcc_ex.o
 .debug_macro   0x0000000000002551      0x1a8 Drivers/STM32F1xx_HAL_Driver/Src/stm32f1xx_ll_usb.o
 .debug_macro   0x00000000000026f9      0x3d7 Middlewares/ST/STM32_USB_Device_Library/Class/HID/Src/usbd_hid.o
 .debug_macro   0x0000000000002ad0       0x97 Middlewares/ST/STM32_USB_Device_Library/Class/HID/Src/usbd_hid.o
 .debug_macro   0x0000000000002b67       0xfd Middlewares/ST/STM32_USB_Device_Library/Class/HID/Src/usbd_hid.o
 .debug_macro   0x0000000000002c64       0xbd Middlewares/ST/STM32_USB_Device_Library/Class/HID/Src/usbd_hid.o
 .debug_macro   0x0000000000002d21       0x56 Middlewares/ST/STM32_USB_Device_Library/Class/HID/Src/usbd_hid.o
 .debug_macro   0x0000000000002d77       0x64 Middlewares/ST/STM32_USB_Device_Library/Class/HID/Src/usbd_hid.o
 .debug_macro   0x0000000000002ddb      0x3be Middlewares/ST/STM32_USB_Device_Library/Core/Src/usbd_core.o
 .debug_macro   0x0000000000003199      0x1ce Middlewares/ST/STM32_USB_Device_Library/Core/Src/usbd_core.o
 .debug_macro   0x0000000000003367      0x3c8 Middlewares/ST/STM32_USB_Device_Library/Core/Src/usbd_ctlreq.o
 .debug_macro   0x000000000000372f      0x3c4 Middlewares/ST/STM32_USB_Device_Library/Core/Src/usbd_ioreq.o
 .debug_macro   0x0000000000003af3      0x247 Middlewares/Third_Party/FreeRTOS/Source/CMSIS_RTOS_V2/cmsis_os2.o
 .debug_macro   0x0000000000003d3a       0x10 Middlewares/Third_Party/FreeRTOS/Source/CMSIS_RTOS_V2/cmsis_os2.o
 .debug_macro   0x0000000000003d4a       0x10 Middlewares/Third_Party/FreeRTOS/Source/CMSIS_RTOS_V2/cmsis_os2.o
 .debug_macro   0x0000000000003d5a       0xb7 Middlewares/Third_Party/FreeRTOS/Source/CMSIS_RTOS_V2/cmsis_os2.o
 .debug_macro   0x0000000000003e11       0x91 Middlewares/Third_Party/FreeRTOS/Source/CMSIS_RTOS_V2/cmsis_os2.o
 .debug_macro   0x0000000000003ea2       0x8d Middlewares/Third_Party/FreeRTOS/Source/CMSIS_RTOS_V2/cmsis_os2.o
 .debug_macro   0x0000000000003f2f       0x9a Middlewares/Third_Party/FreeRTOS/Source/CMSIS_RTOS_V2/cmsis_os2.o
 .debug_macro   0x0000000000003fc9      0x187 Middlewares/Third_Party/FreeRTOS/Source/list.o
 .debug_macro   0x0000000000004150      0x212 Middlewares/Third_Party/FreeRTOS/Source/queue.o
 .debug_macro   0x0000000000004362      0x287 Middlewares/Third_Party/FreeRTOS/Source/tasks.o
 .debug_macro   0x00000000000045e9       0x10 Middlewares/Third_Party/FreeRTOS/Source/tasks.o
 .debug_macro   0x00000000000045f9      0x1ca Middlewares/Third_Party/FreeRTOS/Source/timers.o
 .debug_macro   0x00000000000047c3      0x172 Middlewares/Third_Party/FreeRTOS/Source/portable/GCC/ARM_CM3/port.o
 .debug_macro   0x0000000000004935      0x1ae Middlewares/Third_Party/FreeRTOS/Source/portable/MemMang/heap_4.o
 .debug_macro   0x0000000000004ae3      0x3f4 USB_DEVICE/App/usb_device.o
 .debug_macro   0x0000000000004ed7       0x22 USB_DEVICE/App/usb_device.o
 .debug_macro   0x0000000000004ef9      0x3fb USB_DEVICE/App/usbd_desc.o
 .debug_macro   0x00000000000052f4       0x1c USB_DEVICE/App/usbd_desc.o
 .debug_macro   0x0000000000005310      0x3e1 USB_DEVICE/Target/usbd_conf.o

.debug_line     0x0000000000000000    0x16ca4
 .debug_line    0x0000000000000000      0x93f Core/Src/main.o