Archive member included to satisfy reference by file (symbol)

c:/st/stm32cubeide_1.6.1/stm32cubeide/plugins/com.st.stm32cube.ide.mcu.externaltools.gnu-tools-for-stm32.9-2020-q2-update.win32_1.5.0.202011040924/tools/bin/../lib/gcc/arm-none-eabi/9.3.1/../../../../arm-none-eabi/lib/thumb/v7-m/nofp\libc_nano.a(lib_a-errno.o)
                              Core/Src/syscalls.o (__errno)
c:/st/stm32cubeide_1.6.1/stm32cubeide/plugins/com.st.stm32cube.ide.mcu.externaltools.gnu-tools-for-stm32.9-2020-q2-update.win32_1.5.0.202011040924/tools/bin/../lib/gcc/arm-none-eabi/9.3.1/../../../../arm-none-eabi/lib/thumb/v7-m/nofp\libc_nano.a(lib_a-exit.o)
                              c:/st/stm32cubeide_1.6.1/stm32cubeide/plugins/com.st.stm32cube.ide.mcu.externaltools.gnu-tools-for-stm32.9-2020-q2-update.win32_1.5.0.202011040924/tools/bin/../lib/gcc/arm-none-eabi/9.3.1/../../../../arm-none-eabi/lib/thumb/v7-m/nofp/crt0.o (exit)
c:/st/stm32cubeide_1.6.1/stm32cubeide/plugins/com.st.stm32cube.ide.mcu.externaltools.gnu-tools-for-stm32.9-2020-q2-update.win32_1.5.0.202011040924/tools/bin/../lib/gcc/arm-none-eabi/9.3.1/../../../../arm-none-eabi/lib/thumb/v7-m/nofp\libc_nano.a(lib_a-impure.o)
                              c:/st/stm32cubeide_1.6.1/stm32cubeide/plugins/com.st.stm32cube.ide.mcu.externaltools.gnu-tools-for-stm32.9-2020-q2-update.win32_1.5.0.202011040924/tools/bin/../lib/gcc/arm-none-eabi/9.3.1/../../../../arm-none-eabi/lib/thumb/v7-m/nofp\libc_nano.a(lib_a-exit.o) (_global_impure_ptr)
c:/st/stm32cubeide_1.6.1/stm32cubeide/plugins/com.st.stm32cube.ide.mcu.externaltools.gnu-tools-for-stm32.9-2020-q2-update.win32_1.5.0.202011040924/tools/bin/../lib/gcc/arm-none-eabi/9.3.1/../../../../arm-none-eabi/lib/thumb/v7-m/nofp\libc_nano.a(lib_a-init.o)
                              c:/st/stm32cubeide_1.6.1/stm32cubeide/plugins/com.st.stm32cube.ide.mcu.externaltools.gnu-tools-for-stm32.9-2020-q2-update.win32_1.5.0.202011040924/tools/bin/../lib/gcc/arm-none-eabi/9.3.1/../../../../arm-none-eabi/lib/thumb/v7-m/nofp/crt0.o (__libc_init_array)
c:/st/stm32cubeide_1.6.1/stm32cubeide/plugins/com.st.stm32cube.ide.mcu.externaltools.gnu-tools-for-stm32.9-2020-q2-update.win32_1.5.0.202011040924/tools/bin/../lib/gcc/arm-none-eabi/9.3.1/../../../../arm-none-eabi/lib/thumb/v7-m/nofp\libc_nano.a(lib_a-memcpy-stub.o)
                              Middlewares/Third_Party/FreeRTOS/Source/CMSIS_RTOS_V2/cmsis_os2.o (memcpy)
c:/st/stm32cubeide_1.6.1/stm32cubeide/plugins/com.st.stm32cube.ide.mcu.externaltools.gnu-tools-for-stm32.9-2020-q2-update.win32_1.5.0.202011040924/tools/bin/../lib/gcc/arm-none-eabi/9.3.1/../../../../arm-none-eabi/lib/thumb/v7-m/nofp\libc_nano.a(lib_a-memset.o)
                              c:/st/stm32cubeide_1.6.1/stm32cubeide/plugins/com.st.stm32cube.ide.mcu.externaltools.gnu-tools-for-stm32.9-2020-q2-update.win32_1.5.0.202011040924/tools/bin/../lib/gcc/arm-none-eabi/9.3.1/../../../../arm-none-eabi/lib/thumb/v7-m/nofp/crt0.o (memset)

Allocating common symbols
Common symbol       size              file

hUsbDeviceFS        0x2c4             USB_DEVICE/App/usb_device.o
defaultTaskHandle   0x4               Core/Src/main.o
kbdHMIeventHandle   0x4               Core/Src/main.o
globalState         0x4               Core/Src/processRecord/processRecord.o
uwTick              0x4               Drivers/STM32F1xx_HAL_Driver/Src/stm32f1xx_hal.o
xQueueRegistry      0x40              Middlewares/Third_Party/FreeRTOS/Source/queue.o
pFlash              0x20              Drivers/STM32F1xx_HAL_Driver/Src/stm32f1xx_hal_flash.o
keyboardRecordQueueHandle
                    0x4               Core/Src/main.o
processRecordHandle
                    0x4               Core/Src/main.o
hpcd_USB_FS         0x2ec             USB_DEVICE/Target/usbd_conf.o
USBD_StrDesc        0x200             USB_DEVICE/App/usbd_desc.o
kbdMatrixReadHandle
                    0x4               Core/Src/main.o

Discarded input sections

 .text          0x0000000000000000        0x0 c:/st/stm32cubeide_1.6.1/stm32cubeide/plugins/com.st.stm32cube.ide.mcu.externaltools.gnu-tools-for-stm32.9-2020-q2-update.win32_1.5.0.202011040924/tools/bin/../lib/gcc/arm-none-eabi/9.3.1/thumb/v7-m/nofp/crti.o
 .data          0x0000000000000000        0x0 c:/st/stm32cubeide_1.6.1/stm32cubeide/plugins/com.st.stm32cube.ide.mcu.externaltools.gnu-tools-for-stm32.9-2020-q2-update.win32_1.5.0.202011040924/tools/bin/../lib/gcc/arm-none-eabi/9.3.1/thumb/v7-m/nofp/crti.o
 .bss           0x0000000000000000        0x0 c:/st/stm32cubeide_1.6.1/stm32cubeide/plugins/com.st.stm32cube.ide.mcu.externaltools.gnu-tools-for-stm32.9-2020-q2-update.win32_1.5.0.202011040924/tools/bin/../lib/gcc/arm-none-eabi/9.3.1/thumb/v7-m/nofp/crti.o
 .data          0x0000000000000000        0x4 c:/st/stm32cubeide_1.6.1/stm32cubeide/plugins/com.st.stm32cube.ide.mcu.externaltools.gnu-tools-for-stm32.9-2020-q2-update.win32_1.5.0.202011040924/tools/bin/../lib/gcc/arm-none-eabi/9.3.1/thumb/v7-m/nofp/crtbegin.o
[...]
Memory Configuration

Name             Origin             Length             Attributes
RAM              0x0000000020000000 0x0000000000005000 xrw
FLASH            0x0000000008000000 0x0000000000010000 xr
*default*        0x0000000000000000 0xffffffffffffffff

Linker script and memory map

LOAD c:/st/stm32cubeide_1.6.1/stm32cubeide/plugins/com.st.stm32cube.ide.mcu.externaltools.gnu-tools-for-stm32.9-2020-q2-update.win32_1.5.0.202011040924/tools/bin/../lib/gcc/arm-none-eabi/9.3.1/thumb/v7-m/nofp/crti.o
LOAD c:/st/stm32cubeide_1.6.1/stm32cubeide/plugins/com.st.stm32cube.ide.mcu.externaltools.gnu-tools-for-stm32.9-2020-q2-update.win32_1.5.0.202011040924/tools/bin/../lib/gcc/arm-none-eabi/9.3.1/thumb/v7-m/nofp/crtbegin.o
LOAD c:/st/stm32cubeide_1.6.1/stm32cubeide/plugins/com.st.stm32cube.ide.mcu.externaltools.gnu-tools-for-stm32.9-2020-q2-update.win32_1.5.0.202011040924/tools/bin/../lib/gcc/arm-none-eabi/9.3.1/../../../../arm-none-eabi/lib/thumb/v7-m/nofp/crt0.o
LOAD Core/Src/freertos.o
LOAD Core/Src/main.o
LOAD Core/Src/stm32f1xx_hal_msp.o
LOAD Core/Src/stm32f1xx_it.o
LOAD Core/Src/syscalls.o
LOAD Core/Src/sysmem.o
LOAD Core/Src/system_stm32f1xx.o
LOAD Core/Src/kbdMatrixRead/kbdRecord.o
LOAD Core/Src/kbdMatrixRead/matrixRead.o
LOAD Core/Src/processRecord/processRecord.o
LOAD Core/Startup/startup_stm32f103c8tx.o
LOAD Drivers/STM32F1xx_HAL_Driver/Src/stm32f1xx_hal.o
LOAD Drivers/STM32F1xx_HAL_Driver/Src/stm32f1xx_hal_cortex.o
LOAD Drivers/STM32F1xx_HAL_Driver/Src/stm32f1xx_hal_dma.o
LOAD Drivers/STM32F1xx_HAL_Driver/Src/stm32f1xx_hal_exti.o
LOAD Drivers/STM32F1xx_HAL_Driver/Src/stm32f1xx_hal_flash.o
LOAD Drivers/STM32F1xx_HAL_Driver/Src/stm32f1xx_hal_flash_ex.o
LOAD Drivers/STM32F1xx_HAL_Driver/Src/stm32f1xx_hal_gpio.o
LOAD Drivers/STM32F1xx_HAL_Driver/Src/stm32f1xx_hal_gpio_ex.o
LOAD Drivers/STM32F1xx_HAL_Driver/Src/stm32f1xx_hal_pcd.o
LOAD Drivers/STM32F1xx_HAL_Driver/Src/stm32f1xx_hal_pcd_ex.o
LOAD Drivers/STM32F1xx_HAL_Driver/Src/stm32f1xx_hal_pwr.o
LOAD Drivers/STM32F1xx_HAL_Driver/Src/stm32f1xx_hal_rcc.o
LOAD Drivers/STM32F1xx_HAL_Driver/Src/stm32f1xx_hal_rcc_ex.o
LOAD Drivers/STM32F1xx_HAL_Driver/Src/stm32f1xx_hal_tim.o
LOAD Drivers/STM32F1xx_HAL_Driver/Src/stm32f1xx_hal_tim_ex.o
LOAD Drivers/STM32F1xx_HAL_Driver/Src/stm32f1xx_ll_usb.o
LOAD Middlewares/ST/STM32_USB_Device_Library/Class/HID/Src/usbd_hid.o
LOAD Middlewares/ST/STM32_USB_Device_Library/Core/Src/usbd_core.o
LOAD Middlewares/ST/STM32_USB_Device_Library/Core/Src/usbd_ctlreq.o
LOAD Middlewares/ST/STM32_USB_Device_Library/Core/Src/usbd_ioreq.o
LOAD Middlewares/Third_Party/FreeRTOS/Source/CMSIS_RTOS_V2/cmsis_os2.o
LOAD Middlewares/Third_Party/FreeRTOS/Source/croutine.o
LOAD Middlewares/Third_Party/FreeRTOS/Source/event_groups.o
LOAD Middlewares/Third_Party/FreeRTOS/Source/list.o
LOAD Middlewares/Third_Party/FreeRTOS/Source/queue.o
LOAD Middlewares/Third_Party/FreeRTOS/Source/stream_buffer.o
LOAD Middlewares/Third_Party/FreeRTOS/Source/tasks.o
LOAD Middlewares/Third_Party/FreeRTOS/Source/timers.o
LOAD Middlewares/Third_Party/FreeRTOS/Source/portable/GCC/ARM_CM3/port.o
LOAD Middlewares/Third_Party/FreeRTOS/Source/portable/MemMang/heap_4.o
LOAD USB_DEVICE/App/usb_device.o
LOAD USB_DEVICE/App/usbd_desc.o
LOAD USB_DEVICE/Target/usbd_conf.o
START GROUP
LOAD c:/st/stm32cubeide_1.6.1/stm32cubeide/plugins/com.st.stm32cube.ide.mcu.externaltools.gnu-tools-for-stm32.9-2020-q2-update.win32_1.5.0.202011040924/tools/bin/../lib/gcc/arm-none-eabi/9.3.1/../../../../arm-none-eabi/lib/thumb/v7-m/nofp\libc_nano.a
LOAD c:/st/stm32cubeide_1.6.1/stm32cubeide/plugins/com.st.stm32cube.ide.mcu.externaltools.gnu-tools-for-stm32.9-2020-q2-update.win32_1.5.0.202011040924/tools/bin/../lib/gcc/arm-none-eabi/9.3.1/../../../../arm-none-eabi/lib/thumb/v7-m/nofp\libm.a
END GROUP
START GROUP
LOAD c:/st/stm32cubeide_1.6.1/stm32cubeide/plugins/com.st.stm32cube.ide.mcu.externaltools.gnu-tools-for-stm32.9-2020-q2-update.win32_1.5.0.202011040924/tools/bin/../lib/gcc/arm-none-eabi/9.3.1/thumb/v7-m/nofp\libgcc.a
LOAD c:/st/stm32cubeide_1.6.1/stm32cubeide/plugins/com.st.stm32cube.ide.mcu.externaltools.gnu-tools-for-stm32.9-2020-q2-update.win32_1.5.0.202011040924/tools/bin/../lib/gcc/arm-none-eabi/9.3.1/../../../../arm-none-eabi/lib/thumb/v7-m/nofp\libc_nano.a
END GROUP
START GROUP
LOAD c:/st/stm32cubeide_1.6.1/stm32cubeide/plugins/com.st.stm32cube.ide.mcu.externaltools.gnu-tools-for-stm32.9-2020-q2-update.win32_1.5.0.202011040924/tools/bin/../lib/gcc/arm-none-eabi/9.3.1/thumb/v7-m/nofp\libgcc.a
LOAD c:/st/stm32cubeide_1.6.1/stm32cubeide/plugins/com.st.stm32cube.ide.mcu.externaltools.gnu-tools-for-stm32.9-2020-q2-update.win32_1.5.0.202011040924/tools/bin/../lib/gcc/arm-none-eabi/9.3.1/../../../../arm-none-eabi/lib/thumb/v7-m/nofp\libc_nano.a
LOAD c:/st/stm32cubeide_1.6.1/stm32cubeide/plugins/com.st.stm32cube.ide.mcu.externaltools.gnu-tools-for-stm32.9-2020-q2-update.win32_1.5.0.202011040924/tools/bin/../lib/gcc/arm-none-eabi/9.3.1/../../../../arm-none-eabi/lib/thumb/v7-m/nofp\libnosys.a
END GROUP
START GROUP
LOAD c:/st/stm32cubeide_1.6.1/stm32cubeide/plugins/com.st.stm32cube.ide.mcu.externaltools.gnu-tools-for-stm32.9-2020-q2-update.win32_1.5.0.202011040924/tools/bin/../lib/gcc/arm-none-eabi/9.3.1/thumb/v7-m/nofp\libgcc.a
LOAD c:/st/stm32cubeide_1.6.1/stm32cubeide/plugins/com.st.stm32cube.ide.mcu.externaltools.gnu-tools-for-stm32.9-2020-q2-update.win32_1.5.0.202011040924/tools/bin/../lib/gcc/arm-none-eabi/9.3.1/../../../../arm-none-eabi/lib/thumb/v7-m/nofp\libc_nano.a
LOAD c:/st/stm32cubeide_1.6.1/stm32cubeide/plugins/com.st.stm32cube.ide.mcu.externaltools.gnu-tools-for-stm32.9-2020-q2-update.win32_1.5.0.202011040924/tools/bin/../lib/gcc/arm-none-eabi/9.3.1/../../../../arm-none-eabi/lib/thumb/v7-m/nofp\libnosys.a
END GROUP
LOAD c:/st/stm32cubeide_1.6.1/stm32cubeide/plugins/com.st.stm32cube.ide.mcu.externaltools.gnu-tools-for-stm32.9-2020-q2-update.win32_1.5.0.202011040924/tools/bin/../lib/gcc/arm-none-eabi/9.3.1/thumb/v7-m/nofp/crtend.o
LOAD c:/st/stm32cubeide_1.6.1/stm32cubeide/plugins/com.st.stm32cube.ide.mcu.externaltools.gnu-tools-for-stm32.9-2020-q2-update.win32_1.5.0.202011040924/tools/bin/../lib/gcc/arm-none-eabi/9.3.1/thumb/v7-m/nofp/crtn.o
                0x0000000020005000                _estack = (ORIGIN (RAM) + LENGTH (RAM))
                0x0000000000000200                _Min_Heap_Size = 0x200
                0x0000000000000400                _Min_Stack_Size = 0x400

.isr_vector     0x0000000008000000      0x10c
                0x0000000008000000                . = ALIGN (0x4)
 *(.isr_vector)
 .isr_vector    0x0000000008000000      0x10c Core/Startup/startup_stm32f103c8tx.o
                0x0000000008000000                g_pfnVectors
                0x000000000800010c                . = ALIGN (0x4)

.text           0x0000000008000110     0xa95c
                0x0000000008000110                . = ALIGN (0x4)
 *(.text)
 .text          0x0000000008000110       0x40 c:/st/stm32cubeide_1.6.1/stm32cubeide/plugins/com.st.stm32cube.ide.mcu.externaltools.gnu-tools-for-stm32.9-2020-q2-update.win32_1.5.0.202011040924/tools/bin/../lib/gcc/arm-none-eabi/9.3.1/thumb/v7-m/nofp/crtbegin.o
 *(.text*)
 .text.main     0x0000000008000150       0xa8 Core/Src/main.o
                0x0000000008000150                main
 .text.SystemClock_Config
                0x00000000080001f8       0xb6 Core/Src/main.o
                0x00000000080001f8                SystemClock_Config
 *fill*         0x00000000080002ae        0x2 
 .text.MX_GPIO_Init
                0x00000000080002b0       0xf4 Core/Src/main.o
 .text.LEDkeymapLevel
                0x00000000080003a4       0x80 Core/Src/main.o
                0x00000000080003a4                LEDkeymapLevel
 .text.StartDefaultTask
                0x0000000008000424       0x8c Core/Src/main.o
                0x0000000008000424                StartDefaultTask
 .text.StartTask_kbdMatrixRead
                0x00000000080004b0       0x14 Core/Src/main.o
                0x00000000080004b0                StartTask_kbdMatrixRead
 .text.StartTask_processRecord
                0x00000000080004c4       0x14 Core/Src/main.o
                0x00000000080004c4                StartTask_processRecord
 .text.Error_Handler
                0x00000000080004d8        0xa Core/Src/main.o
                0x00000000080004d8                Error_Handler
 *fill*         0x00000000080004e2        0x2 
 .text.HAL_MspInit
                0x00000000080004e4       0x70 Core/Src/stm32f1xx_hal_msp.o
                0x00000000080004e4                HAL_MspInit
 .text.NMI_Handler
                0x0000000008000554        0x6 Core/Src/stm32f1xx_it.o
                0x0000000008000554                NMI_Handler
 .text.HardFault_Handler
                0x000000000800055a        0x6 Core/Src/stm32f1xx_it.o
                0x000000000800055a                HardFault_Handler
 .text.MemManage_Handler
                0x0000000008000560        0x6 Core/Src/stm32f1xx_it.o
                0x0000000008000560                MemManage_Handler
 .text.BusFault_Handler
                0x0000000008000566        0x6 Core/Src/stm32f1xx_it.o
                0x0000000008000566                BusFault_Handler
 .text.UsageFault_Handler
                0x000000000800056c        0x6 Core/Src/stm32f1xx_it.o
                0x000000000800056c                UsageFault_Handler
 .text.DebugMon_Handler
                0x0000000008000572        0xc Core/Src/stm32f1xx_it.o
                0x0000000008000572                DebugMon_Handler
 .text.SysTick_Handler
                0x000000000800057e       0x1a Core/Src/stm32f1xx_it.o
                0x000000000800057e                SysTick_Handler
 .text.USB_LP_CAN1_RX0_IRQHandler
                0x0000000008000598       0x14 Core/Src/stm32f1xx_it.o
                0x0000000008000598                USB_LP_CAN1_RX0_IRQHandler
 .text.SystemInit
                0x00000000080005ac        0xc Core/Src/system_stm32f1xx.o
                0x00000000080005ac                SystemInit
 .text.kbdRecord
                0x00000000080005b8      0x228 Core/Src/kbdMatrixRead/kbdRecord.o
                0x00000000080005b8                kbdRecord
 .text.kbdMatrixRead
                0x00000000080007e0       0x84 Core/Src/kbdMatrixRead/kbdRecord.o
                0x00000000080007e0                kbdMatrixRead
 .text.isValueInArray
                0x0000000008000864       0x46 Core/Src/kbdMatrixRead/kbdRecord.o
                0x0000000008000864                isValueInArray
 *fill*         0x00000000080008aa        0x2 
 .text.bWriteColumnState
                0x00000000080008ac       0xc4 Core/Src/kbdMatrixRead/matrixRead.o
                0x00000000080008ac                bWriteColumnState
 .text.bReadRowState
                0x0000000008000970       0xd0 Core/Src/kbdMatrixRead/matrixRead.o
                0x0000000008000970                bReadRowState
 .text.ReadMatrixState
                0x0000000008000a40       0xa4 Core/Src/kbdMatrixRead/matrixRead.o
                0x0000000008000a40                ReadMatrixState
 .text.processRecord
                0x0000000008000ae4      0x450 Core/Src/processRecord/processRecord.o
                0x0000000008000ae4                processRecord
 .text.Reset_Handler
                0x0000000008000f34       0x48 Core/Startup/startup_stm32f103c8tx.o
                0x0000000008000f34                Reset_Handler
 .text.Default_Handler
                0x0000000008000f7c        0x2 Core/Startup/startup_stm32f103c8tx.o
                0x0000000008000f7c                RTC_Alarm_IRQHandler
                0x0000000008000f7c                EXTI2_IRQHandler
                0x0000000008000f7c                TIM1_CC_IRQHandler
                0x0000000008000f7c                PVD_IRQHandler
                0x0000000008000f7c                EXTI3_IRQHandler
                0x0000000008000f7c                EXTI0_IRQHandler
                0x0000000008000f7c                I2C2_EV_IRQHandler
                0x0000000008000f7c                ADC1_2_IRQHandler
                0x0000000008000f7c                SPI1_IRQHandler
                0x0000000008000f7c                TAMPER_IRQHandler
                0x0000000008000f7c                DMA1_Channel4_IRQHandler
                0x0000000008000f7c                USART3_IRQHandler
                0x0000000008000f7c                RTC_IRQHandler
                0x0000000008000f7c                DMA1_Channel7_IRQHandler
                0x0000000008000f7c                CAN1_RX1_IRQHandler
                0x0000000008000f7c                TIM4_IRQHandler
                0x0000000008000f7c                I2C1_EV_IRQHandler
                0x0000000008000f7c                DMA1_Channel6_IRQHandler
                0x0000000008000f7c                TIM3_IRQHandler
                0x0000000008000f7c                RCC_IRQHandler
                0x0000000008000f7c                TIM1_TRG_COM_IRQHandler
                0x0000000008000f7c                DMA1_Channel1_IRQHandler
                0x0000000008000f7c                Default_Handler
                0x0000000008000f7c                EXTI15_10_IRQHandler
                0x0000000008000f7c                EXTI9_5_IRQHandler
                0x0000000008000f7c                SPI2_IRQHandler
                0x0000000008000f7c                DMA1_Channel5_IRQHandler
                0x0000000008000f7c                EXTI4_IRQHandler
                0x0000000008000f7c                USB_HP_CAN1_TX_IRQHandler
                0x0000000008000f7c                DMA1_Channel3_IRQHandler
                0x0000000008000f7c                TIM1_UP_IRQHandler
                0x0000000008000f7c                WWDG_IRQHandler
                0x0000000008000f7c                TIM2_IRQHandler
                0x0000000008000f7c                TIM1_BRK_IRQHandler
                0x0000000008000f7c                EXTI1_IRQHandler
                0x0000000008000f7c                USART2_IRQHandler
                0x0000000008000f7c                I2C2_ER_IRQHandler
                0x0000000008000f7c                DMA1_Channel2_IRQHandler
                0x0000000008000f7c                CAN1_SCE_IRQHandler
                0x0000000008000f7c                FLASH_IRQHandler
                0x0000000008000f7c                USART1_IRQHandler
                0x0000000008000f7c                I2C1_ER_IRQHandler
                0x0000000008000f7c                USBWakeUp_IRQHandler
 *fill*         0x0000000008000f7e        0x2 
 .text.HAL_Init
                0x0000000008000f80       0x2c Drivers/STM32F1xx_HAL_Driver/Src/stm32f1xx_hal.o
                0x0000000008000f80                HAL_Init
 .text.HAL_InitTick
                0x0000000008000fac       0x60 Drivers/STM32F1xx_HAL_Driver/Src/stm32f1xx_hal.o
                0x0000000008000fac                HAL_InitTick
 .text.HAL_IncTick
                0x000000000800100c       0x24 Drivers/STM32F1xx_HAL_Driver/Src/stm32f1xx_hal.o
                0x000000000800100c                HAL_IncTick
 .text.HAL_GetTick
                0x0000000008001030       0x14 Drivers/STM32F1xx_HAL_Driver/Src/stm32f1xx_hal.o
                0x0000000008001030                HAL_GetTick
 .text.__NVIC_SetPriorityGrouping
                0x0000000008001044       0x48 Drivers/STM32F1xx_HAL_Driver/Src/stm32f1xx_hal_cortex.o
 .text.__NVIC_GetPriorityGrouping
                0x000000000800108c       0x1c Drivers/STM32F1xx_HAL_Driver/Src/stm32f1xx_hal_cortex.o
 .text.__NVIC_EnableIRQ
                0x00000000080010a8       0x38 Drivers/STM32F1xx_HAL_Driver/Src/stm32f1xx_hal_cortex.o
 .text.__NVIC_SetPriority
                0x00000000080010e0       0x54 Drivers/STM32F1xx_HAL_Driver/Src/stm32f1xx_hal_cortex.o
 .text.NVIC_EncodePriority
                0x0000000008001134       0x64 Drivers/STM32F1xx_HAL_Driver/Src/stm32f1xx_hal_cortex.o
 .text.SysTick_Config
                0x0000000008001198       0x44 Drivers/STM32F1xx_HAL_Driver/Src/stm32f1xx_hal_cortex.o
 .text.HAL_NVIC_SetPriorityGrouping
                0x00000000080011dc       0x16 Drivers/STM32F1xx_HAL_Driver/Src/stm32f1xx_hal_cortex.o
                0x00000000080011dc                HAL_NVIC_SetPriorityGrouping
 .text.HAL_NVIC_SetPriority
                0x00000000080011f2       0x38 Drivers/STM32F1xx_HAL_Driver/Src/stm32f1xx_hal_cortex.o
                0x00000000080011f2                HAL_NVIC_SetPriority
 .text.HAL_NVIC_EnableIRQ
                0x000000000800122a       0x1c Drivers/STM32F1xx_HAL_Driver/Src/stm32f1xx_hal_cortex.o
                0x000000000800122a                HAL_NVIC_EnableIRQ
 .text.HAL_SYSTICK_Config
                0x0000000008001246       0x18 Drivers/STM32F1xx_HAL_Driver/Src/stm32f1xx_hal_cortex.o
                0x0000000008001246                HAL_SYSTICK_Config
 *fill*         0x000000000800125e        0x2 
 .text.HAL_GPIO_Init
                0x0000000008001260      0x308 Drivers/STM32F1xx_HAL_Driver/Src/stm32f1xx_hal_gpio.o
                0x0000000008001260                HAL_GPIO_Init
 .text.HAL_GPIO_ReadPin
                0x0000000008001568       0x2e Drivers/STM32F1xx_HAL_Driver/Src/stm32f1xx_hal_gpio.o
                0x0000000008001568                HAL_GPIO_ReadPin
 .text.HAL_GPIO_WritePin
                0x0000000008001596       0x30 Drivers/STM32F1xx_HAL_Driver/Src/stm32f1xx_hal_gpio.o
                0x0000000008001596                HAL_GPIO_WritePin
 .text.HAL_PCD_Init
                0x00000000080015c6      0x216 Drivers/STM32F1xx_HAL_Driver/Src/stm32f1xx_hal_pcd.o
                0x00000000080015c6                HAL_PCD_Init
 .text.HAL_PCD_Start
                0x00000000080017dc       0x4c Drivers/STM32F1xx_HAL_Driver/Src/stm32f1xx_hal_pcd.o
                0x00000000080017dc                HAL_PCD_Start
 .text.HAL_PCD_IRQHandler
                0x0000000008001828      0x2aa Drivers/STM32F1xx_HAL_Driver/Src/stm32f1xx_hal_pcd.o
                0x0000000008001828                HAL_PCD_IRQHandler
 .text.HAL_PCD_SetAddress
                0x0000000008001ad2       0x4a Drivers/STM32F1xx_HAL_Driver/Src/stm32f1xx_hal_pcd.o
                0x0000000008001ad2                HAL_PCD_SetAddress
 .text.HAL_PCD_EP_Open
                0x0000000008001b1c       0xcc Drivers/STM32F1xx_HAL_Driver/Src/stm32f1xx_hal_pcd.o
                0x0000000008001b1c                HAL_PCD_EP_Open
 .text.HAL_PCD_EP_Close
                0x0000000008001be8       0x90 Drivers/STM32F1xx_HAL_Driver/Src/stm32f1xx_hal_pcd.o
                0x0000000008001be8                HAL_PCD_EP_Close
 .text.HAL_PCD_EP_Receive
                0x0000000008001c78       0x7a Drivers/STM32F1xx_HAL_Driver/Src/stm32f1xx_hal_pcd.o
                0x0000000008001c78                HAL_PCD_EP_Receive
 .text.HAL_PCD_EP_Transmit
                0x0000000008001cf2       0x86 Drivers/STM32F1xx_HAL_Driver/Src/stm32f1xx_hal_pcd.o
                0x0000000008001cf2                HAL_PCD_EP_Transmit
 .text.HAL_PCD_EP_SetStall
                0x0000000008001d78       0xc0 Drivers/STM32F1xx_HAL_Driver/Src/stm32f1xx_hal_pcd.o
                0x0000000008001d78                HAL_PCD_EP_SetStall
 .text.HAL_PCD_EP_ClrStall
                0x0000000008001e38       0xa8 Drivers/STM32F1xx_HAL_Driver/Src/stm32f1xx_hal_pcd.o
                0x0000000008001e38                HAL_PCD_EP_ClrStall
 .text.PCD_EP_ISR_Handler
                0x0000000008001ee0      0x5e6 Drivers/STM32F1xx_HAL_Driver/Src/stm32f1xx_hal_pcd.o
 .text.HAL_PCD_EP_DB_Receive
                0x00000000080024c6      0x21a Drivers/STM32F1xx_HAL_Driver/Src/stm32f1xx_hal_pcd.o
 .text.HAL_PCD_EP_DB_Transmit
                0x00000000080026e0      0x556 Drivers/STM32F1xx_HAL_Driver/Src/stm32f1xx_hal_pcd.o
 .text.HAL_PCDEx_PMAConfig
                0x0000000008002c36       0x84 Drivers/STM32F1xx_HAL_Driver/Src/stm32f1xx_hal_pcd_ex.o
                0x0000000008002c36                HAL_PCDEx_PMAConfig
 *fill*         0x0000000008002cba        0x2 
 .text.HAL_RCC_OscConfig
                0x0000000008002cbc      0x500 Drivers/STM32F1xx_HAL_Driver/Src/stm32f1xx_hal_rcc.o
                0x0000000008002cbc                HAL_RCC_OscConfig
 .text.HAL_RCC_ClockConfig
                0x00000000080031bc      0x1d4 Drivers/STM32F1xx_HAL_Driver/Src/stm32f1xx_hal_rcc.o
                0x00000000080031bc                HAL_RCC_ClockConfig
 .text.HAL_RCC_GetSysClockFreq
                0x0000000008003390       0xc0 Drivers/STM32F1xx_HAL_Driver/Src/stm32f1xx_hal_rcc.o
                0x0000000008003390                HAL_RCC_GetSysClockFreq
 .text.RCC_Delay
                0x0000000008003450       0x3c Drivers/STM32F1xx_HAL_Driver/Src/stm32f1xx_hal_rcc.o
 .text.HAL_RCCEx_PeriphCLKConfig
                0x000000000800348c      0x16c Drivers/STM32F1xx_HAL_Driver/Src/stm32f1xx_hal_rcc_ex.o
                0x000000000800348c                HAL_RCCEx_PeriphCLKConfig
 .text.USB_CoreInit
                0x00000000080035f8       0x20 Drivers/STM32F1xx_HAL_Driver/Src/stm32f1xx_ll_usb.o
                0x00000000080035f8                USB_CoreInit
 .text.USB_EnableGlobalInt
                0x0000000008003618       0x2c Drivers/STM32F1xx_HAL_Driver/Src/stm32f1xx_ll_usb.o
                0x0000000008003618                USB_EnableGlobalInt
 .text.USB_DisableGlobalInt
                0x0000000008003644       0x34 Drivers/STM32F1xx_HAL_Driver/Src/stm32f1xx_ll_usb.o
                0x0000000008003644                USB_DisableGlobalInt
 .text.USB_SetCurrentMode
                0x0000000008003678       0x18 Drivers/STM32F1xx_HAL_Driver/Src/stm32f1xx_ll_usb.o
                0x0000000008003678                USB_SetCurrentMode
 .text.USB_DevInit
                0x0000000008003690       0x40 Drivers/STM32F1xx_HAL_Driver/Src/stm32f1xx_ll_usb.o
                0x0000000008003690                USB_DevInit
 .text.USB_ActivateEndpoint
                0x00000000080036d0      0x6d4 Drivers/STM32F1xx_HAL_Driver/Src/stm32f1xx_ll_usb.o
                0x00000000080036d0                USB_ActivateEndpoint
 .text.USB_DeactivateEndpoint
                0x0000000008003da4      0x3d8 Drivers/STM32F1xx_HAL_Driver/Src/stm32f1xx_ll_usb.o
                0x0000000008003da4                USB_DeactivateEndpoint
 .text.USB_EPStartXfer
                0x000000000800417c     0x1240 Drivers/STM32F1xx_HAL_Driver/Src/stm32f1xx_ll_usb.o
                0x000000000800417c                USB_EPStartXfer
 .text.USB_EPSetStall
                0x00000000080053bc       0xa0 Drivers/STM32F1xx_HAL_Driver/Src/stm32f1xx_ll_usb.o
                0x00000000080053bc                USB_EPSetStall
 .text.USB_EPClearStall
                0x000000000800545c      0x15a Drivers/STM32F1xx_HAL_Driver/Src/stm32f1xx_ll_usb.o
                0x000000000800545c                USB_EPClearStall
 .text.USB_SetDevAddress
                0x00000000080055b6       0x26 Drivers/STM32F1xx_HAL_Driver/Src/stm32f1xx_ll_usb.o
                0x00000000080055b6                USB_SetDevAddress
 .text.USB_DevConnect
                0x00000000080055dc       0x14 Drivers/STM32F1xx_HAL_Driver/Src/stm32f1xx_ll_usb.o
                0x00000000080055dc                USB_DevConnect
 .text.USB_DevDisconnect
                0x00000000080055f0       0x14 Drivers/STM32F1xx_HAL_Driver/Src/stm32f1xx_ll_usb.o
                0x00000000080055f0                USB_DevDisconnect
 .text.USB_ReadInterrupts
                0x0000000008005604       0x1e Drivers/STM32F1xx_HAL_Driver/Src/stm32f1xx_ll_usb.o
                0x0000000008005604                USB_ReadInterrupts
 .text.USB_EP0_OutStart
                0x0000000008005622       0x16 Drivers/STM32F1xx_HAL_Driver/Src/stm32f1xx_ll_usb.o
                0x0000000008005622                USB_EP0_OutStart
 .text.USB_WritePMA
                0x0000000008005638       0x8a Drivers/STM32F1xx_HAL_Driver/Src/stm32f1xx_ll_usb.o
                0x0000000008005638                USB_WritePMA
 .text.USB_ReadPMA
                0x00000000080056c2       0x9e Drivers/STM32F1xx_HAL_Driver/Src/stm32f1xx_ll_usb.o
                0x00000000080056c2                USB_ReadPMA
 .text.USBD_HID_Init
                0x0000000008005760       0x4e Middlewares/ST/STM32_USB_Device_Library/Class/HID/Src/usbd_hid.o
 .text.USBD_HID_DeInit
                0x00000000080057ae       0x42 Middlewares/ST/STM32_USB_Device_Library/Class/HID/Src/usbd_hid.o
 .text.USBD_HID_Setup
                0x00000000080057f0      0x1fc Middlewares/ST/STM32_USB_Device_Library/Class/HID/Src/usbd_hid.o
 .text.USBD_HID_SendReport
                0x00000000080059ec       0x44 Middlewares/ST/STM32_USB_Device_Library/Class/HID/Src/usbd_hid.o
                0x00000000080059ec                USBD_HID_SendReport
 .text.USBD_HID_GetFSCfgDesc
                0x0000000008005a30       0x20 Middlewares/ST/STM32_USB_Device_Library/Class/HID/Src/usbd_hid.o
 .text.USBD_HID_GetHSCfgDesc
                0x0000000008005a50       0x20 Middlewares/ST/STM32_USB_Device_Library/Class/HID/Src/usbd_hid.o
 .text.USBD_HID_GetOtherSpeedCfgDesc
                0x0000000008005a70       0x20 Middlewares/ST/STM32_USB_Device_Library/Class/HID/Src/usbd_hid.o
 .text.USBD_HID_DataIn
                0x0000000008005a90       0x22 Middlewares/ST/STM32_USB_Device_Library/Class/HID/Src/usbd_hid.o
 *fill*         0x0000000008005ab2        0x2 
 .text.USBD_HID_GetDeviceQualifierDesc
                0x0000000008005ab4       0x20 Middlewares/ST/STM32_USB_Device_Library/Class/HID/Src/usbd_hid.o
 .text.USBD_Init
                0x0000000008005ad4       0x56 Middlewares/ST/STM32_USB_Device_Library/Core/Src/usbd_core.o
                0x0000000008005ad4                USBD_Init
 .text.USBD_RegisterClass
                0x0000000008005b2a       0x32 Middlewares/ST/STM32_USB_Device_Library/Core/Src/usbd_core.o
                0x0000000008005b2a                USBD_RegisterClass
 .text.USBD_Start
                0x0000000008005b5c       0x18 Middlewares/ST/STM32_USB_Device_Library/Core/Src/usbd_core.o
                0x0000000008005b5c                USBD_Start
 .text.USBD_RunTestMode
                0x0000000008005b74       0x14 Middlewares/ST/STM32_USB_Device_Library/Core/Src/usbd_core.o
                0x0000000008005b74                USBD_RunTestMode
 .text.USBD_SetClassConfig
                0x0000000008005b88       0x3e Middlewares/ST/STM32_USB_Device_Library/Core/Src/usbd_core.o
                0x0000000008005b88                USBD_SetClassConfig
 .text.USBD_ClrClassConfig
                0x0000000008005bc6       0x26 Middlewares/ST/STM32_USB_Device_Library/Core/Src/usbd_core.o
                0x0000000008005bc6                USBD_ClrClassConfig
 .text.USBD_LL_SetupStage
                0x0000000008005bec       0x9a Middlewares/ST/STM32_USB_Device_Library/Core/Src/usbd_core.o
                0x0000000008005bec                USBD_LL_SetupStage
 .text.USBD_LL_DataOutStage
                0x0000000008005c86       0xe2 Middlewares/ST/STM32_USB_Device_Library/Core/Src/usbd_core.o
                0x0000000008005c86                USBD_LL_DataOutStage
 .text.USBD_LL_DataInStage
                0x0000000008005d68      0x14a Middlewares/ST/STM32_USB_Device_Library/Core/Src/usbd_core.o
                0x0000000008005d68                USBD_LL_DataInStage
 .text.USBD_LL_Reset
                0x0000000008005eb2       0x82 Middlewares/ST/STM32_USB_Device_Library/Core/Src/usbd_core.o
                0x0000000008005eb2                USBD_LL_Reset
 .text.USBD_LL_SetSpeed
                0x0000000008005f34       0x1e Middlewares/ST/STM32_USB_Device_Library/Core/Src/usbd_core.o
                0x0000000008005f34                USBD_LL_SetSpeed
 .text.USBD_LL_Suspend
                0x0000000008005f52       0x28 Middlewares/ST/STM32_USB_Device_Library/Core/Src/usbd_core.o
                0x0000000008005f52                USBD_LL_Suspend
 .text.USBD_LL_Resume
                0x0000000008005f7a       0x2a Middlewares/ST/STM32_USB_Device_Library/Core/Src/usbd_core.o
                0x0000000008005f7a                USBD_LL_Resume
 .text.USBD_LL_SOF
                0x0000000008005fa4       0x34 Middlewares/ST/STM32_USB_Device_Library/Core/Src/usbd_core.o
                0x0000000008005fa4                USBD_LL_SOF
 .text.USBD_StdDevReq
                0x0000000008005fd8       0xd4 Middlewares/ST/STM32_USB_Device_Library/Core/Src/usbd_ctlreq.o
                0x0000000008005fd8                USBD_StdDevReq
 .text.USBD_StdItfReq
                0x00000000080060ac       0x90 Middlewares/ST/STM32_USB_Device_Library/Core/Src/usbd_ctlreq.o
                0x00000000080060ac                USBD_StdItfReq
 .text.USBD_StdEPReq
                0x000000000800613c      0x2c6 Middlewares/ST/STM32_USB_Device_Library/Core/Src/usbd_ctlreq.o
                0x000000000800613c                USBD_StdEPReq
 *fill*         0x0000000008006402        0x2 
 .text.USBD_GetDescriptor
                0x0000000008006404      0x2d0 Middlewares/ST/STM32_USB_Device_Library/Core/Src/usbd_ctlreq.o
 .text.USBD_SetAddress
                0x00000000080066d4       0x86 Middlewares/ST/STM32_USB_Device_Library/Core/Src/usbd_ctlreq.o
 *fill*         0x000000000800675a        0x2 
 .text.USBD_SetConfig
                0x000000000800675c      0x11c Middlewares/ST/STM32_USB_Device_Library/Core/Src/usbd_ctlreq.o
 .text.USBD_GetConfig
                0x0000000008006878       0x6a Middlewares/ST/STM32_USB_Device_Library/Core/Src/usbd_ctlreq.o
 .text.USBD_GetStatus
                0x00000000080068e2       0x66 Middlewares/ST/STM32_USB_Device_Library/Core/Src/usbd_ctlreq.o
 .text.USBD_SetFeature
                0x0000000008006948       0x28 Middlewares/ST/STM32_USB_Device_Library/Core/Src/usbd_ctlreq.o
 .text.USBD_ClrFeature
                0x0000000008006970       0x42 Middlewares/ST/STM32_USB_Device_Library/Core/Src/usbd_ctlreq.o
 .text.USBD_ParseSetupRequest
                0x00000000080069b2       0x78 Middlewares/ST/STM32_USB_Device_Library/Core/Src/usbd_ctlreq.o
                0x00000000080069b2                USBD_ParseSetupRequest
 .text.USBD_CtlError
                0x0000000008006a2a       0x22 Middlewares/ST/STM32_USB_Device_Library/Core/Src/usbd_ctlreq.o
                0x0000000008006a2a                USBD_CtlError
 .text.USBD_GetString
                0x0000000008006a4c       0x84 Middlewares/ST/STM32_USB_Device_Library/Core/Src/usbd_ctlreq.o
                0x0000000008006a4c                USBD_GetString
 .text.USBD_GetLen
                0x0000000008006ad0       0x2e Middlewares/ST/STM32_USB_Device_Library/Core/Src/usbd_ctlreq.o
 .text.USBD_CtlSendData
                0x0000000008006afe       0x38 Middlewares/ST/STM32_USB_Device_Library/Core/Src/usbd_ioreq.o
                0x0000000008006afe                USBD_CtlSendData
 .text.USBD_CtlContinueSendData
                0x0000000008006b36       0x24 Middlewares/ST/STM32_USB_Device_Library/Core/Src/usbd_ioreq.o
                0x0000000008006b36                USBD_CtlContinueSendData
 .text.USBD_CtlContinueRx
                0x0000000008006b5a       0x24 Middlewares/ST/STM32_USB_Device_Library/Core/Src/usbd_ioreq.o
                0x0000000008006b5a                USBD_CtlContinueRx
 .text.USBD_CtlSendStatus
                0x0000000008006b7e       0x26 Middlewares/ST/STM32_USB_Device_Library/Core/Src/usbd_ioreq.o
                0x0000000008006b7e                USBD_CtlSendStatus
 .text.USBD_CtlReceiveStatus
                0x0000000008006ba4       0x26 Middlewares/ST/STM32_USB_Device_Library/Core/Src/usbd_ioreq.o
                0x0000000008006ba4                USBD_CtlReceiveStatus
 *fill*         0x0000000008006bca        0x2 
 .text.osKernelInitialize
                0x0000000008006bcc       0x64 Middlewares/Third_Party/FreeRTOS/Source/CMSIS_RTOS_V2/cmsis_os2.o
                0x0000000008006bcc                osKernelInitialize
 .text.osKernelStart
                0x0000000008006c30       0x68 Middlewares/Third_Party/FreeRTOS/Source/CMSIS_RTOS_V2/cmsis_os2.o
                0x0000000008006c30                osKernelStart
 .text.osThreadNew
                0x0000000008006c98      0x154 Middlewares/Third_Party/FreeRTOS/Source/CMSIS_RTOS_V2/cmsis_os2.o
                0x0000000008006c98                osThreadNew
 .text.osDelay  0x0000000008006dec       0x5c Middlewares/Third_Party/FreeRTOS/Source/CMSIS_RTOS_V2/cmsis_os2.o
                0x0000000008006dec                osDelay
 .text.osEventFlagsNew
                0x0000000008006e48       0xa4 Middlewares/Third_Party/FreeRTOS/Source/CMSIS_RTOS_V2/cmsis_os2.o
                0x0000000008006e48                osEventFlagsNew
 .text.osEventFlagsSet
                0x0000000008006eec       0xb0 Middlewares/Third_Party/FreeRTOS/Source/CMSIS_RTOS_V2/cmsis_os2.o
                0x0000000008006eec                osEventFlagsSet
 .text.osEventFlagsWait
                0x0000000008006f9c       0xec Middlewares/Third_Party/FreeRTOS/Source/CMSIS_RTOS_V2/cmsis_os2.o
                0x0000000008006f9c                osEventFlagsWait
 .text.osMessageQueueNew
                0x0000000008007088      0x10c Middlewares/Third_Party/FreeRTOS/Source/CMSIS_RTOS_V2/cmsis_os2.o
                0x0000000008007088                osMessageQueueNew
 .text.osMessageQueuePut
                0x0000000008007194       0xe8 Middlewares/Third_Party/FreeRTOS/Source/CMSIS_RTOS_V2/cmsis_os2.o
                0x0000000008007194                osMessageQueuePut
 .text.osMessageQueueGet
                0x000000000800727c       0xe4 Middlewares/Third_Party/FreeRTOS/Source/CMSIS_RTOS_V2/cmsis_os2.o
                0x000000000800727c                osMessageQueueGet
 .text.osMessageQueueGetCount
                0x0000000008007360       0x64 Middlewares/Third_Party/FreeRTOS/Source/CMSIS_RTOS_V2/cmsis_os2.o
                0x0000000008007360                osMessageQueueGetCount
 .text.vApplicationGetIdleTaskMemory
                0x00000000080073c4       0x30 Middlewares/Third_Party/FreeRTOS/Source/CMSIS_RTOS_V2/cmsis_os2.o
                0x00000000080073c4                vApplicationGetIdleTaskMemory
 .text.vApplicationGetTimerTaskMemory
                0x00000000080073f4       0x34 Middlewares/Third_Party/FreeRTOS/Source/CMSIS_RTOS_V2/cmsis_os2.o
                0x00000000080073f4                vApplicationGetTimerTaskMemory
 .text.xEventGroupCreateStatic
                0x0000000008007428       0x6e Middlewares/Third_Party/FreeRTOS/Source/event_groups.o
                0x0000000008007428                xEventGroupCreateStatic
 .text.xEventGroupCreate
                0x0000000008007496       0x34 Middlewares/Third_Party/FreeRTOS/Source/event_groups.o
                0x0000000008007496                xEventGroupCreate
 *fill*         0x00000000080074ca        0x2 
 .text.xEventGroupWaitBits
                0x00000000080074cc      0x19c Middlewares/Third_Party/FreeRTOS/Source/event_groups.o
                0x00000000080074cc                xEventGroupWaitBits
 .text.xEventGroupSetBits
                0x0000000008007668      0x116 Middlewares/Third_Party/FreeRTOS/Source/event_groups.o
                0x0000000008007668                xEventGroupSetBits
 .text.vEventGroupSetBitsCallback
                0x000000000800777e       0x1a Middlewares/Third_Party/FreeRTOS/Source/event_groups.o
                0x000000000800777e                vEventGroupSetBitsCallback
 .text.prvTestWaitCondition
                0x0000000008007798       0x42 Middlewares/Third_Party/FreeRTOS/Source/event_groups.o
 *fill*         0x00000000080077da        0x2 
 .text.xEventGroupSetBitsFromISR
                0x00000000080077dc       0x28 Middlewares/Third_Party/FreeRTOS/Source/event_groups.o
                0x00000000080077dc                xEventGroupSetBitsFromISR
 .text.vListInitialise
                0x0000000008007804       0x3e Middlewares/Third_Party/FreeRTOS/Source/list.o
                0x0000000008007804                vListInitialise
 .text.vListInitialiseItem
                0x0000000008007842       0x18 Middlewares/Third_Party/FreeRTOS/Source/list.o
                0x0000000008007842                vListInitialiseItem
 .text.vListInsertEnd
                0x000000000800785a       0x46 Middlewares/Third_Party/FreeRTOS/Source/list.o
                0x000000000800785a                vListInsertEnd
 .text.vListInsert
                0x00000000080078a0       0x70 Middlewares/Third_Party/FreeRTOS/Source/list.o
                0x00000000080078a0                vListInsert
 .text.uxListRemove
                0x0000000008007910       0x52 Middlewares/Third_Party/FreeRTOS/Source/list.o
                0x0000000008007910                uxListRemove
 *fill*         0x0000000008007962        0x2 
 .text.xQueueGenericReset
                0x0000000008007964       0xd0 Middlewares/Third_Party/FreeRTOS/Source/queue.o
                0x0000000008007964                xQueueGenericReset
 .text.xQueueGenericCreateStatic
                0x0000000008007a34       0xee Middlewares/Third_Party/FreeRTOS/Source/queue.o
                0x0000000008007a34                xQueueGenericCreateStatic
 .text.xQueueGenericCreate
                0x0000000008007b22       0x7c Middlewares/Third_Party/FreeRTOS/Source/queue.o
                0x0000000008007b22                xQueueGenericCreate
 .text.prvInitialiseNewQueue
                0x0000000008007b9e       0x46 Middlewares/Third_Party/FreeRTOS/Source/queue.o
 .text.xQueueGenericSend
                0x0000000008007be4      0x1fc Middlewares/Third_Party/FreeRTOS/Source/queue.o
                0x0000000008007be4                xQueueGenericSend
 .text.xQueueGenericSendFromISR
                0x0000000008007de0      0x130 Middlewares/Third_Party/FreeRTOS/Source/queue.o
                0x0000000008007de0                xQueueGenericSendFromISR
 .text.xQueueReceive
                0x0000000008007f10      0x1c0 Middlewares/Third_Party/FreeRTOS/Source/queue.o
                0x0000000008007f10                xQueueReceive
 .text.xQueueReceiveFromISR
                0x00000000080080d0      0x100 Middlewares/Third_Party/FreeRTOS/Source/queue.o
                0x00000000080080d0                xQueueReceiveFromISR
 .text.uxQueueMessagesWaiting
                0x00000000080081d0       0x3c Middlewares/Third_Party/FreeRTOS/Source/queue.o
                0x00000000080081d0                uxQueueMessagesWaiting
 .text.uxQueueMessagesWaitingFromISR
                0x000000000800820c       0x36 Middlewares/Third_Party/FreeRTOS/Source/queue.o
                0x000000000800820c                uxQueueMessagesWaitingFromISR
 .text.prvCopyDataToQueue
                0x0000000008008242       0xd4 Middlewares/Third_Party/FreeRTOS/Source/queue.o
 .text.prvCopyDataFromQueue
                0x0000000008008316       0x4c Middlewares/Third_Party/FreeRTOS/Source/queue.o
 .text.prvUnlockQueue
                0x0000000008008362       0xa4 Middlewares/Third_Party/FreeRTOS/Source/queue.o
 .text.prvIsQueueEmpty
                0x0000000008008406       0x2c Middlewares/Third_Party/FreeRTOS/Source/queue.o
 .text.prvIsQueueFull
                0x0000000008008432       0x30 Middlewares/Third_Party/FreeRTOS/Source/queue.o
 *fill*         0x0000000008008462        0x2 
 .text.vQueueAddToRegistry
                0x0000000008008464       0x50 Middlewares/Third_Party/FreeRTOS/Source/queue.o
                0x0000000008008464                vQueueAddToRegistry
 .text.vQueueWaitForMessageRestricted
                0x00000000080084b4       0x68 Middlewares/Third_Party/FreeRTOS/Source/queue.o
                0x00000000080084b4                vQueueWaitForMessageRestricted
 .text.xTaskCreateStatic
                0x000000000800851c       0xb8 Middlewares/Third_Party/FreeRTOS/Source/tasks.o
                0x000000000800851c                xTaskCreateStatic
 .text.xTaskCreate
                0x00000000080085d4       0x8a Middlewares/Third_Party/FreeRTOS/Source/tasks.o
                0x00000000080085d4                xTaskCreate
 .text.prvInitialiseNewTask
                0x000000000800865e      0x10e Middlewares/Third_Party/FreeRTOS/Source/tasks.o
 .text.prvAddNewTaskToReadyList
                0x000000000800876c       0xe0 Middlewares/Third_Party/FreeRTOS/Source/tasks.o
 .text.vTaskDelay
                0x000000000800884c       0x68 Middlewares/Third_Party/FreeRTOS/Source/tasks.o
                0x000000000800884c                vTaskDelay
 .text.vTaskStartScheduler
                0x00000000080088b4       0xcc Middlewares/Third_Party/FreeRTOS/Source/tasks.o
                0x00000000080088b4                vTaskStartScheduler
 .text.vTaskSuspendAll
                0x0000000008008980       0x1c Middlewares/Third_Party/FreeRTOS/Source/tasks.o
                0x0000000008008980                vTaskSuspendAll
 .text.xTaskResumeAll
                0x000000000800899c      0x13c Middlewares/Third_Party/FreeRTOS/Source/tasks.o
                0x000000000800899c                xTaskResumeAll
 .text.xTaskGetTickCount
                0x0000000008008ad8       0x1c Middlewares/Third_Party/FreeRTOS/Source/tasks.o
                0x0000000008008ad8                xTaskGetTickCount
 .text.xTaskIncrementTick
                0x0000000008008af4      0x17c Middlewares/Third_Party/FreeRTOS/Source/tasks.o
                0x0000000008008af4                xTaskIncrementTick
 .text.vTaskSwitchContext
                0x0000000008008c70       0xb8 Middlewares/Third_Party/FreeRTOS/Source/tasks.o
                0x0000000008008c70                vTaskSwitchContext
 .text.vTaskPlaceOnEventList
                0x0000000008008d28       0x48 Middlewares/Third_Party/FreeRTOS/Source/tasks.o
                0x0000000008008d28                vTaskPlaceOnEventList
 .text.vTaskPlaceOnUnorderedEventList
                0x0000000008008d70       0x78 Middlewares/Third_Party/FreeRTOS/Source/tasks.o
                0x0000000008008d70                vTaskPlaceOnUnorderedEventList
 .text.vTaskPlaceOnEventListRestricted
                0x0000000008008de8       0x58 Middlewares/Third_Party/FreeRTOS/Source/tasks.o
                0x0000000008008de8                vTaskPlaceOnEventListRestricted
 .text.xTaskRemoveFromEventList
                0x0000000008008e40       0xc8 Middlewares/Third_Party/FreeRTOS/Source/tasks.o
                0x0000000008008e40                xTaskRemoveFromEventList
 .text.vTaskRemoveFromUnorderedEventList
                0x0000000008008f08       0xc4 Middlewares/Third_Party/FreeRTOS/Source/tasks.o
                0x0000000008008f08                vTaskRemoveFromUnorderedEventList
 .text.vTaskInternalSetTimeOutState
                0x0000000008008fcc       0x2c Middlewares/Third_Party/FreeRTOS/Source/tasks.o
                0x0000000008008fcc                vTaskInternalSetTimeOutState
 .text.xTaskCheckForTimeOut
                0x0000000008008ff8       0xc4 Middlewares/Third_Party/FreeRTOS/Source/tasks.o
                0x0000000008008ff8                xTaskCheckForTimeOut
 .text.vTaskMissedYield
                0x00000000080090bc       0x18 Middlewares/Third_Party/FreeRTOS/Source/tasks.o
                0x00000000080090bc                vTaskMissedYield
 .text.prvIdleTask
                0x00000000080090d4       0x30 Middlewares/Third_Party/FreeRTOS/Source/tasks.o
 .text.prvInitialiseTaskLists
                0x0000000008009104       0x80 Middlewares/Third_Party/FreeRTOS/Source/tasks.o
 .text.prvCheckTasksWaitingTermination
                0x0000000008009184       0x5c Middlewares/Third_Party/FreeRTOS/Source/tasks.o
 .text.prvDeleteTCB
                0x00000000080091e0       0x5e Middlewares/Third_Party/FreeRTOS/Source/tasks.o
 *fill*         0x000000000800923e        0x2 
 .text.prvResetNextTaskUnblockTime
                0x0000000008009240       0x48 Middlewares/Third_Party/FreeRTOS/Source/tasks.o
 .text.xTaskGetSchedulerState
                0x0000000008009288       0x3c Middlewares/Third_Party/FreeRTOS/Source/tasks.o
                0x0000000008009288                xTaskGetSchedulerState
 .text.xTaskPriorityDisinherit
                0x00000000080092c4       0xdc Middlewares/Third_Party/FreeRTOS/Source/tasks.o
                0x00000000080092c4                xTaskPriorityDisinherit
 .text.uxTaskResetEventItemValue
                0x00000000080093a0       0x30 Middlewares/Third_Party/FreeRTOS/Source/tasks.o
                0x00000000080093a0                uxTaskResetEventItemValue
 .text.prvAddCurrentTaskToDelayedList
                0x00000000080093d0       0xa8 Middlewares/Third_Party/FreeRTOS/Source/tasks.o
 .text.xTimerCreateTimerTask
                0x0000000008009478       0x90 Middlewares/Third_Party/FreeRTOS/Source/timers.o
                0x0000000008009478                xTimerCreateTimerTask
 .text.xTimerGenericCommand
                0x0000000008009508       0x9c Middlewares/Third_Party/FreeRTOS/Source/timers.o
                0x0000000008009508                xTimerGenericCommand
 .text.prvProcessExpiredTimer
                0x00000000080095a4       0x80 Middlewares/Third_Party/FreeRTOS/Source/timers.o
 .text.prvTimerTask
                0x0000000008009624       0x24 Middlewares/Third_Party/FreeRTOS/Source/timers.o
 .text.prvProcessTimerOrBlockTask
                0x0000000008009648       0x9c Middlewares/Third_Party/FreeRTOS/Source/timers.o
 .text.prvGetNextExpireTime
                0x00000000080096e4       0x48 Middlewares/Third_Party/FreeRTOS/Source/timers.o
 .text.prvSampleTimeNow
                0x000000000800972c       0x40 Middlewares/Third_Party/FreeRTOS/Source/timers.o
 .text.prvInsertTimerInActiveList
                0x000000000800976c       0x84 Middlewares/Third_Party/FreeRTOS/Source/timers.o
 .text.prvProcessReceivedCommands
                0x00000000080097f0      0x168 Middlewares/Third_Party/FreeRTOS/Source/timers.o
 .text.prvSwitchTimerLists
                0x0000000008009958       0xc4 Middlewares/Third_Party/FreeRTOS/Source/timers.o
 .text.prvCheckForValidListAndQueue
                0x0000000008009a1c       0x80 Middlewares/Third_Party/FreeRTOS/Source/timers.o
 .text.xTimerPendFunctionCallFromISR
                0x0000000008009a9c       0x40 Middlewares/Third_Party/FreeRTOS/Source/timers.o
                0x0000000008009a9c                xTimerPendFunctionCallFromISR
 .text.pxPortInitialiseStack
                0x0000000008009adc       0x58 Middlewares/Third_Party/FreeRTOS/Source/portable/GCC/ARM_CM3/port.o
                0x0000000008009adc                pxPortInitialiseStack
 .text.prvTaskExitError
                0x0000000008009b34       0x58 Middlewares/Third_Party/FreeRTOS/Source/portable/GCC/ARM_CM3/port.o
 *fill*         0x0000000008009b8c        0x4 
 .text.SVC_Handler
                0x0000000008009b90       0x28 Middlewares/Third_Party/FreeRTOS/Source/portable/GCC/ARM_CM3/port.o
                0x0000000008009b90                SVC_Handler
 .text.prvPortStartFirstTask
                0x0000000008009bb8       0x20 Middlewares/Third_Party/FreeRTOS/Source/portable/GCC/ARM_CM3/port.o
 .text.xPortStartScheduler
                0x0000000008009bd8       0xe4 Middlewares/Third_Party/FreeRTOS/Source/portable/GCC/ARM_CM3/port.o
                0x0000000008009bd8                xPortStartScheduler
 .text.vPortEnterCritical
                0x0000000008009cbc       0x60 Middlewares/Third_Party/FreeRTOS/Source/portable/GCC/ARM_CM3/port.o
                0x0000000008009cbc                vPortEnterCritical
 .text.vPortExitCritical
                0x0000000008009d1c       0x50 Middlewares/Third_Party/FreeRTOS/Source/portable/GCC/ARM_CM3/port.o
                0x0000000008009d1c                vPortExitCritical
 *fill*         0x0000000008009d6c        0x4 
 .text.PendSV_Handler
                0x0000000008009d70       0x48 Middlewares/Third_Party/FreeRTOS/Source/portable/GCC/ARM_CM3/port.o
                0x0000000008009d70                PendSV_Handler
 .text.xPortSysTickHandler
                0x0000000008009db8       0x44 Middlewares/Third_Party/FreeRTOS/Source/portable/GCC/ARM_CM3/port.o
                0x0000000008009db8                xPortSysTickHandler
 .text.vPortSetupTimerInterrupt
                0x0000000008009dfc       0x44 Middlewares/Third_Party/FreeRTOS/Source/portable/GCC/ARM_CM3/port.o
                0x0000000008009dfc                vPortSetupTimerInterrupt
 .text.vPortValidateInterruptPriority
                0x0000000008009e40       0x7c Middlewares/Third_Party/FreeRTOS/Source/portable/GCC/ARM_CM3/port.o
                0x0000000008009e40                vPortValidateInterruptPriority
 .text.pvPortMalloc
                0x0000000008009ebc      0x188 Middlewares/Third_Party/FreeRTOS/Source/portable/MemMang/heap_4.o
                0x0000000008009ebc                pvPortMalloc
 .text.vPortFree
                0x000000000800a044       0xb4 Middlewares/Third_Party/FreeRTOS/Source/portable/MemMang/heap_4.o
                0x000000000800a044                vPortFree
 .text.prvHeapInit
                0x000000000800a0f8       0xc4 Middlewares/Third_Party/FreeRTOS/Source/portable/MemMang/heap_4.o
 .text.prvInsertBlockIntoFreeList
                0x000000000800a1bc       0xb0 Middlewares/Third_Party/FreeRTOS/Source/portable/MemMang/heap_4.o
 .text.MX_USB_DEVICE_Init
                0x000000000800a26c       0x4c USB_DEVICE/App/usb_device.o
                0x000000000800a26c                MX_USB_DEVICE_Init
 .text.USBD_FS_DeviceDescriptor
                0x000000000800a2b8       0x24 USB_DEVICE/App/usbd_desc.o
                0x000000000800a2b8                USBD_FS_DeviceDescriptor
 .text.USBD_FS_LangIDStrDescriptor
                0x000000000800a2dc       0x24 USB_DEVICE/App/usbd_desc.o
                0x000000000800a2dc                USBD_FS_LangIDStrDescriptor
 .text.USBD_FS_ProductStrDescriptor
                0x000000000800a300       0x3c USB_DEVICE/App/usbd_desc.o
                0x000000000800a300                USBD_FS_ProductStrDescriptor
 .text.USBD_FS_ManufacturerStrDescriptor
                0x000000000800a33c       0x28 USB_DEVICE/App/usbd_desc.o
                0x000000000800a33c                USBD_FS_ManufacturerStrDescriptor
 .text.USBD_FS_SerialStrDescriptor
                0x000000000800a364       0x24 USB_DEVICE/App/usbd_desc.o
                0x000000000800a364                USBD_FS_SerialStrDescriptor
 .text.USBD_FS_ConfigStrDescriptor
                0x000000000800a388       0x3c USB_DEVICE/App/usbd_desc.o
                0x000000000800a388                USBD_FS_ConfigStrDescriptor
 .text.USBD_FS_InterfaceStrDescriptor
                0x000000000800a3c4       0x3c USB_DEVICE/App/usbd_desc.o
                0x000000000800a3c4                USBD_FS_InterfaceStrDescriptor
 .text.Get_SerialNum
                0x000000000800a400       0x58 USB_DEVICE/App/usbd_desc.o
 .text.IntToUnicode
                0x000000000800a458       0x7c USB_DEVICE/App/usbd_desc.o
 .text.HAL_PCD_MspInit
                0x000000000800a4d4       0x4c USB_DEVICE/Target/usbd_conf.o
                0x000000000800a4d4                HAL_PCD_MspInit
 .text.HAL_PCD_SetupStageCallback
                0x000000000800a520       0x24 USB_DEVICE/Target/usbd_conf.o
                0x000000000800a520                HAL_PCD_SetupStageCallback
 .text.HAL_PCD_DataOutStageCallback
                0x000000000800a544       0x36 USB_DEVICE/Target/usbd_conf.o
                0x000000000800a544                HAL_PCD_DataOutStageCallback
 .text.HAL_PCD_DataInStageCallback
                0x000000000800a57a       0x34 USB_DEVICE/Target/usbd_conf.o
                0x000000000800a57a                HAL_PCD_DataInStageCallback
 .text.HAL_PCD_SOFCallback
                0x000000000800a5ae       0x1c USB_DEVICE/Target/usbd_conf.o
                0x000000000800a5ae                HAL_PCD_SOFCallback
 .text.HAL_PCD_ResetCallback
                0x000000000800a5ca       0x3c USB_DEVICE/Target/usbd_conf.o
                0x000000000800a5ca                HAL_PCD_ResetCallback
 *fill*         0x000000000800a606        0x2 
 .text.HAL_PCD_SuspendCallback
                0x000000000800a608       0x34 USB_DEVICE/Target/usbd_conf.o
                0x000000000800a608                HAL_PCD_SuspendCallback
 .text.HAL_PCD_ResumeCallback
                0x000000000800a63c       0x1c USB_DEVICE/Target/usbd_conf.o
                0x000000000800a63c                HAL_PCD_ResumeCallback
 .text.USBD_LL_Init
                0x000000000800a658       0x90 USB_DEVICE/Target/usbd_conf.o
                0x000000000800a658                USBD_LL_Init
 .text.USBD_LL_Start
                0x000000000800a6e8       0x36 USB_DEVICE/Target/usbd_conf.o
                0x000000000800a6e8                USBD_LL_Start
 .text.USBD_LL_OpenEP
                0x000000000800a71e       0x4c USB_DEVICE/Target/usbd_conf.o
                0x000000000800a71e                USBD_LL_OpenEP
 .text.USBD_LL_CloseEP
                0x000000000800a76a       0x3e USB_DEVICE/Target/usbd_conf.o
                0x000000000800a76a                USBD_LL_CloseEP
 .text.USBD_LL_StallEP
                0x000000000800a7a8       0x3e USB_DEVICE/Target/usbd_conf.o
                0x000000000800a7a8                USBD_LL_StallEP
 .text.USBD_LL_ClearStallEP
                0x000000000800a7e6       0x3e USB_DEVICE/Target/usbd_conf.o
                0x000000000800a7e6                USBD_LL_ClearStallEP
 .text.USBD_LL_IsStallEP
                0x000000000800a824       0x58 USB_DEVICE/Target/usbd_conf.o
                0x000000000800a824                USBD_LL_IsStallEP
 .text.USBD_LL_SetUSBAddress
                0x000000000800a87c       0x3e USB_DEVICE/Target/usbd_conf.o
                0x000000000800a87c                USBD_LL_SetUSBAddress
 .text.USBD_LL_Transmit
                0x000000000800a8ba       0x46 USB_DEVICE/Target/usbd_conf.o
                0x000000000800a8ba                USBD_LL_Transmit
 .text.USBD_LL_PrepareReceive
                0x000000000800a900       0x46 USB_DEVICE/Target/usbd_conf.o
                0x000000000800a900                USBD_LL_PrepareReceive
 *fill*         0x000000000800a946        0x2 
 .text.USBD_static_malloc
                0x000000000800a948       0x18 USB_DEVICE/Target/usbd_conf.o
                0x000000000800a948                USBD_static_malloc
 .text.USBD_static_free
                0x000000000800a960       0x12 USB_DEVICE/Target/usbd_conf.o
                0x000000000800a960                USBD_static_free
 .text.HAL_PCDEx_SetConnectionState
                0x000000000800a972       0x16 USB_DEVICE/Target/usbd_conf.o
                0x000000000800a972                HAL_PCDEx_SetConnectionState
 .text.USBD_Get_USB_Status
                0x000000000800a988       0x58 USB_DEVICE/Target/usbd_conf.o
 .text.__libc_init_array
                0x000000000800a9e0       0x48 c:/st/stm32cubeide_1.6.1/stm32cubeide/plugins/com.st.stm32cube.ide.mcu.externaltools.gnu-tools-for-stm32.9-2020-q2-update.win32_1.5.0.202011040924/tools/bin/../lib/gcc/arm-none-eabi/9.3.1/../../../../arm-none-eabi/lib/thumb/v7-m/nofp\libc_nano.a(lib_a-init.o)
                0x000000000800a9e0                __libc_init_array
 .text.memcpy   0x000000000800aa28       0x1c c:/st/stm32cubeide_1.6.1/stm32cubeide/plugins/com.st.stm32cube.ide.mcu.externaltools.gnu-tools-for-stm32.9-2020-q2-update.win32_1.5.0.202011040924/tools/bin/../lib/gcc/arm-none-eabi/9.3.1/../../../../arm-none-eabi/lib/thumb/v7-m/nofp\libc_nano.a(lib_a-memcpy-stub.o)
                0x000000000800aa28                memcpy
 .text.memset   0x000000000800aa44       0x10 c:/st/stm32cubeide_1.6.1/stm32cubeide/plugins/com.st.stm32cube.ide.mcu.externaltools.gnu-tools-for-stm32.9-2020-q2-update.win32_1.5.0.202011040924/tools/bin/../lib/gcc/arm-none-eabi/9.3.1/../../../../arm-none-eabi/lib/thumb/v7-m/nofp\libc_nano.a(lib_a-memset.o)
                0x000000000800aa44                memset
 *(.glue_7)
 .glue_7        0x000000000800aa54        0x0 linker stubs
 *(.glue_7t)
 .glue_7t       0x000000000800aa54        0x0 linker stubs
 *(.eh_frame)
 .eh_frame      0x000000000800aa54        0x0 c:/st/stm32cubeide_1.6.1/stm32cubeide/plugins/com.st.stm32cube.ide.mcu.externaltools.gnu-tools-for-stm32.9-2020-q2-update.win32_1.5.0.202011040924/tools/bin/../lib/gcc/arm-none-eabi/9.3.1/thumb/v7-m/nofp/crtbegin.o
 *(.init)
 .init          0x000000000800aa54        0x4 c:/st/stm32cubeide_1.6.1/stm32cubeide/plugins/com.st.stm32cube.ide.mcu.externaltools.gnu-tools-for-stm32.9-2020-q2-update.win32_1.5.0.202011040924/tools/bin/../lib/gcc/arm-none-eabi/9.3.1/thumb/v7-m/nofp/crti.o
                0x000000000800aa54                _init
 .init          0x000000000800aa58        0x8 c:/st/stm32cubeide_1.6.1/stm32cubeide/plugins/com.st.stm32cube.ide.mcu.externaltools.gnu-tools-for-stm32.9-2020-q2-update.win32_1.5.0.202011040924/tools/bin/../lib/gcc/arm-none-eabi/9.3.1/thumb/v7-m/nofp/crtn.o
 *(.fini)
 .fini          0x000000000800aa60        0x4 c:/st/stm32cubeide_1.6.1/stm32cubeide/plugins/com.st.stm32cube.ide.mcu.externaltools.gnu-tools-for-stm32.9-2020-q2-update.win32_1.5.0.202011040924/tools/bin/../lib/gcc/arm-none-eabi/9.3.1/thumb/v7-m/nofp/crti.o
                0x000000000800aa60                _fini
 .fini          0x000000000800aa64        0x8 c:/st/stm32cubeide_1.6.1/stm32cubeide/plugins/com.st.stm32cube.ide.mcu.externaltools.gnu-tools-for-stm32.9-2020-q2-update.win32_1.5.0.202011040924/tools/bin/../lib/gcc/arm-none-eabi/9.3.1/thumb/v7-m/nofp/crtn.o
                0x000000000800aa6c                . = ALIGN (0x4)
                0x000000000800aa6c                _etext = .

.vfp11_veneer   0x000000000800aa6c        0x0
 .vfp11_veneer  0x000000000800aa6c        0x0 linker stubs

.v4_bx          0x000000000800aa6c        0x0
 .v4_bx         0x000000000800aa6c        0x0 linker stubs

.iplt           0x000000000800aa6c        0x0
 .iplt          0x000000000800aa6c        0x0 c:/st/stm32cubeide_1.6.1/stm32cubeide/plugins/com.st.stm32cube.ide.mcu.externaltools.gnu-tools-for-stm32.9-2020-q2-update.win32_1.5.0.202011040924/tools/bin/../lib/gcc/arm-none-eabi/9.3.1/thumb/v7-m/nofp/crtbegin.o

.rodata         0x000000000800aa6c      0x300
                0x000000000800aa6c                . = ALIGN (0x4)
 *(.rodata)
 .rodata        0x000000000800aa6c       0x4c Core/Src/main.o
 .rodata        0x000000000800aab8       0x10 Drivers/STM32F1xx_HAL_Driver/Src/stm32f1xx_hal_rcc.o
 .rodata        0x000000000800aac8        0x5 Middlewares/Third_Party/FreeRTOS/Source/tasks.o
 *fill*         0x000000000800aacd        0x3 
 .rodata        0x000000000800aad0        0xd Middlewares/Third_Party/FreeRTOS/Source/timers.o
 *fill*         0x000000000800aadd        0x3 
 .rodata        0x000000000800aae0       0x36 USB_DEVICE/App/usbd_desc.o
 *(.rodata*)
 *fill*         0x000000000800ab16        0x2 
 .rodata.defaultTask_attributes
                0x000000000800ab18       0x24 Core/Src/main.o
                0x000000000800ab18                defaultTask_attributes
 .rodata.kbdMatrixRead_attributes
                0x000000000800ab3c       0x24 Core/Src/main.o
                0x000000000800ab3c                kbdMatrixRead_attributes
 .rodata.processRecord_attributes
                0x000000000800ab60       0x24 Core/Src/main.o
                0x000000000800ab60                processRecord_attributes
 .rodata.keyboardRecordQueue_attributes
                0x000000000800ab84       0x18 Core/Src/main.o
                0x000000000800ab84                keyboardRecordQueue_attributes
 .rodata.kbdHMIevent_attributes
                0x000000000800ab9c       0x10 Core/Src/main.o
                0x000000000800ab9c                kbdHMIevent_attributes
 .rodata.AHBPrescTable
                0x000000000800abac       0x10 Core/Src/system_stm32f1xx.o
                0x000000000800abac                AHBPrescTable
 .rodata.keymap_azerty
                0x000000000800abbc      0x1b0 Core/Src/kbdMatrixRead/kbdRecord.o
                0x000000000800abbc                keymap_azerty
                0x000000000800ad6c                . = ALIGN (0x4)

.rel.dyn        0x000000000800ad6c        0x0
 .rel.iplt      0x000000000800ad6c        0x0 c:/st/stm32cubeide_1.6.1/stm32cubeide/plugins/com.st.stm32cube.ide.mcu.externaltools.gnu-tools-for-stm32.9-2020-q2-update.win32_1.5.0.202011040924/tools/bin/../lib/gcc/arm-none-eabi/9.3.1/thumb/v7-m/nofp/crtbegin.o

.ARM.extab      0x000000000800ad6c        0x0
                0x000000000800ad6c                . = ALIGN (0x4)
 *(.ARM.extab* .gnu.linkonce.armextab.*)
                0x000000000800ad6c                . = ALIGN (0x4)

.ARM            0x000000000800ad6c        0x0
                0x000000000800ad6c                . = ALIGN (0x4)
                0x000000000800ad6c                __exidx_start = .
 *(.ARM.exidx*)
                0x000000000800ad6c                __exidx_end = .
                0x000000000800ad6c                . = ALIGN (0x4)

.preinit_array  0x000000000800ad6c        0x0
                0x000000000800ad6c                . = ALIGN (0x4)
                0x000000000800ad6c                PROVIDE (__preinit_array_start = .)
 *(.preinit_array*)
                0x000000000800ad6c                PROVIDE (__preinit_array_end = .)
                0x000000000800ad6c                . = ALIGN (0x4)

.init_array     0x000000000800ad6c        0x4
                0x000000000800ad6c                . = ALIGN (0x4)
                0x000000000800ad6c                PROVIDE (__init_array_start = .)
 *(SORT_BY_NAME(.init_array.*))
 *(.init_array*)
 .init_array    0x000000000800ad6c        0x4 c:/st/stm32cubeide_1.6.1/stm32cubeide/plugins/com.st.stm32cube.ide.mcu.externaltools.gnu-tools-for-stm32.9-2020-q2-update.win32_1.5.0.202011040924/tools/bin/../lib/gcc/arm-none-eabi/9.3.1/thumb/v7-m/nofp/crtbegin.o
                0x000000000800ad70                PROVIDE (__init_array_end = .)
                0x000000000800ad70                . = ALIGN (0x4)

.fini_array     0x000000000800ad70        0x4
                0x000000000800ad70                . = ALIGN (0x4)
                [!provide]                        PROVIDE (__fini_array_start = .)
 *(SORT_BY_NAME(.fini_array.*))
 *(.fini_array*)
 .fini_array    0x000000000800ad70        0x4 c:/st/stm32cubeide_1.6.1/stm32cubeide/plugins/com.st.stm32cube.ide.mcu.externaltools.gnu-tools-for-stm32.9-2020-q2-update.win32_1.5.0.202011040924/tools/bin/../lib/gcc/arm-none-eabi/9.3.1/thumb/v7-m/nofp/crtbegin.o
                [!provide]                        PROVIDE (__fini_array_end = .)
                0x000000000800ad74                . = ALIGN (0x4)
                0x000000000800ad74                _sidata = LOADADDR (.data)

.data           0x0000000020000000      0x15c load address 0x000000000800ad74
                0x0000000020000000                . = ALIGN (0x4)
                0x0000000020000000                _sdata = .
 *(.data)
 *(.data*)
 .data.SystemCoreClock
                0x0000000020000000        0x4 Core/Src/system_stm32f1xx.o
                0x0000000020000000                SystemCoreClock
 .data.uwTickPrio
                0x0000000020000004        0x4 Drivers/STM32F1xx_HAL_Driver/Src/stm32f1xx_hal.o
                0x0000000020000004                uwTickPrio
 .data.uwTickFreq
                0x0000000020000008        0x1 Drivers/STM32F1xx_HAL_Driver/Src/stm32f1xx_hal.o
                0x0000000020000008                uwTickFreq
 *fill*         0x0000000020000009        0x3 
 .data.USBD_HID
                0x000000002000000c       0x38 Middlewares/ST/STM32_USB_Device_Library/Class/HID/Src/usbd_hid.o
                0x000000002000000c                USBD_HID
 .data.USBD_HID_CfgFSDesc
                0x0000000020000044       0x22 Middlewares/ST/STM32_USB_Device_Library/Class/HID/Src/usbd_hid.o
 *fill*         0x0000000020000066        0x2 
 .data.USBD_HID_CfgHSDesc
                0x0000000020000068       0x22 Middlewares/ST/STM32_USB_Device_Library/Class/HID/Src/usbd_hid.o
 *fill*         0x000000002000008a        0x2 
 .data.USBD_HID_OtherSpeedCfgDesc
                0x000000002000008c       0x22 Middlewares/ST/STM32_USB_Device_Library/Class/HID/Src/usbd_hid.o
 *fill*         0x00000000200000ae        0x2 
 .data.USBD_HID_Desc
                0x00000000200000b0        0x9 Middlewares/ST/STM32_USB_Device_Library/Class/HID/Src/usbd_hid.o
 *fill*         0x00000000200000b9        0x3 
 .data.USBD_HID_DeviceQualifierDesc
                0x00000000200000bc        0xa Middlewares/ST/STM32_USB_Device_Library/Class/HID/Src/usbd_hid.o
 *fill*         0x00000000200000c6        0x2 
 .data.HID_KEYBOARD_ReportDesc
                0x00000000200000c8       0x3f Middlewares/ST/STM32_USB_Device_Library/Class/HID/Src/usbd_hid.o
 *fill*         0x0000000020000107        0x1 
 .data.uxCriticalNesting
                0x0000000020000108        0x4 Middlewares/Third_Party/FreeRTOS/Source/portable/GCC/ARM_CM3/port.o
 .data.FS_Desc  0x000000002000010c       0x1c USB_DEVICE/App/usbd_desc.o
                0x000000002000010c                FS_Desc
 .data.USBD_FS_DeviceDesc
                0x0000000020000128       0x12 USB_DEVICE/App/usbd_desc.o
                0x0000000020000128                USBD_FS_DeviceDesc
 *fill*         0x000000002000013a        0x2 
 .data.USBD_LangIDDesc
                0x000000002000013c        0x4 USB_DEVICE/App/usbd_desc.o
                0x000000002000013c                USBD_LangIDDesc
 .data.USBD_StringSerial
                0x0000000020000140       0x1a USB_DEVICE/App/usbd_desc.o
                0x0000000020000140                USBD_StringSerial
 *(.RamFunc)
 *(.RamFunc*)
                0x000000002000015c                . = ALIGN (0x4)
 *fill*         0x000000002000015a        0x2 
                0x000000002000015c                _edata = .

.igot.plt       0x000000002000015c        0x0 load address 0x000000000800aed0
 .igot.plt      0x000000002000015c        0x0 c:/st/stm32cubeide_1.6.1/stm32cubeide/plugins/com.st.stm32cube.ide.mcu.externaltools.gnu-tools-for-stm32.9-2020-q2-update.win32_1.5.0.202011040924/tools/bin/../lib/gcc/arm-none-eabi/9.3.1/thumb/v7-m/nofp/crtbegin.o
                0x000000002000015c                . = ALIGN (0x4)

.bss            0x000000002000015c     0x2278 load address 0x000000000800aed0
                0x000000002000015c                _sbss = .
                0x000000002000015c                __bss_start__ = _sbss
 *(.bss)
 .bss           0x000000002000015c       0x1c c:/st/stm32cubeide_1.6.1/stm32cubeide/plugins/com.st.stm32cube.ide.mcu.externaltools.gnu-tools-for-stm32.9-2020-q2-update.win32_1.5.0.202011040924/tools/bin/../lib/gcc/arm-none-eabi/9.3.1/thumb/v7-m/nofp/crtbegin.o
 *(.bss*)
 .bss.globalPressedKeys
                0x0000000020000178        0xa Core/Src/kbdMatrixRead/kbdRecord.o
                0x0000000020000178                globalPressedKeys
 .bss.currentKeymapLevel
                0x0000000020000182        0x1 Core/Src/kbdMatrixRead/kbdRecord.o
                0x0000000020000182                currentKeymapLevel
 *fill*         0x0000000020000183        0x1 
 .bss.matrixState.5747
                0x0000000020000184      0x11a Core/Src/kbdMatrixRead/matrixRead.o
 *fill*         0x000000002000029e        0x2 
 .bss.keyboardhid
                0x00000000200002a0        0x8 Core/Src/processRecord/processRecord.o
                0x00000000200002a0                keyboardhid
 .bss.cfgidx.7718
                0x00000000200002a8        0x1 Middlewares/ST/STM32_USB_Device_Library/Core/Src/usbd_ctlreq.o
 *fill*         0x00000000200002a9        0x3 
 .bss.KernelState
                0x00000000200002ac        0x4 Middlewares/Third_Party/FreeRTOS/Source/CMSIS_RTOS_V2/cmsis_os2.o
 .bss.Idle_TCB  0x00000000200002b0       0x5c Middlewares/Third_Party/FreeRTOS/Source/CMSIS_RTOS_V2/cmsis_os2.o
 .bss.Idle_Stack
                0x000000002000030c      0x200 Middlewares/Third_Party/FreeRTOS/Source/CMSIS_RTOS_V2/cmsis_os2.o
 .bss.Timer_TCB
                0x000000002000050c       0x5c Middlewares/Third_Party/FreeRTOS/Source/CMSIS_RTOS_V2/cmsis_os2.o
 .bss.Timer_Stack
                0x0000000020000568      0x400 Middlewares/Third_Party/FreeRTOS/Source/CMSIS_RTOS_V2/cmsis_os2.o
 .bss.pxCurrentTCB
                0x0000000020000968        0x4 Middlewares/Third_Party/FreeRTOS/Source/tasks.o
                0x0000000020000968                pxCurrentTCB
 .bss.pxReadyTasksLists
                0x000000002000096c      0x460 Middlewares/Third_Party/FreeRTOS/Source/tasks.o
 .bss.xDelayedTaskList1
                0x0000000020000dcc       0x14 Middlewares/Third_Party/FreeRTOS/Source/tasks.o
 .bss.xDelayedTaskList2
                0x0000000020000de0       0x14 Middlewares/Third_Party/FreeRTOS/Source/tasks.o
 .bss.pxDelayedTaskList
                0x0000000020000df4        0x4 Middlewares/Third_Party/FreeRTOS/Source/tasks.o
 .bss.pxOverflowDelayedTaskList
                0x0000000020000df8        0x4 Middlewares/Third_Party/FreeRTOS/Source/tasks.o
 .bss.xPendingReadyList
                0x0000000020000dfc       0x14 Middlewares/Third_Party/FreeRTOS/Source/tasks.o
 .bss.xTasksWaitingTermination
                0x0000000020000e10       0x14 Middlewares/Third_Party/FreeRTOS/Source/tasks.o
 .bss.uxDeletedTasksWaitingCleanUp
                0x0000000020000e24        0x4 Middlewares/Third_Party/FreeRTOS/Source/tasks.o
 .bss.xSuspendedTaskList
                0x0000000020000e28       0x14 Middlewares/Third_Party/FreeRTOS/Source/tasks.o
 .bss.uxCurrentNumberOfTasks
                0x0000000020000e3c        0x4 Middlewares/Third_Party/FreeRTOS/Source/tasks.o
 .bss.xTickCount
                0x0000000020000e40        0x4 Middlewares/Third_Party/FreeRTOS/Source/tasks.o
 .bss.uxTopReadyPriority
                0x0000000020000e44        0x4 Middlewares/Third_Party/FreeRTOS/Source/tasks.o
 .bss.xSchedulerRunning
                0x0000000020000e48        0x4 Middlewares/Third_Party/FreeRTOS/Source/tasks.o
 .bss.uxPendedTicks
                0x0000000020000e4c        0x4 Middlewares/Third_Party/FreeRTOS/Source/tasks.o
 .bss.xYieldPending
                0x0000000020000e50        0x4 Middlewares/Third_Party/FreeRTOS/Source/tasks.o
 .bss.xNumOfOverflows
                0x0000000020000e54        0x4 Middlewares/Third_Party/FreeRTOS/Source/tasks.o
 .bss.uxTaskNumber
                0x0000000020000e58        0x4 Middlewares/Third_Party/FreeRTOS/Source/tasks.o
 .bss.xNextTaskUnblockTime
                0x0000000020000e5c        0x4 Middlewares/Third_Party/FreeRTOS/Source/tasks.o
 .bss.xIdleTaskHandle
                0x0000000020000e60        0x4 Middlewares/Third_Party/FreeRTOS/Source/tasks.o
 .bss.uxSchedulerSuspended
                0x0000000020000e64        0x4 Middlewares/Third_Party/FreeRTOS/Source/tasks.o
 .bss.xActiveTimerList1
                0x0000000020000e68       0x14 Middlewares/Third_Party/FreeRTOS/Source/timers.o
 .bss.xActiveTimerList2
                0x0000000020000e7c       0x14 Middlewares/Third_Party/FreeRTOS/Source/timers.o
 .bss.pxCurrentTimerList
                0x0000000020000e90        0x4 Middlewares/Third_Party/FreeRTOS/Source/timers.o
 .bss.pxOverflowTimerList
                0x0000000020000e94        0x4 Middlewares/Third_Party/FreeRTOS/Source/timers.o
 .bss.xTimerQueue
                0x0000000020000e98        0x4 Middlewares/Third_Party/FreeRTOS/Source/timers.o
 .bss.xTimerTaskHandle
                0x0000000020000e9c        0x4 Middlewares/Third_Party/FreeRTOS/Source/timers.o
 .bss.xLastTime.5526
                0x0000000020000ea0        0x4 Middlewares/Third_Party/FreeRTOS/Source/timers.o
 .bss.ucStaticTimerQueueStorage.5577
                0x0000000020000ea4       0xa0 Middlewares/Third_Party/FreeRTOS/Source/timers.o
 .bss.xStaticTimerQueue.5576
                0x0000000020000f44       0x50 Middlewares/Third_Party/FreeRTOS/Source/timers.o
 .bss.ucMaxSysCallPriority
                0x0000000020000f94        0x1 Middlewares/Third_Party/FreeRTOS/Source/portable/GCC/ARM_CM3/port.o
 *fill*         0x0000000020000f95        0x3 
 .bss.ulMaxPRIGROUPValue
                0x0000000020000f98        0x4 Middlewares/Third_Party/FreeRTOS/Source/portable/GCC/ARM_CM3/port.o
 .bss.ucHeap    0x0000000020000f9c      0xc00 Middlewares/Third_Party/FreeRTOS/Source/portable/MemMang/heap_4.o
 .bss.xStart    0x0000000020001b9c        0x8 Middlewares/Third_Party/FreeRTOS/Source/portable/MemMang/heap_4.o
 .bss.pxEnd     0x0000000020001ba4        0x4 Middlewares/Third_Party/FreeRTOS/Source/portable/MemMang/heap_4.o
 .bss.xFreeBytesRemaining
                0x0000000020001ba8        0x4 Middlewares/Third_Party/FreeRTOS/Source/portable/MemMang/heap_4.o
 .bss.xMinimumEverFreeBytesRemaining
                0x0000000020001bac        0x4 Middlewares/Third_Party/FreeRTOS/Source/portable/MemMang/heap_4.o
 .bss.xBlockAllocatedBit
                0x0000000020001bb0        0x4 Middlewares/Third_Party/FreeRTOS/Source/portable/MemMang/heap_4.o
 .bss.mem.7760  0x0000000020001bb4       0x14 USB_DEVICE/Target/usbd_conf.o
 *(COMMON)
 COMMON         0x0000000020001bc8       0x14 Core/Src/main.o
                0x0000000020001bc8                defaultTaskHandle
                0x0000000020001bcc                kbdHMIeventHandle
                0x0000000020001bd0                keyboardRecordQueueHandle
                0x0000000020001bd4                processRecordHandle
                0x0000000020001bd8                kbdMatrixReadHandle
 COMMON         0x0000000020001bdc        0x4 Core/Src/processRecord/processRecord.o
                0x0000000020001bdc                globalState
 COMMON         0x0000000020001be0        0x4 Drivers/STM32F1xx_HAL_Driver/Src/stm32f1xx_hal.o
                0x0000000020001be0                uwTick
 COMMON         0x0000000020001be4       0x40 Middlewares/Third_Party/FreeRTOS/Source/queue.o
                0x0000000020001be4                xQueueRegistry
 COMMON         0x0000000020001c24      0x2c4 USB_DEVICE/App/usb_device.o
                0x0000000020001c24                hUsbDeviceFS
 COMMON         0x0000000020001ee8      0x200 USB_DEVICE/App/usbd_desc.o
                0x0000000020001ee8                USBD_StrDesc
 COMMON         0x00000000200020e8      0x2ec USB_DEVICE/Target/usbd_conf.o
                0x00000000200020e8                hpcd_USB_FS
                0x00000000200023d4                . = ALIGN (0x4)
                0x00000000200023d4                _ebss = .
                0x00000000200023d4                __bss_end__ = _ebss

._user_heap_stack
                0x00000000200023d4      0x604 load address 0x000000000800aed0
                0x00000000200023d8                . = ALIGN (0x8)
 *fill*         0x00000000200023d4        0x4 
                [!provide]                        PROVIDE (end = .)
                0x00000000200023d8                PROVIDE (_end = .)
                0x00000000200025d8                . = (. + _Min_Heap_Size)
 *fill*         0x00000000200023d8      0x200 
                0x00000000200029d8                . = (. + _Min_Stack_Size)
 *fill*         0x00000000200025d8      0x400 
                0x00000000200029d8                . = ALIGN (0x8)

/DISCARD/
 libc.a(*)
 libm.a(*)
 libgcc.a(*)

.ARM.attributes
                0x0000000000000000       0x29
 *(.ARM.attributes)
 .ARM.attributes
                0x0000000000000000       0x1d c:/st/stm32cubeide_1.6.1/stm32cubeide/plugins/com.st.stm32cube.ide.mcu.externaltools.gnu-tools-for-stm32.9-2020-q2-update.win32_1.5.0.202011040924/tools/bin/../lib/gcc/arm-none-eabi/9.3.1/thumb/v7-m/nofp/crti.o
 .ARM.attributes
                0x000000000000001d       0x2d c:/st/stm32cubeide_1.6.1/stm32cubeide/plugins/com.st.stm32cube.ide.mcu.externaltools.gnu-tools-for-stm32.9-2020-q2-update.win32_1.5.0.202011040924/tools/bin/../lib/gcc/arm-none-eabi/9.3.1/thumb/v7-m/nofp/crtbegin.o
 .ARM.attributes
                0x000000000000004a       0x2d Core/Src/main.o
 .ARM.attributes
                0x0000000000000077       0x2d Core/Src/stm32f1xx_hal_msp.o
 .ARM.attributes
                0x00000000000000a4       0x2d Core/Src/stm32f1xx_it.o
 .ARM.attributes
                0x00000000000000d1       0x2d Core/Src/system_stm32f1xx.o
 .ARM.attributes
                0x00000000000000fe       0x2d Core/Src/kbdMatrixRead/kbdRecord.o
 .ARM.attributes
                0x000000000000012b       0x2d Core/Src/kbdMatrixRead/matrixRead.o
 .ARM.attributes
                0x0000000000000158       0x2d Core/Src/processRecord/processRecord.o
 .ARM.attributes
                0x0000000000000185       0x21 Core/Startup/startup_stm32f103c8tx.o
 .ARM.attributes
                0x00000000000001a6       0x2d Drivers/STM32F1xx_HAL_Driver/Src/stm32f1xx_hal.o
 .ARM.attributes
                0x00000000000001d3       0x2d Drivers/STM32F1xx_HAL_Driver/Src/stm32f1xx_hal_cortex.o
 .ARM.attributes
                0x0000000000000200       0x2d Drivers/STM32F1xx_HAL_Driver/Src/stm32f1xx_hal_gpio.o
 .ARM.attributes
                0x000000000000022d       0x2d Drivers/STM32F1xx_HAL_Driver/Src/stm32f1xx_hal_pcd.o
 .ARM.attributes
                0x000000000000025a       0x2d Drivers/STM32F1xx_HAL_Driver/Src/stm32f1xx_hal_pcd_ex.o
 .ARM.attributes
                0x0000000000000287       0x2d Drivers/STM32F1xx_HAL_Driver/Src/stm32f1xx_hal_rcc.o
 .ARM.attributes
                0x00000000000002b4       0x2d Drivers/STM32F1xx_HAL_Driver/Src/stm32f1xx_hal_rcc_ex.o
 .ARM.attributes
                0x00000000000002e1       0x2d Drivers/STM32F1xx_HAL_Driver/Src/stm32f1xx_ll_usb.o
 .ARM.attributes
                0x000000000000030e       0x2d Middlewares/ST/STM32_USB_Device_Library/Class/HID/Src/usbd_hid.o
 .ARM.attributes
                0x000000000000033b       0x2d Middlewares/ST/STM32_USB_Device_Library/Core/Src/usbd_core.o
 .ARM.attributes
                0x0000000000000368       0x2d Middlewares/ST/STM32_USB_Device_Library/Core/Src/usbd_ctlreq.o
 .ARM.attributes
                0x0000000000000395       0x2d Middlewares/ST/STM32_USB_Device_Library/Core/Src/usbd_ioreq.o
 .ARM.attributes
                0x00000000000003c2       0x2d Middlewares/Third_Party/FreeRTOS/Source/CMSIS_RTOS_V2/cmsis_os2.o
 .ARM.attributes
                0x00000000000003ef       0x2d Middlewares/Third_Party/FreeRTOS/Source/event_groups.o
 .ARM.attributes
                0x000000000000041c       0x2d Middlewares/Third_Party/FreeRTOS/Source/list.o
 .ARM.attributes
                0x0000000000000449       0x2d Middlewares/Third_Party/FreeRTOS/Source/queue.o
 .ARM.attributes
                0x0000000000000476       0x2d Middlewares/Third_Party/FreeRTOS/Source/tasks.o
 .ARM.attributes
                0x00000000000004a3       0x2d Middlewares/Third_Party/FreeRTOS/Source/timers.o
 .ARM.attributes
                0x00000000000004d0       0x2d Middlewares/Third_Party/FreeRTOS/Source/portable/GCC/ARM_CM3/port.o
 .ARM.attributes
                0x00000000000004fd       0x2d Middlewares/Third_Party/FreeRTOS/Source/portable/MemMang/heap_4.o
 .ARM.attributes
                0x000000000000052a       0x2d USB_DEVICE/App/usb_device.o
 .ARM.attributes
                0x0000000000000557       0x2d USB_DEVICE/App/usbd_desc.o
 .ARM.attributes
                0x0000000000000584       0x2d USB_DEVICE/Target/usbd_conf.o
 .ARM.attributes
                0x00000000000005b1       0x2d c:/st/stm32cubeide_1.6.1/stm32cubeide/plugins/com.st.stm32cube.ide.mcu.externaltools.gnu-tools-for-stm32.9-2020-q2-update.win32_1.5.0.202011040924/tools/bin/../lib/gcc/arm-none-eabi/9.3.1/../../../../arm-none-eabi/lib/thumb/v7-m/nofp\libc_nano.a(lib_a-init.o)
 .ARM.attributes
                0x00000000000005de       0x2d c:/st/stm32cubeide_1.6.1/stm32cubeide/plugins/com.st.stm32cube.ide.mcu.externaltools.gnu-tools-for-stm32.9-2020-q2-update.win32_1.5.0.202011040924/tools/bin/../lib/gcc/arm-none-eabi/9.3.1/../../../../arm-none-eabi/lib/thumb/v7-m/nofp\libc_nano.a(lib_a-memcpy-stub.o)
 .ARM.attributes
                0x000000000000060b       0x2d c:/st/stm32cubeide_1.6.1/stm32cubeide/plugins/com.st.stm32cube.ide.mcu.externaltools.gnu-tools-for-stm32.9-2020-q2-update.win32_1.5.0.202011040924/tools/bin/../lib/gcc/arm-none-eabi/9.3.1/../../../../arm-none-eabi/lib/thumb/v7-m/nofp\libc_nano.a(lib_a-memset.o)
 .ARM.attributes
                0x0000000000000638       0x1d c:/st/stm32cubeide_1.6.1/stm32cubeide/plugins/com.st.stm32cube.ide.mcu.externaltools.gnu-tools-for-stm32.9-2020-q2-update.win32_1.5.0.202011040924/tools/bin/../lib/gcc/arm-none-eabi/9.3.1/thumb/v7-m/nofp/crtn.o
OUTPUT(PlagueKBD.elf elf32-littlearm)
LOAD linker stubs
LOAD c:/st/stm32cubeide_1.6.1/stm32cubeide/plugins/com.st.stm32cube.ide.mcu.externaltools.gnu-tools-for-stm32.9-2020-q2-update.win32_1.5.0.202011040924/tools/bin/../lib/gcc/arm-none-eabi/9.3.1/../../../../arm-none-eabi/lib/thumb/v7-m/nofp\libc.a
LOAD c:/st/stm32cubeide_1.6.1/stm32cubeide/plugins/com.st.stm32cube.ide.mcu.externaltools.gnu-tools-for-stm32.9-2020-q2-update.win32_1.5.0.202011040924/tools/bin/../lib/gcc/arm-none-eabi/9.3.1/../../../../arm-none-eabi/lib/thumb/v7-m/nofp\libm.a
LOAD c:/st/stm32cubeide_1.6.1/stm32cubeide/plugins/com.st.stm32cube.ide.mcu.externaltools.gnu-tools-for-stm32.9-2020-q2-update.win32_1.5.0.202011040924/tools/bin/../lib/gcc/arm-none-eabi/9.3.1/thumb/v7-m/nofp\libgcc.a

.debug_info     0x0000000000000000    0x1ef37
 .debug_info    0x0000000000000000     0x12fe Core/Src/main.o
 .debug_info    0x00000000000012fe      0x443 Core/Src/stm32f1xx_hal_msp.o
 .debug_info    0x0000000000001741      0x700 Core/Src/stm32f1xx_it.o
 .debug_info    0x0000000000001e41      0x2be Core/Src/system_stm32f1xx.o
 .debug_info    0x00000000000020ff      0x4c4 Core/Src/kbdMatrixRead/kbdRecord.o
 .debug_info    0x00000000000025c3      0x3d6 Core/Src/kbdMatrixRead/matrixRead.o
 .debug_info    0x0000000000002999     0x110b Core/Src/processRecord/processRecord.o
 .debug_info    0x0000000000003aa4       0x22 Core/Startup/startup_stm32f103c8tx.o
 .debug_info    0x0000000000003ac6      0x76a Drivers/STM32F1xx_HAL_Driver/Src/stm32f1xx_hal.o
 .debug_info    0x0000000000004230      0xbdc Drivers/STM32F1xx_HAL_Driver/Src/stm32f1xx_hal_cortex.o
 .debug_info    0x0000000000004e0c      0x701 Drivers/STM32F1xx_HAL_Driver/Src/stm32f1xx_hal_gpio.o
 .debug_info    0x000000000000550d     0x1332 Drivers/STM32F1xx_HAL_Driver/Src/stm32f1xx_hal_pcd.o
 .debug_info    0x000000000000683f      0x7fa Drivers/STM32F1xx_HAL_Driver/Src/stm32f1xx_hal_pcd_ex.o
 .debug_info    0x0000000000007039      0x88e Drivers/STM32F1xx_HAL_Driver/Src/stm32f1xx_hal_rcc.o
 .debug_info    0x00000000000078c7      0x480 Drivers/STM32F1xx_HAL_Driver/Src/stm32f1xx_hal_rcc_ex.o
 .debug_info    0x0000000000007d47     0x1911 Drivers/STM32F1xx_HAL_Driver/Src/stm32f1xx_ll_usb.o
 .debug_info    0x0000000000009658     0x1273 Middlewares/ST/STM32_USB_Device_Library/Class/HID/Src/usbd_hid.o
 .debug_info    0x000000000000a8cb     0x12ef Middlewares/ST/STM32_USB_Device_Library/Core/Src/usbd_core.o
 .debug_info    0x000000000000bbba     0x125c Middlewares/ST/STM32_USB_Device_Library/Core/Src/usbd_ctlreq.o
 .debug_info    0x000000000000ce16     0x102e Middlewares/ST/STM32_USB_Device_Library/Core/Src/usbd_ioreq.o
 .debug_info    0x000000000000de44     0x3cd3 Middlewares/Third_Party/FreeRTOS/Source/CMSIS_RTOS_V2/cmsis_os2.o
 .debug_info    0x0000000000011b17     0x13f8 Middlewares/Third_Party/FreeRTOS/Source/event_groups.o
 .debug_info    0x0000000000012f0f      0xb7c Middlewares/Third_Party/FreeRTOS/Source/list.o
 .debug_info    0x0000000000013a8b     0x22de Middlewares/Third_Party/FreeRTOS/Source/queue.o
 .debug_info    0x0000000000015d69     0x29ae Middlewares/Third_Party/FreeRTOS/Source/tasks.o
 .debug_info    0x0000000000018717     0x1afb Middlewares/Third_Party/FreeRTOS/Source/timers.o
 .debug_info    0x000000000001a212      0x4a1 Middlewares/Third_Party/FreeRTOS/Source/portable/GCC/ARM_CM3/port.o
 .debug_info    0x000000000001a6b3      0xc77 Middlewares/Third_Party/FreeRTOS/Source/portable/MemMang/heap_4.o
 .debug_info    0x000000000001b32a      0xeaf USB_DEVICE/App/usb_device.o
 .debug_info    0x000000000001c1d9      0xde8 USB_DEVICE/App/usbd_desc.o
 .debug_info    0x000000000001cfc1     0x1f76 USB_DEVICE/Target/usbd_conf.o

.debug_abbrev   0x0000000000000000     0x4844
 .debug_abbrev  0x0000000000000000      0x30b Core/Src/main.o
 .debug_abbrev  0x000000000000030b      0x126 Core/Src/stm32f1xx_hal_msp.o
 .debug_abbrev  0x0000000000000431      0x173 Core/Src/stm32f1xx_it.o
 .debug_abbrev  0x00000000000005a4      0x14e Core/Src/system_stm32f1xx.o
 .debug_abbrev  0x00000000000006f2      0x1be Core/Src/kbdMatrixRead/kbdRecord.o
 .debug_abbrev  0x00000000000008b0      0x1a4 Core/Src/kbdMatrixRead/matrixRead.o
 .debug_abbrev  0x0000000000000a54      0x23b Core/Src/processRecord/processRecord.o
 .debug_abbrev  0x0000000000000c8f       0x12 Core/Startup/startup_stm32f103c8tx.o
 .debug_abbrev  0x0000000000000ca1      0x1ed Drivers/STM32F1xx_HAL_Driver/Src/stm32f1xx_hal.o
 .debug_abbrev  0x0000000000000e8e      0x313 Drivers/STM32F1xx_HAL_Driver/Src/stm32f1xx_hal_cortex.o
 .debug_abbrev  0x00000000000011a1      0x1e8 Drivers/STM32F1xx_HAL_Driver/Src/stm32f1xx_hal_gpio.o
 .debug_abbrev  0x0000000000001389      0x29e Drivers/STM32F1xx_HAL_Driver/Src/stm32f1xx_hal_pcd.o
 .debug_abbrev  0x0000000000001627      0x1ac Drivers/STM32F1xx_HAL_Driver/Src/stm32f1xx_hal_pcd_ex.o
 .debug_abbrev  0x00000000000017d3      0x273 Drivers/STM32F1xx_HAL_Driver/Src/stm32f1xx_hal_rcc.o
 .debug_abbrev  0x0000000000001a46      0x193 Drivers/STM32F1xx_HAL_Driver/Src/stm32f1xx_hal_rcc_ex.o
 .debug_abbrev  0x0000000000001bd9      0x1fa Drivers/STM32F1xx_HAL_Driver/Src/stm32f1xx_ll_usb.o
 .debug_abbrev  0x0000000000001dd3      0x2b7 Middlewares/ST/STM32_USB_Device_Library/Class/HID/Src/usbd_hid.o
 .debug_abbrev  0x000000000000208a      0x2a8 Middlewares/ST/STM32_USB_Device_Library/Core/Src/usbd_core.o
 .debug_abbrev  0x0000000000002332      0x2de Middlewares/ST/STM32_USB_Device_Library/Core/Src/usbd_ctlreq.o
 .debug_abbrev  0x0000000000002610      0x20a Middlewares/ST/STM32_USB_Device_Library/Core/Src/usbd_ioreq.o
 .debug_abbrev  0x000000000000281a      0x3ed Middlewares/Third_Party/FreeRTOS/Source/CMSIS_RTOS_V2/cmsis_os2.o
 .debug_abbrev  0x0000000000002c07      0x32f Middlewares/Third_Party/FreeRTOS/Source/event_groups.o
 .debug_abbrev  0x0000000000002f36      0x1f7 Middlewares/Third_Party/FreeRTOS/Source/list.o
 .debug_abbrev  0x000000000000312d      0x3a2 Middlewares/Third_Party/FreeRTOS/Source/queue.o
 .debug_abbrev  0x00000000000034cf      0x39a Middlewares/Third_Party/FreeRTOS/Source/tasks.o
 .debug_abbrev  0x0000000000003869      0x317 Middlewares/Third_Party/FreeRTOS/Source/timers.o
 .debug_abbrev  0x0000000000003b80      0x22f Middlewares/Third_Party/FreeRTOS/Source/portable/GCC/ARM_CM3/port.o
 .debug_abbrev  0x0000000000003daf      0x2d3 Middlewares/Third_Party/FreeRTOS/Source/portable/MemMang/heap_4.o
 .debug_abbrev  0x0000000000004082      0x1db USB_DEVICE/App/usb_device.o
 .debug_abbrev  0x000000000000425d      0x2ca USB_DEVICE/App/usbd_desc.o
 .debug_abbrev  0x0000000000004527      0x31d USB_DEVICE/Target/usbd_conf.o

.debug_aranges  0x0000000000000000     0x1290
 .debug_aranges
                0x0000000000000000       0x60 Core/Src/main.o
 .debug_aranges
                0x0000000000000060       0x20 Core/Src/stm32f1xx_hal_msp.o
 .debug_aranges
                0x0000000000000080       0x58 Core/Src/stm32f1xx_it.o
 .debug_aranges
                0x00000000000000d8       0x28 Core/Src/system_stm32f1xx.o
 .debug_aranges
                0x0000000000000100       0x30 Core/Src/kbdMatrixRead/kbdRecord.o
 .debug_aranges
                0x0000000000000130       0x40 Core/Src/kbdMatrixRead/matrixRead.o
 .debug_aranges
                0x0000000000000170       0x20 Core/Src/processRecord/processRecord.o
 .debug_aranges
                0x0000000000000190       0x28 Core/Startup/startup_stm32f103c8tx.o
 .debug_aranges
                0x00000000000001b8       0xe0 Drivers/STM32F1xx_HAL_Driver/Src/stm32f1xx_hal.o
 .debug_aranges
                0x0000000000000298      0x100 Drivers/STM32F1xx_HAL_Driver/Src/stm32f1xx_hal_cortex.o
 .debug_aranges
                0x0000000000000398       0x58 Drivers/STM32F1xx_HAL_Driver/Src/stm32f1xx_hal_gpio.o
 .debug_aranges
                0x00000000000003f0      0x138 Drivers/STM32F1xx_HAL_Driver/Src/stm32f1xx_hal_pcd.o
 .debug_aranges
                0x0000000000000528       0x38 Drivers/STM32F1xx_HAL_Driver/Src/stm32f1xx_hal_pcd_ex.o
 .debug_aranges
                0x0000000000000560       0x90 Drivers/STM32F1xx_HAL_Driver/Src/stm32f1xx_hal_rcc.o
 .debug_aranges
                0x00000000000005f0       0x30 Drivers/STM32F1xx_HAL_Driver/Src/stm32f1xx_hal_rcc_ex.o
 .debug_aranges
                0x0000000000000620       0xf0 Drivers/STM32F1xx_HAL_Driver/Src/stm32f1xx_ll_usb.o
 .debug_aranges
                0x0000000000000710       0x68 Middlewares/ST/STM32_USB_Device_Library/Class/HID/Src/usbd_hid.o
 .debug_aranges
                0x0000000000000778       0xb8 Middlewares/ST/STM32_USB_Device_Library/Core/Src/usbd_core.o
 .debug_aranges
                0x0000000000000830       0x88 Middlewares/ST/STM32_USB_Device_Library/Core/Src/usbd_ctlreq.o
 .debug_aranges
                0x00000000000008b8       0x50 Middlewares/ST/STM32_USB_Device_Library/Core/Src/usbd_ioreq.o
 .debug_aranges
                0x0000000000000908      0x228 Middlewares/Third_Party/FreeRTOS/Source/CMSIS_RTOS_V2/cmsis_os2.o
 .debug_aranges
                0x0000000000000b30       0x90 Middlewares/Third_Party/FreeRTOS/Source/event_groups.o
 .debug_aranges
                0x0000000000000bc0       0x40 Middlewares/Third_Party/FreeRTOS/Source/list.o
 .debug_aranges
                0x0000000000000c00      0x158 Middlewares/Third_Party/FreeRTOS/Source/queue.o
 .debug_aranges
                0x0000000000000d58      0x1f8 Middlewares/Third_Party/FreeRTOS/Source/tasks.o
 .debug_aranges
                0x0000000000000f50       0xe0 Middlewares/Third_Party/FreeRTOS/Source/timers.o
 .debug_aranges
                0x0000000000001030       0x78 Middlewares/Third_Party/FreeRTOS/Source/portable/GCC/ARM_CM3/port.o
 .debug_aranges
                0x00000000000010a8       0x50 Middlewares/Third_Party/FreeRTOS/Source/portable/MemMang/heap_4.o
 .debug_aranges
                0x00000000000010f8       0x20 USB_DEVICE/App/usb_device.o
 .debug_aranges
                0x0000000000001118       0x60 USB_DEVICE/App/usbd_desc.o
 .debug_aranges
                0x0000000000001178      0x118 USB_DEVICE/Target/usbd_conf.o

.debug_ranges   0x0000000000000000     0x10a8
 .debug_ranges  0x0000000000000000       0x50 Core/Src/main.o
 .debug_ranges  0x0000000000000050       0x10 Core/Src/stm32f1xx_hal_msp.o
 .debug_ranges  0x0000000000000060       0x48 Core/Src/stm32f1xx_it.o
 .debug_ranges  0x00000000000000a8       0x18 Core/Src/system_stm32f1xx.o
 .debug_ranges  0x00000000000000c0       0x20 Core/Src/kbdMatrixRead/kbdRecord.o
 .debug_ranges  0x00000000000000e0       0x30 Core/Src/kbdMatrixRead/matrixRead.o
 .debug_ranges  0x0000000000000110       0x10 Core/Src/processRecord/processRecord.o
 .debug_ranges  0x0000000000000120       0x20 Core/Startup/startup_stm32f103c8tx.o
 .debug_ranges  0x0000000000000140       0xd0 Drivers/STM32F1xx_HAL_Driver/Src/stm32f1xx_hal.o
 .debug_ranges  0x0000000000000210       0xf0 Drivers/STM32F1xx_HAL_Driver/Src/stm32f1xx_hal_cortex.o
 .debug_ranges  0x0000000000000300       0x48 Drivers/STM32F1xx_HAL_Driver/Src/stm32f1xx_hal_gpio.o
 .debug_ranges  0x0000000000000348      0x128 Drivers/STM32F1xx_HAL_Driver/Src/stm32f1xx_hal_pcd.o
 .debug_ranges  0x0000000000000470       0x28 Drivers/STM32F1xx_HAL_Driver/Src/stm32f1xx_hal_pcd_ex.o
 .debug_ranges  0x0000000000000498       0x80 Drivers/STM32F1xx_HAL_Driver/Src/stm32f1xx_hal_rcc.o
 .debug_ranges  0x0000000000000518       0x20 Drivers/STM32F1xx_HAL_Driver/Src/stm32f1xx_hal_rcc_ex.o
 .debug_ranges  0x0000000000000538       0xe0 Drivers/STM32F1xx_HAL_Driver/Src/stm32f1xx_ll_usb.o
 .debug_ranges  0x0000000000000618       0x58 Middlewares/ST/STM32_USB_Device_Library/Class/HID/Src/usbd_hid.o
 .debug_ranges  0x0000000000000670       0xa8 Middlewares/ST/STM32_USB_Device_Library/Core/Src/usbd_core.o
 .debug_ranges  0x0000000000000718       0x78 Middlewares/ST/STM32_USB_Device_Library/Core/Src/usbd_ctlreq.o
 .debug_ranges  0x0000000000000790       0x40 Middlewares/ST/STM32_USB_Device_Library/Core/Src/usbd_ioreq.o
 .debug_ranges  0x00000000000007d0      0x218 Middlewares/Third_Party/FreeRTOS/Source/CMSIS_RTOS_V2/cmsis_os2.o
 .debug_ranges  0x00000000000009e8       0x80 Middlewares/Third_Party/FreeRTOS/Source/event_groups.o
 .debug_ranges  0x0000000000000a68       0x30 Middlewares/Third_Party/FreeRTOS/Source/list.o
 .debug_ranges  0x0000000000000a98      0x148 Middlewares/Third_Party/FreeRTOS/Source/queue.o
 .debug_ranges  0x0000000000000be0      0x1e8 Middlewares/Third_Party/FreeRTOS/Source/tasks.o
 .debug_ranges  0x0000000000000dc8       0xd0 Middlewares/Third_Party/FreeRTOS/Source/timers.o
 .debug_ranges  0x0000000000000e98       0x68 Middlewares/Third_Party/FreeRTOS/Source/portable/GCC/ARM_CM3/port.o
 .debug_ranges  0x0000000000000f00       0x40 Middlewares/Third_Party/FreeRTOS/Source/portable/MemMang/heap_4.o
 .debug_ranges  0x0000000000000f40       0x10 USB_DEVICE/App/usb_device.o
 .debug_ranges  0x0000000000000f50       0x50 USB_DEVICE/App/usbd_desc.o
 .debug_ranges  0x0000000000000fa0      0x108 USB_DEVICE/Target/usbd_conf.o

.debug_macro    0x0000000000000000     0x63c4
 .debug_macro   0x0000000000000000      0x443 Core/Src/main.o
 .debug_macro   0x0000000000000443       0x5b Core/Src/main.o
 .debug_macro   0x000000000000049e       0x74 Core/Src/main.o
 .debug_macro   0x0000000000000512      0x11c Core/Src/main.o
 .debug_macro   0x000000000000062e       0xdd Core/Src/main.o
 .debug_macro   0x000000000000070b       0x52 Core/Src/main.o
 .debug_macro   0x000000000000075d       0x18 Core/Src/main.o
 .debug_macro   0x0000000000000775       0x3c Core/Src/main.o
 .debug_macro   0x00000000000007b1       0x34 Core/Src/main.o
 .debug_macro   0x00000000000007e5       0x16 Core/Src/main.o
 .debug_macro   0x00000000000007fb       0x35 Core/Src/main.o
 .debug_macro   0x0000000000000830      0x333 Core/Src/main.o
 .debug_macro   0x0000000000000b63       0x10 Core/Src/main.o
 .debug_macro   0x0000000000000b73       0x16 Core/Src/main.o
 .debug_macro   0x0000000000000b89       0x43 Core/Src/main.o
 .debug_macro   0x0000000000000bcc       0x34 Core/Src/main.o
 .debug_macro   0x0000000000000c00       0x10 Core/Src/main.o
 .debug_macro   0x0000000000000c10       0x58 Core/Src/main.o
 .debug_macro   0x0000000000000c68       0x71 Core/Src/main.o
 .debug_macro   0x0000000000000cd9       0x1c Core/Src/main.o
 .debug_macro   0x0000000000000cf5      0x12a Core/Src/main.o
 .debug_macro   0x0000000000000e1f       0x10 Core/Src/main.o
 .debug_macro   0x0000000000000e2f       0x1c Core/Src/main.o
 .debug_macro   0x0000000000000e4b       0x52 Core/Src/main.o